pattern=vpu_pwr|mdw_wait_cmd|request (D2D_EXT) timeout|mdw_sched_trace|mdw_usr_destroy|residual cmd|residual mem|mdw_cmd_done|devapc|iommu|Unable to handle kernel|BUG|KASAN|Oops|panic|apusys|vpu
source=adb logcat -b kernel or dmesg fallback

06-15 09:30:34.251  6120  6120 I (4)[6120:main]vpu 19030000.vpu_core0: vpu_map_sg_to_iova: sg_dma_address: size: 500000, mapped iova: 0x37de00000 (static alloc)
06-15 09:30:34.251   378   378 I (0)[378:apusys_vpu0]vpu_dev_boot_sequence: vpu0: ALTRESETVEC: 0x7da00000
06-15 09:30:36.249  5136  5136 I         : (4)[5136:kworker/4:1][name:spm&][SPM] MCUSYSOFF wake up by  R12_AFE_IRQ_MCU_B, timer_out = 235, r13 = 0x84000c80, debug_flag = 0xf8040000 0x40000002, r12 = 0x100000, r12_ext = 0x0, raw_sta = 0x0 0x0 0x0, idle_sta = 0x24163f3, req_sta =  0x15c00000 0x0 0x50000011 0x1f0fff 0xf, cg_check_sta =0x0, isr = 0x0, raw_ext_sta = 0xf85a55, wake_misc = 0x1f90000, pcm_flag = 0xc30502 0x0 0xc30102 0xc30102, req = 0x9b,  clk_settle = 0x60fe,
06-15 09:30:44.698  5136  5136 I         : (4)[5136:kworker/4:1][pmic_debug] Raw=689, T=36492
06-15 09:30:49.818  5136  5136 I         : (4)[5136:kworker/4:1][pmic_debug] Raw=690, T=35898
06-15 09:30:51.609  5136  5136 I         : (4)[5136:kworker/4:1][name:spm&][SPM] MCUSYSOFF wake up by  R12_AFE_IRQ_MCU_B, timer_out = 235, r13 = 0x84000c80, debug_flag = 0xf8040000 0x40000002, r12 = 0x100000, r12_ext = 0x0, raw_sta = 0x0 0x0 0x0, idle_sta = 0x24163f3, req_sta =  0x15c00000 0x0 0x50000011 0x1f0fff 0xf, cg_check_sta =0x0, isr = 0x0, raw_ext_sta = 0xf85a55, wake_misc = 0x1f90000, pcm_flag = 0xc30502 0x0 0xc30102 0xc30102, req = 0x9b,  clk_settle = 0x60fe,
06-15 09:30:54.938  5136  5136 I         : (4)[5136:kworker/4:1][pmic_debug] Raw=690, T=35898
06-15 09:30:59.033   378   378 I (0)[378:apusys_vpu0]: request (D2D_EXT) timeout, priority: 0, algo: apu_lib_apunn
06-15 09:30:59.036   378   378 I         : (0)[378:apusys_vpu0][apusys][error] mdw_sched_trace fail : pid(6120/6120) cmd(0x0/0xffffff801935d000-#0/1) dev(3/vpu-#0) mp(0x0/0/1/0x0) sched(0/0/0/0/0/0) mem(0/0/0x0/0x0) boost(0) time(9233261/9233343) ret(-110)
06-15 09:31:00.058  5136  5136 I         : (4)[5136:kworker/4:1][pmic_debug] Raw=690, T=35898
06-15 09:31:04.807  6120  6120 I         : (4)[6120:main][apusys][error] mdw_wait_cmd cmd(0xffffff801935d000) sc(0x1) fail
06-15 09:31:04.863   378   378 I (1)[378:apusys_vpu0]vpu 19030000.vpu_core0: vpu_map_sg_to_iova: sg_dma_address: size: 500000, mapped iova: 0x37de00000 (static alloc)
06-15 09:31:04.864   378   378 I (1)[378:apusys_vpu0]vpu_dev_boot_sequence: vpu0: ALTRESETVEC: 0x7da00000
06-15 09:31:05.178  5136  5136 I         : (4)[5136:kworker/4:1][pmic_debug] Raw=690, T=35898
06-15 09:31:13.881   378   378 I (5)[378:apusys_vpu0]: request (D2D_EXT) timeout, priority: 0, algo: apu_lib_apunn
06-15 09:31:13.882   378   378 I         : (5)[378:apusys_vpu0][apusys][error] mdw_sched_trace fail : pid(6120/6120) cmd(0x0/0xffffff80194b5000-#0/1) dev(3/vpu-#0) mp(0x0/0/1/0x0) sched(0/0/0/0/0/0) mem(0/0/0x0/0x0) boost(0) time(9014518/9048578) ret(-110)
06-15 09:31:15.418  5136  5136 I         : (4)[5136:kworker/4:1][pmic_debug] Raw=690, T=35898
06-15 09:31:16.959  5136  5136 I (4)[5136:kworker/4:1]wait_idle: vpu0: 5000 us: done_st: 0x0, pwaitmode: 0, info00: 0x0, info25: 0x0
06-15 09:31:16.959  5136  5136 I (4)[5136:kworker/4:1]vpu_pwr_off_locked: vpu0: not in idle state
06-15 09:31:22.329  5136  5136 I         : (4)[5136:kworker/4:1][name:spm&][SPM] MCUSYSOFF wake up by  R12_AFE_IRQ_MCU_B, timer_out = 235, r13 = 0x84000c80, debug_flag = 0xf8040000 0x40000002, r12 = 0x100000, r12_ext = 0x0, raw_sta = 0x0 0x0 0x0, idle_sta = 0x24163f3, req_sta =  0x15c00000 0x0 0x50000017 0x1f0fff 0xf, cg_check_sta =0x0, isr = 0x0, raw_ext_sta = 0xf85a55, wake_misc = 0x1f90000, pcm_flag = 0xc30502 0x0 0xc30102 0xc30102, req = 0x9b,  clk_settle = 0x60fe,
06-15 09:31:25.658  5136  5136 I         : (4)[5136:kworker/4:1][pmic_debug] Raw=690, T=35898
06-15 09:31:27.449  5136  5136 I         : (4)[5136:kworker/4:1][name:spm&][SPM] MCUSYSOFF wake up by  R12_AFE_IRQ_MCU_B, timer_out = 235, r13 = 0x8400ec90, debug_flag = 0xf8040000 0x40000002, r12 = 0x100000, r12_ext = 0x0, raw_sta = 0x0 0x0 0x0, idle_sta = 0x24163f3, req_sta =  0x15c3d000 0x0 0x50000017 0x1f0fff 0xf, cg_check_sta =0x0, isr = 0x0, raw_ext_sta = 0xf85a55, wake_misc = 0x1f90000, pcm_flag = 0xc30502 0x0 0xc30102 0xc30102, req = 0x9b,  clk_settle = 0x60fe,
06-15 09:31:28.954   378   378 I (0)[378:apusys_vpu0]vpu 19030000.vpu_core0: vpu_map_sg_to_iova: sg_dma_address: size: 500000, mapped iova: 0x37de00000 (static alloc)
06-15 09:31:30.778  5136  5136 I         : (4)[5136:kworker/4:1][pmic_debug] Raw=690, T=35898
06-15 09:31:32.569  5136  5136 I         : (4)[5136:kworker/4:1][name:spm&][SPM] MCUSYSOFF wake up by  R12_AFE_IRQ_MCU_B, timer_out = 235, r13 = 0x84000c80, debug_flag = 0xf8040000 0x40000002, r12 = 0x100000, r12_ext = 0x0, raw_sta = 0x0 0x0 0x0, idle_sta = 0x24163f3, req_sta =  0x15c00000 0x180000 0x50000017 0x1f0fff 0xf, cg_check_sta =0x0, isr = 0x0, raw_ext_sta = 0xf85a55, wake_misc = 0x1f90000, pcm_flag = 0xc30502 0x0 0xc30102 0xc30102, req = 0x9b,  clk_settle = 0x60fe,
06-15 09:31:37.689  5136  5136 I         : (4)[5136:kworker/4:1][name:spm&][SPM] MCUSYSOFF wake up by  R12_AFE_IRQ_MCU_B, timer_out = 235, r13 = 0x84000c80, debug_flag = 0xf8040000 0x40000002, r12 = 0x100000, r12_ext = 0x0, raw_sta = 0x0 0x0 0x0, idle_sta = 0x24163f3, req_sta =  0x15c00000 0x0 0x50000017 0x1f0fff 0xf, cg_check_sta =0x0, isr = 0x0, raw_ext_sta = 0xf85a55, wake_misc = 0x1f90000, pcm_flag = 0xc30502 0x0 0xc30102 0xc30102, req = 0x9b,  clk_settle = 0x60fe,
06-15 09:31:41.018  5136  5136 I         : (4)[5136:kworker/4:1][pmic_debug] Raw=690, T=35898
06-15 09:31:41.279 28227 28227 I (5)[28227:kworker/5:0]wait_idle: vpu0: 5000 us: done_st: 0x0, pwaitmode: 0, info00: 0x0, info25: 0x0
06-15 09:31:41.279 28227 28227 I (5)[28227:kworker/5:0]vpu_pwr_off_locked: vpu0: not in idle state
06-15 09:31:53.049  5136  5136 I         : (4)[5136:kworker/4:1][name:spm&][SPM] MCUSYSOFF wake up by  R12_AFE_IRQ_MCU_B, timer_out = 235, r13 = 0x84000c80, debug_flag = 0xf8040000 0x40000002, r12 = 0x100000, r12_ext = 0x0, raw_sta = 0x0 0x0 0x0, idle_sta = 0x24547f3, req_sta =  0x17c00000 0x180000 0x50000011 0x1f0fff 0xf, cg_check_sta =0x0, isr = 0x0, raw_ext_sta = 0xf84a55, wake_misc = 0x1f90000, pcm_flag = 0xc30502 0x0 0xc30102 0xc30102, req = 0x9b,  clk_settle = 0x60fe,
06-15 09:31:53.215  6120  6120 I         : (4)[6120:main][apusys][error] mdw_wait_cmd cmd(0xffffff801967d000) sc(0x1) fail
06-15 09:31:53.269   378   378 I (3)[378:apusys_vpu0]vpu_dev_boot_sequence: vpu0: ALTRESETVEC: 0x7da00000
06-15 09:31:58.169  5136  5136 I         : (4)[5136:kworker/4:1][name:spm&][SPM] MCUSYSOFF wake up by  R12_AFE_IRQ_MCU_B, timer_out = 235, r13 = 0x84000c80, debug_flag = 0xf8040000 0x40000002, r12 = 0x100000, r12_ext = 0x0, raw_sta = 0x0 0x0 0x0, idle_sta = 0x24143f3, req_sta =  0x17c00000 0x180000 0x50000011 0x1f0fff 0xf, cg_check_sta =0x0, isr = 0x0, raw_ext_sta = 0xf84a55, wake_misc = 0x1f90000, pcm_flag = 0xc30502 0x0 0xc30102 0xc30102, req = 0x9b,  clk_settle = 0x60fe,
06-15 09:32:02.521   378   378 I (3)[378:apusys_vpu0]: request (D2D_EXT) timeout, priority: 0, algo: apu_lib_apunn
06-15 09:32:02.524   378   378 I         : (3)[378:apusys_vpu0][apusys][error] mdw_sched_trace fail : pid(6120/6120) cmd(0x0/0xffffff8019715000-#0/1) dev(3/vpu-#0) mp(0x0/0/1/0x0) sched(0/0/0/0/0/0) mem(0/0/0x0/0x0) boost(0) time(9252133/9279048) ret(-110)
06-15 09:32:03.289  5136  5136 I         : (4)[5136:kworker/4:1][name:spm&][SPM] MCUSYSOFF wake up by  R12_AFE_IRQ_MCU_B, timer_out = 235, r13 = 0x84000c80, debug_flag = 0xf8040000 0x40000002, r12 = 0x100000, r12_ext = 0x0, raw_sta = 0x0 0x0 0x0, idle_sta = 0x24143f3, req_sta =  0x17c00000 0x0 0x50000011 0x1f0fff 0xf, cg_check_sta =0x0, isr = 0x0, raw_ext_sta = 0xf84a55, wake_misc = 0x1f90000, pcm_flag = 0xc30502 0x0 0xc30102 0xc30102, req = 0x9b,  clk_settle = 0x60fe,
06-15 09:32:08.409  5136  5136 I         : (4)[5136:kworker/4:1][name:spm&][SPM] MCUSYSOFF wake up by  R12_AFE_IRQ_MCU_B, timer_out = 235, r13 = 0x84000c80, debug_flag = 0xf8040000 0x40000002, r12 = 0x100000, r12_ext = 0x0, raw_sta = 0x0 0x0 0x0, idle_sta = 0x24163f3, req_sta =  0x15c00000 0x0 0x50000017 0x1f0fff 0xf, cg_check_sta =0x0, isr = 0x0, raw_ext_sta = 0xf85a55, wake_misc = 0x1f90000, pcm_flag = 0xc30502 0x0 0xc30102 0xc30102, req = 0x9b,  clk_settle = 0x60fe,
06-15 09:32:11.738  5136  5136 I         : (4)[5136:kworker/4:1][pmic_debug] Raw=690, T=35898
06-15 09:32:17.540  6120  6120 I         : (4)[6120:main][apusys][error] mdw_wait_cmd cmd(0xffffff8019715000) sc(0x1) fail
06-15 09:32:17.584  6120  6120 I (4)[6120:main]vpu 19030000.vpu_core0: vpu_map_sg_to_iova: sg_dma_address: size: 500000, mapped iova: 0x37de00000 (static alloc)
06-15 09:32:17.584   378   378 I (3)[378:apusys_vpu0]vpu_dev_boot_sequence: vpu0: ALTRESETVEC: 0x7da00000
06-15 09:32:18.649  5136  5136 I         : (4)[5136:kworker/4:1][name:spm&][SPM] MCUSYSOFF wake up by  R12_AFE_IRQ_MCU_B, timer_out = 235, r13 = 0x84000c80, debug_flag = 0xf8040000 0x40000002, r12 = 0x100000, r12_ext = 0x0, raw_sta = 0x0 0x0 0x0, idle_sta = 0x24143f3, req_sta =  0x17c00000 0x180000 0x50000011 0x1f0fff 0xf, cg_check_sta =0x0, isr = 0x0, raw_ext_sta = 0xf84a55, wake_misc = 0x1f90000, pcm_flag = 0xc30502 0x0 0xc30102 0xc30102, req = 0x9b,  clk_settle = 0x60fe,
06-15 09:32:23.769  5136  5136 I         : (4)[5136:kworker/4:1][name:spm&][SPM] MCUSYSOFF wake up by  R12_AFE_IRQ_MCU_B, timer_out = 235, r13 = 0x84000c80, debug_flag = 0xf8040000 0x40000002, r12 = 0x100000, r12_ext = 0x0, raw_sta = 0x0 0x0 0x0, idle_sta = 0x24163f3, req_sta =  0x15c00000 0x180000 0x7c000011 0x1f0fff 0xf, cg_check_sta =0x0, isr = 0x0, raw_ext_sta = 0xf85255, wake_misc = 0x1f90000, pcm_flag = 0xc30502 0x0 0xc30102 0xc30102, req = 0x9b,  clk_settle = 0x60fe,
06-15 09:32:32.642   378   378 I (0)[378:apusys_vpu0]vpu 19030000.vpu_core0: vpu_map_sg_to_iova: sg_dma_address: size: 500000, mapped iova: 0x37de00000 (static alloc)
06-15 09:32:32.643   378   378 I (0)[378:apusys_vpu0]vpu_dev_boot_sequence: vpu0: ALTRESETVEC: 0x7da00000
06-15 09:32:34.009  5136  5136 I         : (4)[5136:kworker/4:1][name:spm&][SPM] MCUSYSOFF wake up by  R12_AFE_IRQ_MCU_B, timer_out = 235, r13 = 0x84000c80, debug_flag = 0xf8040000 0x40000002, r12 = 0x100000, r12_ext = 0x0, raw_sta = 0x0 0x0 0x0, idle_sta = 0x24143f3, req_sta =  0x17c00000 0x0 0x50000017 0x1f0fff 0xf, cg_check_sta =0x0, isr = 0x0, raw_ext_sta = 0xf84a55, wake_misc = 0x1f90000, pcm_flag = 0xc30502 0x0 0xc30102 0xc30102, req = 0x9b,  clk_settle = 0x60fe,
06-15 09:32:42.458  5136  5136 I         : (4)[5136:kworker/4:1][pmic_debug] Raw=690, T=35898
06-15 09:32:44.767  5136  5136 I (4)[5136:kworker/4:1]vpu_pwr_off_locked: vpu0: not in idle state
06-15 09:32:49.369  5136  5136 I         : (4)[5136:kworker/4:1][name:spm&][SPM] MCUSYSOFF wake up by  R12_AFE_IRQ_MCU_B, timer_out = 235, r13 = 0x84000c80, debug_flag = 0xf8040000 0x40000002, r12 = 0x100000, r12_ext = 0x0, raw_sta = 0x0 0x0 0x0, idle_sta = 0x24163f3, req_sta =  0x15c00000 0x180000 0x50000017 0x1f0fff 0xf, cg_check_sta =0x0, isr = 0x0, raw_ext_sta = 0xf85a55, wake_misc = 0x1f90000, pcm_flag = 0xc30502 0x0 0xc30102 0xc30102, req = 0x9b,  clk_settle = 0x60fe,
06-15 09:32:52.698  5136  5136 I         : (4)[5136:kworker/4:1][pmic_debug] Raw=690, T=35898
06-15 09:32:54.489  5136  5136 I         : (4)[5136:kworker/4:1][name:spm&][SPM] MCUSYSOFF wake up by  R12_AFE_IRQ_MCU_B, timer_out = 235, r13 = 0x84000c80, debug_flag = 0xf8040000 0x40000002, r12 = 0x100000, r12_ext = 0x0, raw_sta = 0x0 0x0 0x0, idle_sta = 0x24143f3, req_sta =  0x17c00000 0x180000 0x50000011 0x1f0fff 0xf, cg_check_sta =0x0, isr = 0x0, raw_ext_sta = 0xf84a55, wake_misc = 0x1f90000, pcm_flag = 0xc30502 0x0 0xc30102 0xc30102, req = 0x9b,  clk_settle = 0x60fe,
06-15 09:32:56.706  6120  6120 I         : (4)[6120:main][apusys][error] mdw_wait_cmd cmd(0xffffff80198b5000) sc(0x1) fail
06-15 09:32:56.759   378   378 I (0)[378:apusys_vpu0]vpu 19030000.vpu_core0: vpu_map_sg_to_iova: sg_dma_address: size: 500000, mapped iova: 0x37de00000 (static alloc)
06-15 09:32:56.760   378   378 I (0)[378:apusys_vpu0]vpu_dev_boot_sequence: vpu0: ALTRESETVEC: 0x7da00000
06-15 09:33:02.938  5136  5136 I         : (4)[5136:kworker/4:1][pmic_debug] Raw=690, T=35898
06-15 09:33:04.729  5136  5136 I         : (4)[5136:kworker/4:1][name:spm&][SPM] MCUSYSOFF wake up by  R12_AFE_IRQ_MCU_B, timer_out = 235, r13 = 0x84000c80, debug_flag = 0xf8040000 0x40000002, r12 = 0x100000, r12_ext = 0x0, raw_sta = 0x0 0x0 0x0, idle_sta = 0x24163f3, req_sta =  0x15c00000 0x180000 0x7c000017 0x1f0fff 0xf, cg_check_sta =0x0, isr = 0x0, raw_ext_sta = 0xf85255, wake_misc = 0x1f90000, pcm_flag = 0xc30502 0x0 0xc30102 0xc30102, req = 0x9b,  clk_settle = 0x60fe,
06-15 09:33:06.017  6120  6120 I (5)[6120:main]vpu 19030000.vpu_core0: vpu_map_sg_to_iova: sg_dma_address: size: 500000, mapped iova: 0x37de00000 (static alloc)
06-15 09:33:09.849  5136  5136 I         : (4)[5136:kworker/4:1][name:spm&][SPM] MCUSYSOFF wake up by  R12_AFE_IRQ_MCU_B, timer_out = 235, r13 = 0x84000c80, debug_flag = 0xf8040000 0x40000002, r12 = 0x100000, r12_ext = 0x0, raw_sta = 0x0 0x0 0x0, idle_sta = 0x24563f3, req_sta =  0x15c00000 0x0 0x50000011 0x1f0fff 0xf, cg_check_sta =0x0, isr = 0x0, raw_ext_sta = 0xf85a55, wake_misc = 0x1f90000, pcm_flag = 0xc30502 0x0 0xc30102 0xc30102, req = 0x9b,  clk_settle = 0x60fe,
06-15 09:33:14.969  5136  5136 I         : (4)[5136:kworker/4:1][name:spm&][SPM] MCUSYSOFF wake up by  R12_AFE_IRQ_MCU_B, timer_out = 235, r13 = 0x8400ec90, debug_flag = 0xf8040000 0x40000002, r12 = 0x100000, r12_ext = 0x0, raw_sta = 0x0 0x0 0x0, idle_sta = 0x24163f3, req_sta =  0x15c3d000 0x0 0x50000011 0x1f0fff 0xf, cg_check_sta =0x0, isr = 0x0, raw_ext_sta = 0xf85a55, wake_misc = 0x1f90000, pcm_flag = 0xc30502 0x0 0xc30102 0xc30102, req = 0x9b,  clk_settle = 0x60fe,
06-15 09:33:18.298  5136  5136 I         : (4)[5136:kworker/4:1][pmic_debug] Raw=690, T=35898
06-15 09:33:28.538  5136  5136 I         : (4)[5136:kworker/4:1][pmic_debug] Raw=690, T=35898
06-15 09:33:30.338  6120  6120 I (4)[6120:main]vpu 19030000.vpu_core0: vpu_map_sg_to_iova: sg_dma_address: size: 500000, mapped iova: 0x37de00000 (static alloc)
06-15 09:33:43.898  6234  6234 I         : (4)[6234:kworker/4:0][pmic_debug] Raw=690, T=35898
06-15 09:33:45.345  6120  6120 I         : (4)[6120:main][apusys][error] mdw_wait_cmd cmd(0xffffff8019c45000) sc(0x1) fail
06-15 09:33:45.381  6120  6120 I (4)[6120:main]vpu 19030000.vpu_core0: vpu_map_sg_to_iova: sg_dma_address: size: 500000, mapped iova: 0x37de00000 (static alloc)
06-15 09:33:45.381   378   378 I (1)[378:apusys_vpu0]vpu_dev_boot_sequence: vpu0: ALTRESETVEC: 0x7da00000
06-15 09:33:45.689  6234  6234 I         : (4)[6234:kworker/4:0][name:spm&][SPM] MCUSYSOFF wake up by  R12_AFE_IRQ_MCU_B, timer_out = 235, r13 = 0x8400ec90, debug_flag = 0xf8040000 0x40000002, r12 = 0x100000, r12_ext = 0x0, raw_sta = 0x0 0x0 0x0, idle_sta = 0x24163f3, req_sta =  0x15c3d000 0x180000 0x50000017 0x1f0fff 0xf, cg_check_sta =0x0, isr = 0x0, raw_ext_sta = 0xf85a55, wake_misc = 0x1f90000, pcm_flag = 0xc30502 0x0 0xc30102 0xc30102, req = 0x9b,  clk_settle = 0x60fe,
06-15 09:33:50.809  6234  6234 I         : (4)[6234:kworker/4:0][name:spm&][SPM] MCUSYSOFF wake up by  R12_AFE_IRQ_MCU_B, timer_out = 235, r13 = 0x84000c80, debug_flag = 0xf8040000 0x40000002, r12 = 0x100000, r12_ext = 0x0, raw_sta = 0x0 0x0 0x0, idle_sta = 0x24163f3, req_sta =  0x15c00000 0x180000 0x50000017 0x1f0fff 0xf, cg_check_sta =0x0, isr = 0x0, raw_ext_sta = 0xf85a55, wake_misc = 0x1f90000, pcm_flag = 0xc30502 0x0 0xc30102 0xc30102, req = 0x9b,  clk_settle = 0x60fe,
06-15 09:33:54.138  6234  6234 I         : (4)[6234:kworker/4:0][pmic_debug] Raw=691, T=35303
06-15 09:33:55.929  6234  6234 I         : (4)[6234:kworker/4:0][name:spm&][SPM] MCUSYSOFF wake up by  R12_AFE_IRQ_MCU_B, timer_out = 235, r13 = 0x84000c80, debug_flag = 0xf8040000 0x40000002, r12 = 0x100000, r12_ext = 0x0, raw_sta = 0x0 0x0 0x0, idle_sta = 0x24163f3, req_sta =  0x15c00000 0x180000 0x50000017 0x1f0fff 0xf, cg_check_sta =0x0, isr = 0x0, raw_ext_sta = 0xf85a55, wake_misc = 0x1f90000, pcm_flag = 0xc30502 0x0 0xc30102 0xc30102, req = 0x9b,  clk_settle = 0x60fe,
06-15 09:33:59.258  6234  6234 I         : (4)[6234:kworker/4:0][pmic_debug] Raw=690, T=35898
06-15 09:34:00.432   378   378 I (2)[378:apusys_vpu0]vpu 19030000.vpu_core0: vpu_map_sg_to_iova: sg_dma_address: size: 500000, mapped iova: 0x37de00000 (static alloc)
06-15 09:34:04.378  6234  6234 I         : (4)[6234:kworker/4:0][pmic_debug] Raw=690, T=35898
06-15 09:34:14.618  6234  6234 I         : (4)[6234:kworker/4:0][pmic_debug] Raw=690, T=35898
06-15 09:34:16.409  6234  6234 I         : (4)[6234:kworker/4:0][name:spm&][SPM] MCUSYSOFF wake up by  R12_AFE_IRQ_MCU_B, timer_out = 235, r13 = 0x84000c80, debug_flag = 0xf8040000 0x40000002, r12 = 0x100000, r12_ext = 0x0, raw_sta = 0x0 0x0 0x0, idle_sta = 0x24163f3, req_sta =  0x15c00000 0x0 0x50000017 0x1f0fff 0xf, cg_check_sta =0x0, isr = 0x0, raw_ext_sta = 0xf85a55, wake_misc = 0x1f90000, pcm_flag = 0xc30502 0x0 0xc30102 0xc30102, req = 0x9b,  clk_settle = 0x60fe,
06-15 09:34:19.738  6234  6234 I         : (4)[6234:kworker/4:0][pmic_debug] Raw=690, T=35898
