pattern=dev_ctrl|devctl|mdw_usr_dev|mdw_rsc|vpu_send_cmd|request (D2D_EXT) timeout|mdw_sched_trace|mdw_wait_cmd|mdw_usr_destroy residual cmd|devapc|iommu|Unable to handle kernel|BUG|KASAN|vpu
source=adb logcat -b kernel or dmesg fallback

06-15 07:46:27.865 20251 20251 I (4)[20251:main]vpu 19030000.vpu_core0: vpu_map_sg_to_iova: sg_dma_address: size: 500000, mapped iova: 0x37de00000 (static alloc)
06-15 07:46:27.865   378   378 I (0)[378:apusys_vpu0]vpu_dev_boot_sequence: vpu0: ALTRESETVEC: 0x7da00000
06-15 07:46:34.969 19631 19631 I         : (4)[19631:kworker/4:0][name:spm&][SPM] MCUSYSOFF wake up by  R12_AFE_IRQ_MCU_B, timer_out = 235, r13 = 0x84000c80, debug_flag = 0xf8040000 0x40000002, r12 = 0x100000, r12_ext = 0x0, raw_sta = 0x0 0x0 0x0, idle_sta = 0x24143f3, req_sta =  0x17c00000 0x0 0x50000011 0x1f0fff 0xf, cg_check_sta =0x0, isr = 0x0, raw_ext_sta = 0xf84a55, wake_misc = 0x1f90000, pcm_flag = 0xc30502 0x0 0xc30102 0xc30102, req = 0x9b,  clk_settle = 0x60fe,
06-15 07:46:35.226 19388 19388 I         : (4)[19388:kworker/4:3][pmic_debug] Raw=690, T=35898
06-15 07:46:40.089 19631 19631 I         : (4)[19631:kworker/4:0][name:spm&][SPM] MCUSYSOFF wake up by  R12_AFE_IRQ_MCU_B, timer_out = 235, r13 = 0x84000c80, debug_flag = 0xf8040000 0x40000002, r12 = 0x100000, r12_ext = 0x0, raw_sta = 0x0 0x0 0x0, idle_sta = 0x24163f3, req_sta =  0x15c00000 0x180000 0x50000017 0x1f0fff 0xf, cg_check_sta =0x0, isr = 0x0, raw_ext_sta = 0xf85a55, wake_misc = 0x1f90000, pcm_flag = 0xc30502 0x0 0xc30102 0xc30102, req = 0x9b,  clk_settle = 0x60fe,
06-15 07:46:41.123 20251 20251 I (4)[20251:main]vpu 19030000.vpu_core0: vpu_map_sg_to_iova: sg_dma_address: size: 500000, mapped iova: 0x37de00000 (static alloc)
06-15 07:46:44.191 19631 19631 I (4)[19631:kworker/4:0]vpu_pwr_off_locked: vpu0: not in idle state
06-15 07:46:45.468 19388 19388 I         : (4)[19388:kworker/4:3][pmic_debug] Raw=691, T=35303
06-15 07:46:50.329 19631 19631 I         : (4)[19631:kworker/4:0][name:spm&][SPM] MCUSYSOFF wake up by  R12_AFE_IRQ_MCU_B, timer_out = 235, r13 = 0x84000c80, debug_flag = 0xf8040000 0x40000002, r12 = 0x100000, r12_ext = 0x0, raw_sta = 0x0 0x0 0x0, idle_sta = 0x24143f3, req_sta =  0x17c00000 0x180000 0x50000017 0x1f0fff 0xf, cg_check_sta =0x0, isr = 0x0, raw_ext_sta = 0xf84a55, wake_misc = 0x1f90000, pcm_flag = 0xc30502 0x0 0xc30102 0xc30102, req = 0x9b,  clk_settle = 0x60fe,
06-15 07:46:50.586 19388 19388 I         : (4)[19388:kworker/4:3][pmic_debug] Raw=691, T=35303
06-15 07:46:55.449 19631 19631 I         : (4)[19631:kworker/4:0][name:spm&][SPM] MCUSYSOFF wake up by  R12_AFE_IRQ_MCU_B, timer_out = 235, r13 = 0x84000c80, debug_flag = 0xf8040000 0x40000002, r12 = 0x100000, r12_ext = 0x0, raw_sta = 0x0 0x0 0x0, idle_sta = 0x24143f3, req_sta =  0x17c00000 0x180000 0x50000011 0x1f0fff 0xf, cg_check_sta =0x0, isr = 0x0, raw_ext_sta = 0xf84a55, wake_misc = 0x1f90000, pcm_flag = 0xc30502 0x0 0xc30102 0xc30102, req = 0x9b,  clk_settle = 0x60fe,
06-15 07:46:55.706 19388 19388 I         : (4)[19388:kworker/4:3][pmic_debug] Raw=691, T=35303
06-15 07:46:56.129 20251 20251 I         : (4)[20251:main][apusys][error] mdw_wait_cmd cmd(0xffffff801c74d000) sc(0x1) fail
06-15 07:47:00.569 19631 19631 I         : (4)[19631:kworker/4:0][name:spm&][SPM] MCUSYSOFF wake up by  R12_AFE_IRQ_MCU_B, timer_out = 235, r13 = 0x84000c80, debug_flag = 0xf8040000 0x40000002, r12 = 0x100000, r12_ext = 0x0, raw_sta = 0x0 0x0 0x0, idle_sta = 0x24163f3, req_sta =  0x15c00000 0x0 0x7c000017 0x1f0fff 0xf, cg_check_sta =0x0, isr = 0x0, raw_ext_sta = 0xf85255, wake_misc = 0x1f90000, pcm_flag = 0xc30502 0x0 0xc30102 0xc30102, req = 0x9b,  clk_settle = 0x60fe,
06-15 07:47:05.433   378   378 I (0)[378:apusys_vpu0]: request (D2D_EXT) timeout, priority: 0, algo: apu_lib_apunn
06-15 07:47:05.438   378   378 I         : (0)[378:apusys_vpu0][apusys][error] mdw_sched_trace fail : pid(20251/20251) cmd(0x0/0xffffff801c7f5000-#0/1) dev(3/vpu-#0) mp(0x0/0/1/0x0) sched(0/0/0/0/0/0) mem(0/0/0x0/0x0) boost(0) time(9250699/9275012) ret(-110)
06-15 07:47:05.444 20251 20251 I (4)[20251:main]vpu 19030000.vpu_core0: vpu_map_sg_to_iova: sg_dma_address: size: 500000, mapped iova: 0x37de00000 (static alloc)
06-15 07:47:08.511 19631 19631 I (4)[19631:kworker/4:0]wait_idle: vpu0: 5000 us: done_st: 0x0, pwaitmode: 0, info00: 0x0, info25: 0x0
06-15 07:47:08.511 19631 19631 I (4)[19631:kworker/4:0]vpu_pwr_off_locked: vpu0: not in idle state
06-15 07:47:10.809 19631 19631 I         : (4)[19631:kworker/4:0][name:spm&][SPM] MCUSYSOFF wake up by  R12_AFE_IRQ_MCU_B, timer_out = 235, r13 = 0x8400ec90, debug_flag = 0xf8040000 0x40000002, r12 = 0x100000, r12_ext = 0x0, raw_sta = 0x0 0x0 0x0, idle_sta = 0x24343f3, req_sta =  0x17c3d000 0x180000 0x50000017 0x1f0fff 0xf, cg_check_sta =0x0, isr = 0x0, raw_ext_sta = 0xf84a55, wake_misc = 0x1f90000, pcm_flag = 0xc30502 0x0 0xc30102 0xc30102, req = 0x9b,  clk_settle = 0x60fe,
06-15 07:47:11.066 19388 19388 I         : (4)[19388:kworker/4:3][pmic_debug] Raw=691, T=35303
06-15 07:47:15.929 19631 19631 I         : (4)[19631:kworker/4:0][name:spm&][SPM] MCUSYSOFF wake up by  R12_AFE_IRQ_MCU_B, timer_out = 235, r13 = 0x84000c80, debug_flag = 0xf8040000 0x40000002, r12 = 0x100000, r12_ext = 0x0, raw_sta = 0x0 0x0 0x0, idle_sta = 0x24163f3, req_sta =  0x15c00000 0x180000 0x50000017 0x1f0fff 0xf, cg_check_sta =0x0, isr = 0x0, raw_ext_sta = 0xf85a55, wake_misc = 0x1f90000, pcm_flag = 0xc30502 0x0 0xc30102 0xc30102, req = 0x9b,  clk_settle = 0x60fe,
06-15 07:47:16.186 19388 19388 I         : (4)[19388:kworker/4:3][pmic_debug] Raw=691, T=35303
06-15 07:47:20.501   378   378 I (0)[378:apusys_vpu0]vpu_dev_boot_sequence: vpu0: ALTRESETVEC: 0x7da00000
06-15 07:47:26.169 19631 19631 I         : (4)[19631:kworker/4:0][name:spm&][SPM] MCUSYSOFF wake up by  R12_AFE_IRQ_MCU_B, timer_out = 235, r13 = 0x8400ec90, debug_flag = 0xf8040000 0x40000002, r12 = 0x100000, r12_ext = 0x0, raw_sta = 0x0 0x0 0x0, idle_sta = 0x24163f3, req_sta =  0x15c3d000 0x180000 0x50000011 0x1f0fff 0xf, cg_check_sta =0x0, isr = 0x0, raw_ext_sta = 0xf85a55, wake_misc = 0x1f90000, pcm_flag = 0xc30502 0x0 0xc30102 0xc30102, req = 0x9b,  clk_settle = 0x60fe,
06-15 07:47:29.753   378   378 I (0)[378:apusys_vpu0]: request (D2D_EXT) timeout, priority: 0, algo: apu_lib_apunn
06-15 07:47:29.757   378   378 I         : (1)[378:apusys_vpu0][apusys][error] mdw_sched_trace fail : pid(20251/20251) cmd(0x0/0xffffff801c91d000-#0/1) dev(3/vpu-#0) mp(0x0/0/1/0x0) sched(0/0/0/0/0/0) mem(0/0/0x0/0x0) boost(0) time(9252852/9270898) ret(-110)
06-15 07:47:29.763 20251 20251 I (5)[20251:main]vpu 19030000.vpu_core0: vpu_map_sg_to_iova: sg_dma_address: size: 500000, mapped iova: 0x37de00000 (static alloc)
06-15 07:47:31.289 19631 19631 I         : (4)[19631:kworker/4:0][name:spm&][SPM] MCUSYSOFF wake up by  R12_AFE_IRQ_MCU_B, timer_out = 235, r13 = 0x84000c80, debug_flag = 0xf8040000 0x40000002, r12 = 0x100000, r12_ext = 0x0, raw_sta = 0x0 0x0 0x0, idle_sta = 0x24143f3, req_sta =  0x17c00000 0x0 0x50000011 0x1f0fff 0xf, cg_check_sta =0x0, isr = 0x0, raw_ext_sta = 0xf84a55, wake_misc = 0x1f90000, pcm_flag = 0xc30502 0x0 0xc30102 0xc30102, req = 0x9b,  clk_settle = 0x60fe,
06-15 07:47:31.546 19388 19388 I         : (4)[19388:kworker/4:3][pmic_debug] Raw=691, T=35303
06-15 07:47:36.409 20301 20301 I         : (4)[20301:kworker/4:1][name:spm&][SPM] MCUSYSOFF wake up by  R12_AFE_IRQ_MCU_B, timer_out = 235, r13 = 0x84000c80, debug_flag = 0xf8040000 0x40000002, r12 = 0x100000, r12_ext = 0x0, raw_sta = 0x0 0x0 0x0, idle_sta = 0x24563f3, req_sta =  0x15c00000 0x0 0x50000011 0x1f0fff 0xf, cg_check_sta =0x0, isr = 0x0, raw_ext_sta = 0xf85a55, wake_misc = 0x1f90000, pcm_flag = 0xc30502 0x0 0xc30102 0xc30102, req = 0x9b,  clk_settle = 0x60fe,
06-15 07:47:36.666 19631 19631 I         : (4)[19631:kworker/4:0][pmic_debug] Raw=691, T=35303
06-15 07:47:41.529 20301 20301 I         : (4)[20301:kworker/4:1][name:spm&][SPM] MCUSYSOFF wake up by  R12_AFE_IRQ_MCU_B, timer_out = 235, r13 = 0x84000c80, debug_flag = 0xf8040000 0x40000002, r12 = 0x100000, r12_ext = 0x0, raw_sta = 0x0 0x0 0x0, idle_sta = 0x24163f3, req_sta =  0x15c00000 0x180000 0x50000017 0x1f0fff 0xf, cg_check_sta =0x0, isr = 0x0, raw_ext_sta = 0xf85a55, wake_misc = 0x1f90000, pcm_flag = 0xc30502 0x0 0xc30102 0xc30102, req = 0x9b,  clk_settle = 0x60fe,
06-15 07:47:41.786 19631 19631 I         : (4)[19631:kworker/4:0][pmic_debug] Raw=691, T=35303
06-15 07:47:44.769 20251 20251 I         : (4)[20251:main][apusys][error] mdw_wait_cmd cmd(0xffffff801c91d000) sc(0x1) fail
06-15 07:47:44.827   378   378 I (2)[378:apusys_vpu0]vpu 19030000.vpu_core0: vpu_map_sg_to_iova: sg_dma_address: size: 500000, mapped iova: 0x37de00000 (static alloc)
06-15 07:47:44.828   378   378 I (2)[378:apusys_vpu0]vpu_dev_boot_sequence: vpu0: ALTRESETVEC: 0x7da00000
06-15 07:47:46.649 20301 20301 I         : (4)[20301:kworker/4:1][name:spm&][SPM] MCUSYSOFF wake up by  R12_AFE_IRQ_MCU_B, timer_out = 235, r13 = 0x84000c80, debug_flag = 0xf8040000 0x40000002, r12 = 0x100000, r12_ext = 0x0, raw_sta = 0x0 0x0 0x0, idle_sta = 0x24163f3, req_sta =  0x15c00000 0x0 0x50000017 0x1f0fff 0xf, cg_check_sta =0x0, isr = 0x0, raw_ext_sta = 0xf85a55, wake_misc = 0x1f90000, pcm_flag = 0xc30502 0x0 0xc30102 0xc30102, req = 0x9b,  clk_settle = 0x60fe,
06-15 07:47:51.769 20301 20301 I         : (4)[20301:kworker/4:1][name:spm&][SPM] MCUSYSOFF wake up by  R12_AFE_IRQ_MCU_B, timer_out = 235, r13 = 0x84000c80, debug_flag = 0xf8040000 0x40000002, r12 = 0x100000, r12_ext = 0x0, raw_sta = 0x0 0x0 0x0, idle_sta = 0x24563f3, req_sta =  0x15c00000 0x180000 0x50000011 0x1f0fff 0xf, cg_check_sta =0x0, isr = 0x0, raw_ext_sta = 0xf85a55, wake_misc = 0x1f90000, pcm_flag = 0xc30502 0x0 0xc30102 0xc30102, req = 0x9b,  clk_settle = 0x60fe,
06-15 07:47:52.026 19631 19631 I         : (4)[19631:kworker/4:0][pmic_debug] Raw=691, T=35303
06-15 07:47:54.076   378   378 I         : (2)[378:apusys_vpu0][apusys][error] mdw_sched_trace fail : pid(20251/20251) cmd(0x0/0xffffff801c9d5000-#0/1) dev(3/vpu-#0) mp(0x0/0/1/0x0) sched(0/0/0/0/0/0) mem(0/0/0x0/0x0) boost(0) time(9244459/9269269) ret(-110)
06-15 07:47:56.889 20301 20301 I         : (4)[20301:kworker/4:1][name:spm&][SPM] MCUSYSOFF wake up by  R12_AFE_IRQ_MCU_B, timer_out = 235, r13 = 0x84000c80, debug_flag = 0xf8040000 0x40000002, r12 = 0x100000, r12_ext = 0x0, raw_sta = 0x0 0x0 0x0, idle_sta = 0x24163f3, req_sta =  0x15c00000 0x180000 0x50000011 0x1f0fff 0xf, cg_check_sta =0x0, isr = 0x0, raw_ext_sta = 0xf85a55, wake_misc = 0x1f90000, pcm_flag = 0xc30502 0x0 0xc30102 0xc30102, req = 0x9b,  clk_settle = 0x60fe,
06-15 07:47:57.151 20301 20301 I (4)[20301:kworker/4:1]wait_idle: vpu0: 5000 us: done_st: 0x0, pwaitmode: 0, info00: 0x0, info25: 0x0
06-15 07:47:57.151 20301 20301 I (4)[20301:kworker/4:1]vpu_pwr_off_locked: vpu0: not in idle state
06-15 07:47:57.152 19631 19631 I         : (4)[19631:kworker/4:0][pmic_debug] Raw=690, T=35898
06-15 07:48:07.129 20301 20301 I         : (4)[20301:kworker/4:1][name:spm&][SPM] MCUSYSOFF wake up by  R12_AFE_IRQ_MCU_B, timer_out = 235, r13 = 0x84000c80, debug_flag = 0xf8040000 0x40000002, r12 = 0x100000, r12_ext = 0x0, raw_sta = 0x0 0x0 0x0, idle_sta = 0x24563f3, req_sta =  0x15c00000 0x0 0x50000011 0x1f0fff 0xf, cg_check_sta =0x0, isr = 0x0, raw_ext_sta = 0xf85a55, wake_misc = 0x1f90000, pcm_flag = 0xc30502 0x0 0xc30102 0xc30102, req = 0x9b,  clk_settle = 0x60fe,
06-15 07:48:07.386 19631 19631 I         : (4)[19631:kworker/4:0][pmic_debug] Raw=691, T=35303
