pattern=aee|aed|crash_dump|core|coredump
source=adb logcat -b kernel or dmesg fallback

06-16 13:58:32.578   386   386 W (2)[386:core_ctl_v1/4]__sched_deisolate_cpu_unlocked: cpu=6, isolation_cpus=0x80
06-16 13:58:32.634   387   387 I         : (4)[387:core_ctl_v1/7][Power/PPM] (0x80)(-1)(0)(0-7)(15)(13)(4)(4) (15)(14)(3)(3) (15)(14)(1)(1)
06-16 13:58:33.106   387   387 W (5)[387:core_ctl_v1/7]_sched_isolate_cpu: cpu=7, isolation_cpus=0xc0
06-16 13:58:36.493 10494 10494 I (0)[10494:aee_dumpstate]ufsdbg: cmd history off
06-16 13:58:36.526 10494 10494 I (1)[10494:aee_dumpstate]ufsdbg: cmd history on
06-16 13:58:38.682   387   387 W (3)[387:core_ctl_v1/7]__sched_deisolate_cpu_unlocked: cpu=7, isolation_cpus=0x40
06-16 13:58:38.682   387   387 I         : (3)[387:core_ctl_v1/7][Power/PPM] (0x80)(-1)(0)(0-7)(15)(13)(4)(4) (15)(14)(3)(3) (15)(14)(1)(1)
06-16 13:58:39.338   387   387 W (3)[387:core_ctl_v1/7]_sched_isolate_cpu: cpu=7, isolation_cpus=0xc0
06-16 13:58:39.338   387   387 I         : (3)[387:core_ctl_v1/7][Power/PPM] Shrink 1 PPM logs from last 800 ms!
06-16 13:58:39.774   696   696 I         : (2)[696:conninfra_cored][conninfra_thermal_query_cb] query thermal
06-16 13:58:39.774   696   696 I         : (2)[696:conninfra_cored][consys_conninfra_wakeup_mt6893] Polling chip id success (0x20010101)
06-16 13:58:39.775   696   696 I (2)[696:conninfra_cored]conninfra@(consys_thermal_query: 407) [consys_thermal_query] efuse:[0xa8000000][0x00b300c4][0x0000d8f4][0x7f7f7f7f] thermal dump: [0x10003434][0x360332ff][0x34110001][0x00000000][0xffffffff][0x48040000][0x50305a00][0x00003434][0x00083434][0x00083434][0x00003434]
06-16 13:58:39.775   696   696 I (2)[696:conninfra_cored]conninfra@(calculate_thermal_temperature: 337) y=[52] b=[51] constOffset=[28] [0] [0] => t=[30]
06-16 13:58:39.775   696   696 W -(2)[696:conninfra_cored]opfunc_therm_ctrl: 1 callbacks suppressed
06-16 13:58:39.775 10307 10307 I (3)[10307:kworker/3:1]conninfra@(conninfra_core_thermal_query: 1670) ret=[0] temp=[30]
06-16 13:58:42.482   387   387 I         : (1)[387:core_ctl_v1/7][Power/PPM] (0x80)(-1)(0)(0-7)(15)(0)(4)(4) (15)(0)(3)(3) (15)(15)(1)(1)
06-16 13:58:42.954   387   387 W (1)[387:core_ctl_v1/7]__sched_deisolate_cpu_unlocked: cpu=7, isolation_cpus=0x40
06-16 13:58:42.954   387   387 I         : (1)[387:core_ctl_v1/7][Power/PPM] (0x80)(-1)(0)(0-7)(15)(13)(4)(4) (15)(14)(3)(3) (15)(14)(1)(1)
06-16 13:58:44.418   386   386 W (0)[386:core_ctl_v1/4]__sched_deisolate_cpu_unlocked: cpu=6, isolation_cpus=0x80
06-16 13:58:44.894   696   696 I         : (2)[696:conninfra_cored][conninfra_thermal_query_cb] query thermal
06-16 13:58:44.901   696   696 I         : (2)[696:conninfra_cored][consys_conninfra_wakeup_mt6893] Polling chip id success (0x20010101)
06-16 13:58:44.902   696   696 I (2)[696:conninfra_cored]conninfra@(consys_thermal_query: 407) [consys_thermal_query] efuse:[0xa8000000][0x00b300c4][0x0000d8f4][0x7f7f7f7f] thermal dump: [0x10003434][0x360332ff][0x34110001][0x00000000][0xffffffff][0x48040000][0x50305a00][0x00003434][0x00003434][0x00083434][0x00003434]
06-16 13:58:44.902   696   696 I (2)[696:conninfra_cored]conninfra@(calculate_thermal_temperature: 337) y=[52] b=[51] constOffset=[28] [0] [0] => t=[30]
06-16 13:58:45.258   387   387 I         : (1)[387:core_ctl_v1/7][Power/PPM] (0x80)(-1)(0)(0-7)(15)(13)(4)(4) (15)(14)(3)(3) (15)(14)(1)(1)
06-16 13:58:47.325 10494 10494 I         : (3)[10494:aee_dumpstate][pidmap] dump mode: raw
06-16 13:58:48.618   387   387 W (3)[387:core_ctl_v1/7]_sched_isolate_cpu: cpu=7, isolation_cpus=0xc0
06-16 13:58:48.619   387   387 I         : (3)[387:core_ctl_v1/7][Power/PPM] (0x80)(-1)(0)(0-7)(15)(0)(4)(4) (15)(0)(3)(3) (15)(15)(1)(1)
06-16 13:58:48.978   386   386 W (3)[386:core_ctl_v1/4]__sched_deisolate_cpu_unlocked: cpu=6, isolation_cpus=0x80
06-16 13:58:49.026   387   387 W (4)[387:core_ctl_v1/7]__sched_deisolate_cpu_unlocked: cpu=7, isolation_cpus=0x0
06-16 13:58:49.178   387   387 W (2)[387:core_ctl_v1/7]_sched_isolate_cpu: cpu=7, isolation_cpus=0x80
06-16 13:58:49.226   386   386 W (5)[386:core_ctl_v1/4]_sched_isolate_cpu: cpu=6, isolation_cpus=0xc0
06-16 13:59:05.377   696   696 I         : (2)[696:conninfra_cored][consys_conninfra_wakeup_mt6893] Polling chip id success (0x20010101)
06-16 13:59:05.378   696   696 I (2)[696:conninfra_cored]conninfra@(consys_thermal_query: 407) [consys_thermal_query] efuse:[0xa8000000][0x00b300c4][0x0000d8f4][0x7f7f7f7f] thermal dump: [0x10003434][0x360332ff][0x34110001][0x00000000][0xffffffff][0x48040000][0x50305a00][0x00003434][0x00003434][0x00083434][0x00003434]
06-16 13:59:05.378   696   696 I (2)[696:conninfra_cored]conninfra@(calculate_thermal_temperature: 337) y=[52] b=[51] constOffset=[28] [0] [0] => t=[30]
06-16 13:59:10.494   696   696 I         : (2)[696:conninfra_cored][conninfra_thermal_query_cb] query thermal
06-16 13:59:10.498   696   696 I (2)[696:conninfra_cored]conninfra@(consys_thermal_query: 407) [consys_thermal_query] efuse:[0xa8000000][0x00b300c4][0x0000d8f4][0x7f7f7f7f] thermal dump: [0x10003434][0x360332ff][0x34110001][0x00000000][0xffffffff][0x48040000][0x50305a00][0x00003434][0x00003434][0x00083434][0x00003434]
06-16 13:59:10.498   696   696 I (2)[696:conninfra_cored]conninfra@(calculate_thermal_temperature: 337) y=[52] b=[51] constOffset=[28] [0] [0] => t=[30]
06-16 13:59:10.498   696   696 W -(2)[696:conninfra_cored]opfunc_therm_ctrl: 1 callbacks suppressed
06-16 13:59:10.499 10307 10307 I (3)[10307:kworker/3:1]conninfra@(conninfra_core_thermal_query: 1670) ret=[0] temp=[30]
06-16 13:59:20.734   696   696 I         : (1)[696:conninfra_cored][conninfra_thermal_query_cb] query thermal
06-16 13:59:20.738   696   696 I (1)[696:conninfra_cored]conninfra@(consys_thermal_query: 407) [consys_thermal_query] efuse:[0xa8000000][0x00b300c4][0x0000d8f4][0x7f7f7f7f] thermal dump: [0x10003434][0x360332ff][0x34110001][0x00000000][0xffffffff][0x48040000][0x50305a00][0x00003434][0x00003434][0x00083434][0x00003434]
06-16 13:59:20.738   696   696 I (1)[696:conninfra_cored]conninfra@(calculate_thermal_temperature: 337) y=[52] b=[51] constOffset=[28] [0] [0] => t=[30]
06-16 13:59:20.738   696   696 W -(1)[696:conninfra_cored]opfunc_therm_ctrl: 1 callbacks suppressed
06-16 13:59:25.861   696   696 I         : (3)[696:conninfra_cored][consys_conninfra_wakeup_mt6893] Polling chip id success (0x20010101)
06-16 13:59:25.862   696   696 I (3)[696:conninfra_cored]conninfra@(calculate_thermal_temperature: 337) y=[52] b=[51] constOffset=[28] [0] [0] => t=[30]
06-16 13:59:34.666   386   386 W (0)[386:core_ctl_v1/4]__sched_deisolate_cpu_unlocked: cpu=6, isolation_cpus=0x80
06-16 13:59:34.771   386   386 W (0)[386:core_ctl_v1/4]_sched_isolate_cpu: cpu=6, isolation_cpus=0xc0
06-16 13:59:36.098   696   696 I (3)[696:conninfra_cored]conninfra@(consys_thermal_query: 407) [consys_thermal_query] efuse:[0xa8000000][0x00b300c4][0x0000d8f4][0x7f7f7f7f] thermal dump: [0x10003434][0x360332ff][0x34110001][0x00000000][0xffffffff][0x48040000][0x50305a00][0x00003434][0x00003434][0x00083434][0x00003434]
06-16 13:59:36.098   696   696 I (3)[696:conninfra_cored]conninfra@(calculate_thermal_temperature: 337) y=[52] b=[51] constOffset=[28] [0] [0] => t=[30]
06-16 13:59:36.922   386   386 W (0)[386:core_ctl_v1/4]__sched_deisolate_cpu_unlocked: cpu=6, isolation_cpus=0x80
