06-16 15:03:30.527     0     0 I         : (3)[2508:mali-cmar-backe][name:spm&][SPM] MCUSYSOFF wake up by  R12_SPM_CPU_WAKEUPEVENT_B, timer_out = 0, r13 = 0x84000c80, debug_flag = 0xf8000000 0x2, r12 = 0x10000000, r12_ext = 0x0, raw_sta = 0x0 0x0 0x0, idle_sta = 0x24567f3, req_sta =  0x15c00000 0x180000 0x7c000017 0x1f0fff 0x0, cg_check_sta =0x0, isr = 0x0, raw_ext_sta = 0x785255, wake_misc = 0x0, pcm_flag = 0x400 0x0 0x400 0x400, req = 0x80,  clk_settle = 0x60fe,
06-16 15:03:30.653 12165 12165 I         : (3)[12165:kworker/3:2][Power/PPM] Shrink 13 PPM logs from last 534 ms!
06-16 15:03:30.653 12165 12165 I         : (3)[12165:kworker/3:2][Power/PPM] (0x80)(-1)(0)(0-7)(15)(0)(4)(4) (15)(0)(3)(3) (15)(15)(1)(1)
06-16 15:03:30.654 11775 11775 I         : (2)[11775:kworker/u17:0][Power/PPM] (0x80)(-1)(0)(0-7)(15)(13)(4)(4) (15)(14)(3)(3) (15)(15)(1)(1)
06-16 15:03:30.671 12531 12531 I         : (2)[12531:kworker/2:1][Power/PPM] (0x80)(-1)(0)(0-7)(15)(0)(4)(4) (15)(0)(3)(3) (15)(15)(1)(1)
06-16 15:03:30.675 17352 17352 I         : (1)[17352:kworker/u17:3][Power/PPM] (0x80)(-1)(0)(0-7)(15)(13)(4)(4) (15)(14)(3)(3) (15)(15)(1)(1)
06-16 15:03:30.821  1353  1353 I (3)[1353:main_thread][wlan][1353]qmHandleRxPackets: (QM WARN) Mark NULL the Packet for Dropped Packet 0
06-16 15:03:30.979   696   696 I -(2)[696:conninfra_cored]conn_wakeup: 57461.245632:1; 57461.246319:0; 57466.365997:1; 57466.368283:0; 57471.485993:1; 57471.486936:0
06-16 15:03:30.979 12165 12165 I (3)[12165:kworker/3:2]conninfra@(_status_dump: 242) Connsys status: wifi
06-16 15:03:30.979 12165 12165 I (3)[12165:kworker/3:2]conninfra@(conninfra_core_thermal_query: 1670) ret=[0] temp=[30]
06-16 15:03:31.077 12534 12534 I         : (0)[12534:kworker/0:2][Power/PPM] Shrink 11 PPM logs from last 423 ms!
06-16 15:03:31.077 12534 12534 I         : (0)[12534:kworker/0:2][Power/PPM] (0x80)(-1)(0)(0-7)(15)(0)(4)(4) (15)(0)(3)(3) (15)(15)(1)(1)
06-16 15:03:31.077 14306 14306 I         : (1)[14306:kworker/u17:2][Power/PPM] (0x80)(-1)(0)(0-7)(15)(13)(4)(4) (15)(14)(3)(3) (15)(15)(1)(1)
06-16 15:03:31.136 12534 12534 I         : (0)[12534:kworker/0:2][Power/PPM] (0x80)(-1)(0)(0-7)(15)(0)(4)(4) (15)(0)(3)(3) (15)(15)(1)(1)
06-16 15:03:31.230 12165 12165 I (3)[12165:kworker/3:2][Thermal/TC/TA][wakeup_ta_algo] status: 0x1000
06-16 15:03:31.230 12165 12165 W         : (3)[12165:kworker/3:2][mtkts_bts_get_hw_temp] T_AP, 31914
06-16 15:03:31.585 12534 12534 I         : (0)[12534:kworker/0:2][Power/PPM] Shrink 19 PPM logs from last 508 ms!
06-16 15:03:31.585 12534 12534 I         : (0)[12534:kworker/0:2][Power/PPM] (0x80)(-1)(0)(0-7)(15)(0)(4)(4) (15)(0)(3)(3) (15)(15)(1)(1)
06-16 15:03:31.587  1353  1353 I (1)[1353:main_thread][wlan][1353]wlanLinkQualityMonitor: (SW4 INFO) Link Quality: Tx(rate:3240, total:89982, retry:25888, fail:16, RTS fail:0, ACK fail:16), Rx(rate:0, total:247332, dup:1, error:167147), PER(0), Congestion(idle slot:628048135, diff:2832, AwakeDur:6308920)
06-16 15:03:31.736 12534 12534 I         : (0)[12534:kworker/0:2][Power/PPM] (0x80)(-1)(0)(0-7)(15)(0)(4)(4) (15)(0)(3)(3) (15)(15)(1)(1)
06-16 15:03:31.737 14306 14306 I         : (3)[14306:kworker/u17:2][Power/PPM] (0x80)(-1)(0)(0-7)(15)(13)(4)(4) (15)(14)(3)(3) (15)(15)(1)(1)
06-16 15:03:32.335 12349 12349 I         : (1)[12349:kworker/1:0][Power/PPM] Shrink 15 PPM logs from last 599 ms!
06-16 15:03:32.335 12349 12349 I         : (1)[12349:kworker/1:0][Power/PPM] (0x80)(-1)(0)(0-7)(15)(0)(4)(4) (15)(0)(3)(3) (15)(15)(1)(1)
06-16 15:03:32.338 11775 11775 I         : (2)[11775:kworker/u17:0][Power/PPM] (0x80)(-1)(0)(0-7)(15)(13)(4)(4) (15)(14)(3)(3) (15)(15)(1)(1)
06-16 15:03:32.403 12349 12349 I         : (1)[12349:kworker/1:0][Power/PPM] (0x80)(-1)(0)(0-7)(15)(0)(4)(4) (15)(0)(3)(3) (15)(15)(1)(1)
06-16 15:03:32.405 17352 17352 I         : (0)[17352:kworker/u17:3][Power/PPM] (0x80)(-1)(0)(0-7)(15)(13)(4)(4) (15)(14)(3)(3) (15)(15)(1)(1)
06-16 15:03:32.469 12165 12165 I         : (3)[12165:kworker/3:2][Power/PPM] (0x80)(-1)(0)(0-7)(15)(0)(4)(4) (15)(0)(3)(3) (15)(15)(1)(1)
06-16 15:03:32.869 12531 12531 I         : (2)[12531:kworker/2:1][Power/PPM] Shrink 15 PPM logs from last 534 ms!
06-16 15:03:32.869 12531 12531 I         : (2)[12531:kworker/2:1][Power/PPM] (0x80)(-1)(0)(0-7)(15)(0)(4)(4) (15)(0)(3)(3) (15)(15)(1)(1)
06-16 15:03:32.870 11775 11775 I         : (0)[11775:kworker/u17:0][Power/PPM] (0x80)(-1)(0)(0-7)(15)(13)(4)(4) (15)(14)(3)(3) (15)(15)(1)(1)
06-16 15:03:32.904 12531 12531 I         : (2)[12531:kworker/2:1][Power/PPM] (0x80)(-1)(0)(0-7)(15)(0)(4)(4) (15)(0)(3)(3) (15)(15)(1)(1)
06-16 15:03:32.906 17352 17352 I         : (1)[17352:kworker/u17:3][Power/PPM] (0x80)(-1)(0)(0-7)(15)(13)(4)(4) (15)(14)(3)(3) (15)(15)(1)(1)
06-16 15:03:33.003 12531 12531 I         : (2)[12531:kworker/2:1][Power/PPM] (0x80)(-1)(0)(0-7)(15)(0)(4)(4) (15)(0)(3)(3) (15)(15)(1)(1)
06-16 15:03:33.386 17352 17352 I         : (0)[17352:kworker/u17:3][Power/PPM] (0x80)(-1)(0)(0-7)(15)(13)(4)(4) (15)(14)(3)(3) (15)(15)(1)(1)
06-16 15:03:33.435 12534 12534 I         : (0)[12534:kworker/0:2][Power/PPM] (0x80)(-1)(0)(0-7)(15)(0)(4)(4) (15)(0)(3)(3) (15)(15)(1)(1)
06-16 15:03:33.630  1353  1353 I (3)[1353:main_thread][wlan][1353]wlanLinkQualityMonitor: (SW4 INFO) Link Quality: Tx(rate:3240, total:89982, retry:25888, fail:16, RTS fail:0, ACK fail:16), Rx(rate:0, total:247340, dup:1, error:167147), PER(0), Congestion(idle slot:628055812, diff:2876, AwakeDur:6309003)
06-16 15:03:33.639 12356 12356 I         : (4)[12356:kworker/4:0][connlog] wifi_fw irq counter = 56151
06-16 15:03:33.903 12534 12534 I         : (0)[12534:kworker/0:2][Power/PPM] Shrink 23 PPM logs from last 516 ms!
06-16 15:03:33.903 12534 12534 I         : (0)[12534:kworker/0:2][Power/PPM] (0x80)(-1)(0)(0-7)(15)(0)(4)(4) (15)(0)(3)(3) (15)(15)(1)(1)
06-16 15:03:33.935 12165 12165 I         : (3)[12165:kworker/3:2][Power/PPM] (0x80)(-1)(0)(0-7)(15)(0)(4)(4) (15)(0)(3)(3) (15)(15)(1)(1)
06-16 15:03:33.937 11775 11775 I         : (0)[11775:kworker/u17:0][Power/PPM] (0x80)(-1)(0)(0-7)(15)(13)(4)(4) (15)(14)(3)(3) (15)(15)(1)(1)
06-16 15:03:33.957     0     0 I (0)[2508:mali-cmar-backe][wlan][1345]mtk_cfg80211_vendor_llstats_get_info: (REQ ERROR) EMI mapping not done
06-16 15:03:34.119 12165 12165 I         : (3)[12165:kworker/3:2][Power/PPM] (0x80)(-1)(0)(0-7)(15)(0)(4)(4) (15)(0)(3)(3) (15)(15)(1)(1)
06-16 15:03:34.121 14306 14306 I         : (2)[14306:kworker/u17:2][Power/PPM] (0x80)(-1)(0)(0-7)(15)(13)(4)(4) (15)(14)(3)(3) (15)(15)(1)(1)
06-16 15:03:34.203 12349 12349 I         : (1)[12349:kworker/1:0][Power/PPM] (0x80)(-1)(0)(0-7)(15)(0)(4)(4) (15)(0)(3)(3) (15)(15)(1)(1)
06-16 15:03:34.636 12165 12165 I         : (3)[12165:kworker/3:2][Power/PPM] (0x80)(-1)(0)(0-7)(15)(0)(4)(4) (15)(0)(3)(3) (15)(15)(1)(1)
06-16 15:03:34.637 14306 14306 I         : (3)[14306:kworker/u17:2][Power/PPM] (0x80)(-1)(0)(0-7)(15)(13)(4)(4) (15)(14)(3)(3) (15)(15)(1)(1)
06-16 15:03:34.703 12534 12534 I         : (0)[12534:kworker/0:2][Power/PPM] (0x80)(-1)(0)(0-7)(15)(0)(4)(4) (15)(0)(3)(3) (15)(15)(1)(1)
06-16 15:03:34.955 12165 12165 I         : (3)[12165:kworker/3:2][Power/PPM] Shrink 7 PPM logs from last 418 ms!
06-16 15:03:34.955 12165 12165 I         : (3)[12165:kworker/3:2][Power/PPM] (0x80)(-1)(0)(0-7)(15)(0)(4)(4) (15)(0)(3)(3) (15)(15)(1)(1)
06-16 15:03:34.956 14306 14306 I         : (3)[14306:kworker/u17:2][Power/PPM] (0x80)(-1)(0)(0-7)(15)(13)(4)(4) (15)(14)(3)(3) (15)(15)(1)(1)
06-16 15:03:35.036 12349 12349 I         : (1)[12349:kworker/1:0][Power/PPM] (0x80)(-1)(0)(0-7)(15)(0)(4)(4) (15)(0)(3)(3) (15)(15)(1)(1)
06-16 15:03:35.103 12349 12349 I         : (1)[12349:kworker/1:0][Power/PPM] (0x80)(-1)(0)(0-7)(15)(0)(4)(4) (15)(0)(3)(3) (15)(15)(1)(1)
06-16 15:03:35.331 12528 12528 W -(5)[12528:kworker/5:1]mt635x_auxadc_read_raw: 4 callbacks suppressed
06-16 15:03:35.331 12528 12528 I (5)[12528:kworker/5:1]mt635x-auxadc mt635x-auxadc: name:CHIP_TEMP, channel=4, adc_out=0x62a, adc_result=693
06-16 15:03:35.331 12528 12528 I         : (5)[12528:kworker/5:1][pmic_debug] Raw=693, T=34113
06-16 15:03:35.553 12349 12349 I         : (1)[12349:kworker/1:0][Power/PPM] (0x80)(-1)(0)(0-7)(15)(0)(4)(4) (15)(0)(3)(3) (15)(15)(1)(1)
06-16 15:03:35.556 14306 14306 I         : (0)[14306:kworker/u17:2][Power/PPM] (0x80)(-1)(0)(0-7)(15)(13)(4)(4) (15)(14)(3)(3) (15)(15)(1)(1)
06-16 15:03:35.687 12528 12528 I         : (5)[12528:kworker/5:1][connlog] wifi_fw irq counter = 56153
06-16 15:03:35.838 12356 12356 E         : (4)[12356:kworker/4:0][TALT] write_kfifo_func 589 : line_pos=173
06-16 15:03:36.350 12165 12165 W         : (3)[12165:kworker/3:2][mtkts_bts_get_hw_temp] T_AP, 31862
06-16 15:03:36.403 12349 12349 I         : (1)[12349:kworker/1:0][Power/PPM] Shrink 17 PPM logs from last 516 ms!
06-16 15:03:36.403 12349 12349 I         : (1)[12349:kworker/1:0][Power/PPM] (0x80)(-1)(0)(0-7)(15)(0)(4)(4) (15)(0)(3)(3) (15)(15)(1)(1)
06-16 15:03:36.702  1353  1353 I (1)[1353:main_thread][wlan][1353]wlanLinkQualityMonitor: (SW4 INFO) Link Quality: Tx(rate:3600, total:89993, retry:25888, fail:16, RTS fail:0, ACK fail:16), Rx(rate:0, total:247344, dup:1, error:167156), PER(0), Congestion(idle slot:628066286, diff:2824, AwakeDur:6309104)
06-16 15:03:36.905 14306 14306 I         : (3)[14306:kworker/u17:2][Power/PPM] Shrink 16 PPM logs from last 501 ms!
06-16 15:03:36.905 14306 14306 I         : (3)[14306:kworker/u17:2][Power/PPM] (0x80)(-1)(0)(0-7)(15)(13)(4)(4) (15)(14)(3)(3) (15)(15)(1)(1)
06-16 15:03:37.038 12349 12349 I         : (1)[12349:kworker/1:0][Power/PPM] (0x80)(-1)(0)(0-7)(15)(0)(4)(4) (15)(0)(3)(3) (15)(15)(1)(1)
06-16 15:03:37.045 11775 11775 I         : (1)[11775:kworker/u17:0][Power/PPM] (0x80)(-1)(0)(0-7)(15)(13)(4)(4) (15)(14)(3)(3) (15)(15)(1)(1)
06-16 15:03:37.277 17352 17352 I         : (1)[17352:kworker/u17:3][Power/PPM] (0x80)(-1)(0)(0-7)(15)(13)(4)(4) (15)(14)(3)(3) (15)(15)(1)(1)
06-16 15:03:37.439 14306 14306 I         : (3)[14306:kworker/u17:2][Power/PPM] (0x80)(-1)(0)(0-7)(15)(13)(4)(4) (15)(14)(3)(3) (15)(15)(1)(1)
06-16 15:03:37.520 12531 12531 I         : (2)[12531:kworker/2:1][Power/PPM] (0x80)(-1)(0)(0-7)(15)(0)(4)(4) (15)(0)(3)(3) (15)(15)(1)(1)
06-16 15:03:37.726  1353  1353 I (2)[1353:main_thread][wlan][1353]wlanLinkQualityMonitor: (SW4 INFO) Link Quality: Tx(rate:3600, total:89993, retry:25890, fail:16, RTS fail:0, ACK fail:16), Rx(rate:0, total:247352, dup:1, error:167156), PER(0), Congestion(idle slot:628092877, diff:26591, AwakeDur:6309349)
06-16 15:03:37.986 12531 12531 I         : (2)[12531:kworker/2:1][Power/PPM] Shrink 13 PPM logs from last 548 ms!
06-16 15:03:37.986 12531 12531 I         : (2)[12531:kworker/2:1][Power/PPM] (0x80)(-1)(0)(0-7)(15)(0)(4)(4) (15)(0)(3)(3) (15)(15)(1)(1)
06-16 15:03:37.987 17352 17352 I         : (3)[17352:kworker/u17:3][Power/PPM] (0x80)(-1)(0)(0-7)(15)(13)(4)(4) (15)(14)(3)(3) (15)(15)(1)(1)
06-16 15:03:38.070 12349 12349 I         : (1)[12349:kworker/1:0][Power/PPM] (0x80)(-1)(0)(0-7)(15)(0)(4)(4) (15)(0)(3)(3) (15)(15)(1)(1)
06-16 15:03:38.534 12165 12165 I         : (3)[12165:kworker/3:2][Power/PPM] Shrink 15 PPM logs from last 547 ms!
06-16 15:03:38.534 12165 12165 I         : (3)[12165:kworker/3:2][Power/PPM] (0x80)(-1)(0)(0-7)(15)(0)(4)(4) (15)(0)(3)(3) (15)(15)(1)(1)
06-16 15:03:38.751  1353  1353 I (3)[1353:main_thread][wlan][1353]wlanLinkQualityMonitor: (SW4 INFO) Link Quality: Tx(rate:3600, total:89993, retry:25890, fail:16, RTS fail:0, ACK fail:16), Rx(rate:0, total:247355, dup:1, error:167156), PER(0), Congestion(idle slot:628097574, diff:4697, AwakeDur:6309403)
06-16 15:03:39.119 12349 12349 I         : (1)[12349:kworker/1:0][Power/PPM] (0x80)(-1)(0)(0-7)(15)(0)(4)(4) (15)(0)(3)(3) (15)(15)(1)(1)
06-16 15:03:39.121 14306 14306 I         : (0)[14306:kworker/u17:2][Power/PPM] (0x80)(-1)(0)(0-7)(15)(13)(4)(4) (15)(14)(3)(3) (15)(15)(1)(1)
06-16 15:03:39.138 12534 12534 I         : (0)[12534:kworker/0:2][Power/PPM] (0x80)(-1)(0)(0-7)(15)(0)(4)(4) (15)(0)(3)(3) (15)(15)(1)(1)
06-16 15:03:39.702 12531 12531 I         : (2)[12531:kworker/2:1][Power/PPM] (0x80)(-1)(0)(0-7)(15)(0)(4)(4) (15)(0)(3)(3) (15)(15)(1)(1)
06-16 15:03:39.838 12531 12531 I         : (2)[12531:kworker/2:1][Power/PPM] Shrink 3 PPM logs from last 251 ms!
06-16 15:03:39.838 12531 12531 I         : (2)[12531:kworker/2:1][Power/PPM] (0x80)(-1)(0)(0-7)(15)(0)(4)(4) (15)(0)(3)(3) (15)(15)(1)(1)
06-16 15:03:39.840 14306 14306 I         : (0)[14306:kworker/u17:2][Power/PPM] (0x80)(-1)(0)(0-7)(15)(13)(4)(4) (15)(14)(3)(3) (15)(15)(1)(1)
06-16 15:03:39.886 12349 12349 I         : (1)[12349:kworker/1:0][Power/PPM] (0x80)(-1)(0)(0-7)(15)(0)(4)(4) (15)(0)(3)(3) (15)(15)(1)(1)
06-16 15:03:39.888 11775 11775 I         : (1)[11775:kworker/u17:0][Power/PPM] (0x80)(-1)(0)(0-7)(15)(13)(4)(4) (15)(14)(3)(3) (15)(15)(1)(1)
06-16 15:03:39.937 12531 12531 I         : (2)[12531:kworker/2:1][Power/PPM] (0x80)(-1)(0)(0-7)(15)(0)(4)(4) (15)(0)(3)(3) (15)(15)(1)(1)
06-16 15:03:40.086 12165 12165 I         : (3)[12165:kworker/3:2][Power/PPM] (0x80)(-1)(0)(0-7)(15)(0)(4)(4) (15)(0)(3)(3) (15)(15)(1)(1)
06-16 15:03:40.137 12349 12349 I         : (1)[12349:kworker/1:0][Power/PPM] (0x80)(-1)(0)(0-7)(15)(0)(4)(4) (15)(0)(3)(3) (15)(15)(1)(1)
06-16 15:03:40.502 12534 12534 I         : (0)[12534:kworker/0:2][Power/PPM] Shrink 9 PPM logs from last 463 ms!
06-16 15:03:40.502 12534 12534 I         : (0)[12534:kworker/0:2][Power/PPM] (0x80)(-1)(0)(0-7)(15)(0)(4)(4) (15)(0)(3)(3) (15)(15)(1)(1)
06-16 15:03:40.537 12534 12534 I         : (0)[12534:kworker/0:2][Power/PPM] (0x80)(-1)(0)(0-7)(15)(0)(4)(4) (15)(0)(3)(3) (15)(15)(1)(1)
06-16 15:03:40.556 12534 12534 I         : (0)[12534:kworker/0:2][Power/PPM] (0x80)(-1)(0)(0-7)(15)(0)(4)(4) (15)(0)(3)(3) (15)(15)(1)(1)
06-16 15:03:40.798  1353  1353 I (1)[1353:main_thread][wlan][1353]wlanLinkQualityMonitor: (SW4 INFO) Link Quality: Tx(rate:3600, total:90031, retry:25900, fail:16, RTS fail:0, ACK fail:16), Rx(rate:0, total:247374, dup:1, error:167169), PER(0), Congestion(idle slot:628189498, diff:42487, AwakeDur:6310270)
06-16 15:03:41.168 12534 12534 I         : (0)[12534:kworker/0:2][Power/PPM] (0x80)(-1)(0)(0-7)(15)(0)(4)(4) (15)(0)(3)(3) (15)(15)(1)(1)
06-16 15:03:41.219   696   696 I         : (2)[696:conninfra_cored][consys_conninfra_wakeup_mt6893] Polling chip id success (0x20010101)
06-16 15:03:41.221 12165 12165 I (3)[12165:kworker/3:2]conninfra@(_status_dump: 242) Connsys status: wifi
06-16 15:03:41.470 12165 12165 W         : (3)[12165:kworker/3:2][mtkts_bts_get_hw_temp] T_AP, 31914
06-16 15:03:41.555 12531 12531 I         : (2)[12531:kworker/2:1][Power/PPM] Shrink 15 PPM logs from last 515 ms!
06-16 15:03:41.555 12531 12531 I         : (2)[12531:kworker/2:1][Power/PPM] (0x80)(-1)(0)(0-7)(15)(0)(4)(4) (15)(0)(3)(3) (15)(15)(1)(1)
06-16 15:03:41.556 11775 11775 I         : (3)[11775:kworker/u17:0][Power/PPM] (0x80)(-1)(0)(0-7)(15)(13)(4)(4) (15)(14)(3)(3) (15)(15)(1)(1)
06-16 15:03:41.637 12165 12165 I         : (3)[12165:kworker/3:2][Power/PPM] (0x80)(-1)(0)(0-7)(15)(0)(4)(4) (15)(0)(3)(3) (15)(15)(1)(1)
06-16 15:03:41.721 12349 12349 I         : (1)[12349:kworker/1:0][Power/PPM] (0x80)(-1)(0)(0-7)(15)(0)(4)(4) (15)(0)(3)(3) (15)(15)(1)(1)
06-16 15:03:42.055 14306 14306 I         : (3)[14306:kworker/u17:2][Power/PPM] Shrink 14 PPM logs from last 500 ms!
06-16 15:03:42.056 14306 14306 I         : (3)[14306:kworker/u17:2][Power/PPM] (0x80)(-1)(0)(0-7)(15)(13)(4)(4) (15)(14)(3)(3) (15)(15)(1)(1)
06-16 15:03:42.155 12165 12165 I         : (3)[12165:kworker/3:2][Power/PPM] (0x80)(-1)(0)(0-7)(15)(0)(4)(4) (15)(0)(3)(3) (15)(15)(1)(1)
06-16 15:03:42.157 11775 11775 I         : (0)[11775:kworker/u17:0][Power/PPM] (0x80)(-1)(0)(0-7)(15)(13)(4)(4) (15)(14)(3)(3) (15)(15)(1)(1)
06-16 15:03:42.186 11775 11775 I         : (0)[11775:kworker/u17:0][Power/PPM] (0x80)(-1)(0)(0-7)(15)(13)(4)(4) (15)(14)(3)(3) (15)(15)(1)(1)
06-16 15:03:42.557 12534 12534 I         : (0)[12534:kworker/0:2][Power/PPM] Shrink 14 PPM logs from last 501 ms!
06-16 15:03:42.557 12534 12534 I         : (0)[12534:kworker/0:2][Power/PPM] (0x80)(-1)(0)(0-7)(15)(0)(4)(4) (15)(0)(3)(3) (15)(15)(1)(1)
06-16 15:03:42.557 14306 14306 I         : (3)[14306:kworker/u17:2][Power/PPM] (0x80)(-1)(0)(0-7)(15)(13)(4)(4) (15)(14)(3)(3) (15)(15)(1)(1)
06-16 15:03:42.637 12534 12534 I         : (0)[12534:kworker/0:2][Power/PPM] (0x80)(-1)(0)(0-7)(15)(0)(4)(4) (15)(0)(3)(3) (15)(15)(1)(1)
06-16 15:03:42.638 14306 14306 I         : (0)[14306:kworker/u17:2][Power/PPM] (0x80)(-1)(0)(0-7)(15)(13)(4)(4) (15)(14)(3)(3) (15)(15)(1)(1)
06-16 15:03:42.787 11775 11775 I         : (2)[11775:kworker/u17:0][Power/PPM] (0x80)(-1)(0)(0-7)(15)(13)(4)(4) (15)(14)(3)(3) (15)(15)(1)(1)
06-16 15:03:42.847  1353  1353 I (0)[1353:main_thread][wlan][1353]wlanLinkQualityMonitor: (SW4 INFO) Link Quality: Tx(rate:3600, total:90031, retry:25901, fail:16, RTS fail:0, ACK fail:16), Rx(rate:0, total:247390, dup:1, error:167181), PER(0), Congestion(idle slot:628230671, diff:13215, AwakeDur:6310575)
06-16 15:03:42.853 12349 12349 I         : (1)[12349:kworker/1:0][Power/PPM] (0x80)(-1)(0)(0-7)(15)(0)(4)(4) (15)(0)(3)(3) (15)(15)(1)(1)
06-16 15:03:43.042     0     0 I (2)[2508:mali-cmar-backe][wlan][1345]mtk_cfg80211_vendor_llstats_get_info: (REQ ERROR) EMI mapping not done
06-16 15:03:43.219 12165 12165 I         : (3)[12165:kworker/3:2][Power/PPM] Shrink 11 PPM logs from last 434 ms!
06-16 15:03:43.219 12165 12165 I         : (3)[12165:kworker/3:2][Power/PPM] (0x80)(-1)(0)(0-7)(15)(0)(4)(4) (15)(0)(3)(3) (15)(15)(1)(1)
06-16 15:03:43.221 14306 14306 I         : (0)[14306:kworker/u17:2][Power/PPM] (0x80)(-1)(0)(0-7)(15)(13)(4)(4) (15)(14)(3)(3) (15)(15)(1)(1)
06-16 15:03:43.321 12531 12531 I         : (2)[12531:kworker/2:1][Power/PPM] (0x80)(-1)(0)(0-7)(15)(0)(4)(4) (15)(0)(3)(3) (15)(15)(1)(1)
06-16 15:03:43.322 19429 19429 I         : (0)[19429:kworker/u17:1][Power/PPM] (0x80)(-1)(0)(0-7)(15)(13)(4)(4) (15)(14)(3)(3) (15)(15)(1)(1)
06-16 15:03:43.388 12534 12534 I         : (0)[12534:kworker/0:2][Power/PPM] (0x80)(-1)(0)(0-7)(15)(0)(4)(4) (15)(0)(3)(3) (15)(15)(1)(1)
06-16 15:03:43.776 12349 12349 I         : (1)[12349:kworker/1:0][Power/PPM] Shrink 9 PPM logs from last 556 ms!
06-16 15:03:43.776 12349 12349 I         : (1)[12349:kworker/1:0][Power/PPM] (0x80)(-1)(0)(0-7)(15)(0)(4)(4) (15)(0)(3)(3) (15)(15)(1)(1)
06-16 15:03:43.778 14306 14306 I         : (0)[14306:kworker/u17:2][Power/PPM] (0x80)(-1)(0)(0-7)(15)(13)(4)(4) (15)(14)(3)(3) (15)(15)(1)(1)
06-16 15:03:43.870 12165 12165 I         : (3)[12165:kworker/3:2][Power/PPM] (0x80)(-1)(0)(0-7)(15)(0)(4)(4) (15)(0)(3)(3) (15)(15)(1)(1)
06-16 15:03:43.871  1353  1353 I (3)[1353:main_thread][wlan][1353]wlanLinkQualityMonitor: (SW4 INFO) Link Quality: Tx(rate:3600, total:90031, retry:25902, fail:16, RTS fail:0, ACK fail:16), Rx(rate:0, total:247396, dup:1, error:167239), PER(0), Congestion(idle slot:628264878, diff:34207, AwakeDur:6310997)
06-16 15:03:44.300 12165 12165 I         : (3)[12165:kworker/3:2][Power/PPM] Shrink 15 PPM logs from last 524 ms!
06-16 15:03:44.300 12165 12165 I         : (3)[12165:kworker/3:2][Power/PPM] (0x80)(-1)(0)(0-7)(15)(0)(4)(4) (15)(0)(3)(3) (15)(15)(1)(1)
06-16 15:03:44.322 11775 11775 I         : (1)[11775:kworker/u17:0][Power/PPM] (0x80)(-1)(0)(0-7)(15)(13)(4)(4) (15)(14)(3)(3) (15)(15)(1)(1)
06-16 15:03:44.352 12349 12349 I         : (1)[12349:kworker/1:0][Power/PPM] (0x80)(-1)(0)(0-7)(15)(0)(4)(4) (15)(0)(3)(3) (15)(15)(1)(1)
06-16 15:03:44.688 14306 14306 I         : (2)[14306:kworker/u17:2][Power/PPM] (0x80)(-1)(0)(0-7)(15)(13)(4)(4) (15)(14)(3)(3) (15)(15)(1)(1)
06-16 15:03:44.722 12531 12531 I         : (2)[12531:kworker/2:1][Power/PPM] (0x80)(-1)(0)(0-7)(15)(0)(4)(4) (15)(0)(3)(3) (15)(15)(1)(1)
06-16 15:03:45.170 12534 12534 I         : (0)[12534:kworker/0:2][Power/PPM] Shrink 16 PPM logs from last 533 ms!
06-16 15:03:45.170 12534 12534 I         : (0)[12534:kworker/0:2][Power/PPM] (0x80)(-1)(0)(0-7)(15)(0)(4)(4) (15)(0)(3)(3) (15)(15)(1)(1)
06-16 15:03:45.171 11775 11775 I         : (2)[11775:kworker/u17:0][Power/PPM] (0x80)(-1)(0)(0-7)(15)(13)(4)(4) (15)(14)(3)(3) (15)(15)(1)(1)
06-16 15:03:45.252 12349 12349 I         : (1)[12349:kworker/1:0][Power/PPM] (0x80)(-1)(0)(0-7)(15)(0)(4)(4) (15)(0)(3)(3) (15)(15)(1)(1)
06-16 15:03:45.253 14306 14306 I         : (2)[14306:kworker/u17:2][Power/PPM] (0x80)(-1)(0)(0-7)(15)(13)(4)(4) (15)(14)(3)(3) (15)(15)(1)(1)
06-16 15:03:45.270 12531 12531 I         : (2)[12531:kworker/2:1][Power/PPM] (0x80)(-1)(0)(0-7)(15)(0)(4)(4) (15)(0)(3)(3) (15)(15)(1)(1)
06-16 15:03:45.567 12528 12528 I (5)[12528:kworker/5:1]mt635x-auxadc mt635x-auxadc: name:CHIP_TEMP, channel=4, adc_out=0x629, adc_result=693
06-16 15:03:45.567 12528 12528 I         : (5)[12528:kworker/5:1][pmic_debug] Raw=693, T=34113
06-16 15:03:45.669 12531 12531 I         : (2)[12531:kworker/2:1][Power/PPM] (0x80)(-1)(0)(0-7)(15)(0)(4)(4) (15)(0)(3)(3) (15)(15)(1)(1)
06-16 15:03:45.886     0     0 I         : (0)[2508:mali-cmar-backe][name:spm&][SPM] MCUSYSOFF wake up by  R12_SPM_CPU_WAKEUPEVENT_B, timer_out = 0, r13 = 0x84000c80, debug_flag = 0xf8000000 0x2, r12 = 0x10000000, r12_ext = 0x0, raw_sta = 0x0 0x0 0x0, idle_sta = 0x24143f3, req_sta =  0x17c00000 0x180000 0x50000017 0x1e0fff 0x0, cg_check_sta =0x0, isr = 0x0, raw_ext_sta = 0x784a56, wake_misc = 0x0, pcm_flag = 0x400 0x0 0x400 0x400, req = 0x80,  clk_settle = 0x60fe,
06-16 15:03:45.918  1353  1353 I (0)[1353:main_thread][wlan][1353]wlanLinkQualityMonitor: (SW4 INFO) Link Quality: Tx(rate:3240, total:90047, retry:25904, fail:16, RTS fail:0, ACK fail:16), Rx(rate:0, total:247403, dup:1, error:167249), PER(0), Congestion(idle slot:628314772, diff:6694, AwakeDur:6311467)
06-16 15:03:46.077 12356 12356 I (4)[12356:kworker/4:0][wlan][1345]mtk_cfg80211_vendor_llstats_get_info: (REQ ERROR) EMI mapping not done
06-16 15:03:46.078 12356 12356 E         : (4)[12356:kworker/4:0][TALT] write_kfifo_func 589 : line_pos=175
