06-16 16:35:27.443   202   202 I         : (7)[202:kworker/7:1]change_opp_voltage Update Volt!!, bk:0 opp-2 vol=725000 (750000, 725000, 731250)
06-16 16:35:27.443   202   202 I         : (7)[202:kworker/7:1]change_opp_voltage Update Volt!!, bk:0 opp-3 vol=687500 (700000, 687500, 700000)
06-16 16:35:27.443   202   202 I         : (7)[202:kworker/7:1]change_opp_voltage Update Volt!!, bk:0 opp-4 vol=650000 (650000, 650000, 700000)
06-16 16:35:27.443   202   202 I         : (7)[202:kworker/7:1]change_opp_voltage Update Volt!!, bk:0 opp-5 vol=575000 (575000, 575000, 700000)
06-16 16:35:27.443   202   202 I         : (7)[202:kworker/7:1]change_opp_voltage Update Volt!!, bk:1 opp-0 vol=750000 (800000, 750000, 0)
06-16 16:35:27.443   202   202 I         : (7)[202:kworker/7:1]change_opp_voltage Update Volt!!, bk:1 opp-1 vol=750000 (800000, 750000, 0)
06-16 16:35:27.443   202   202 I         : (7)[202:kworker/7:1]change_opp_voltage Update Volt!!, bk:1 opp-2 vol=725000 (750000, 725000, 731250)
06-16 16:35:27.443   202   202 I         : (7)[202:kworker/7:1]change_opp_voltage Update Volt!!, bk:1 opp-3 vol=687500 (700000, 687500, 700000)
06-16 16:35:27.443   202   202 I         : (7)[202:kworker/7:1]change_opp_voltage Update Volt!!, bk:1 opp-4 vol=650000 (650000, 650000, 700000)
06-16 16:35:27.443   202   202 I         : (7)[202:kworker/7:1]change_opp_voltage Update Volt!!, bk:1 opp-5 vol=575000 (575000, 575000, 700000)
06-16 16:35:27.443   202   202 I         : (7)[202:kworker/7:1]change_opp_voltage Update Volt!!, bk:2 opp-0 vol=750000 (800000, 750000, 0)
06-16 16:35:27.443   202   202 I         : (7)[202:kworker/7:1]change_opp_voltage Update Volt!!, bk:2 opp-1 vol=750000 (800000, 750000, 0)
06-16 16:35:27.443   202   202 I         : (7)[202:kworker/7:1]change_opp_voltage Update Volt!!, bk:2 opp-2 vol=725000 (750000, 725000, 731250)
06-16 16:35:27.443   202   202 I         : (7)[202:kworker/7:1]change_opp_voltage Update Volt!!, bk:2 opp-3 vol=687500 (700000, 687500, 700000)
06-16 16:35:27.443   202   202 I         : (7)[202:kworker/7:1]change_opp_voltage Update Volt!!, bk:2 opp-4 vol=650000 (650000, 650000, 700000)
06-16 16:35:27.443   202   202 I         : (7)[202:kworker/7:1]change_opp_voltage Update Volt!!, bk:2 opp-5 vol=575000 (575000, 575000, 700000)
06-16 16:35:27.443   202   202 I         : (7)[202:kworker/7:1]change_opp_voltage Update Volt!!, bk:5 opp-0 vol=750000 (800000, 750000, 0)
06-16 16:35:27.443   202   202 I         : (7)[202:kworker/7:1]change_opp_voltage Update Volt!!, bk:5 opp-1 vol=750000 (800000, 750000, 0)
06-16 16:35:27.443   202   202 I         : (7)[202:kworker/7:1]change_opp_voltage Update Volt!!, bk:5 opp-2 vol=725000 (750000, 725000, 731250)
06-16 16:35:27.443   202   202 I         : (7)[202:kworker/7:1]change_opp_voltage Update Volt!!, bk:5 opp-3 vol=687500 (700000, 687500, 700000)
06-16 16:35:27.443   202   202 I         : (7)[202:kworker/7:1]change_opp_voltage Update Volt!!, bk:5 opp-4 vol=650000 (650000, 650000, 700000)
06-16 16:35:27.443   202   202 I         : (7)[202:kworker/7:1]change_opp_voltage Update Volt!!, bk:5 opp-5 vol=575000 (575000, 575000, 700000)
06-16 16:35:27.443   202   202 I         : (7)[202:kworker/7:1]change_opp_voltage Update Volt!!, bk:6 opp-0 vol=750000 (800000, 750000, 0)
06-16 16:35:27.443   202   202 I         : (7)[202:kworker/7:1]change_opp_voltage Update Volt!!, bk:6 opp-1 vol=750000 (800000, 750000, 0)
06-16 16:35:27.443   202   202 I         : (7)[202:kworker/7:1]change_opp_voltage Update Volt!!, bk:6 opp-2 vol=725000 (750000, 725000, 731250)
06-16 16:35:27.443   202   202 I         : (7)[202:kworker/7:1]change_opp_voltage Update Volt!!, bk:6 opp-3 vol=687500 (700000, 687500, 700000)
06-16 16:35:27.443   202   202 I         : (7)[202:kworker/7:1]change_opp_voltage Update Volt!!, bk:6 opp-4 vol=650000 (650000, 650000, 700000)
06-16 16:35:27.443   202   202 I         : (7)[202:kworker/7:1]change_opp_voltage Update Volt!!, bk:6 opp-5 vol=575000 (575000, 575000, 700000)
06-16 16:35:27.443   202   202 I (7)[202:kworker/7:1]get_bin_raise_voltage bin_mv: 775000, raise_mv:575000
06-16 16:35:27.443   202   202 I         : (7)[202:kworker/7:1][apu_power_2.0][error] Vol bin: mdla_efuse=6
06-16 16:35:27.443   202   202 I         : (7)[202:kworker/7:1]change_opp_voltage Update Volt!!, bk:3 opp-0 vol=775000 (800000, 775000, 775000)
06-16 16:35:27.443   202   202 I         : (7)[202:kworker/7:1]change_opp_voltage Update Volt!!, bk:3 opp-1 vol=775000 (800000, 775000, 775000)
06-16 16:35:27.443   202   202 I         : (7)[202:kworker/7:1]change_opp_voltage Update Volt!!, bk:3 opp-2 vol=737500 (750000, 737500, 743750)
06-16 16:35:27.443   202   202 I         : (7)[202:kworker/7:1]change_opp_voltage Update Volt!!, bk:3 opp-3 vol=687500 (700000, 687500, 693750)
06-16 16:35:27.443   202   202 I         : (7)[202:kworker/7:1]change_opp_voltage Update Volt!!, bk:3 opp-4 vol=643750 (650000, 643750, 693750)
06-16 16:35:27.443   202   202 I         : (7)[202:kworker/7:1]change_opp_voltage Update Volt!!, bk:3 opp-5 vol=575000 (575000, 575000, 693750)
06-16 16:35:27.443   202   202 I         : (7)[202:kworker/7:1]change_opp_voltage Update Volt!!, bk:4 opp-0 vol=775000 (800000, 775000, 775000)
06-16 16:35:27.443   202   202 I         : (7)[202:kworker/7:1]change_opp_voltage Update Volt!!, bk:4 opp-1 vol=775000 (800000, 775000, 775000)
06-16 16:35:27.443   202   202 I         : (7)[202:kworker/7:1]change_opp_voltage Update Volt!!, bk:4 opp-2 vol=737500 (750000, 737500, 743750)
06-16 16:35:27.443   202   202 I         : (7)[202:kworker/7:1]change_opp_voltage Update Volt!!, bk:4 opp-3 vol=687500 (700000, 687500, 693750)
06-16 16:35:27.443   202   202 I         : (7)[202:kworker/7:1]change_opp_voltage Update Volt!!, bk:4 opp-4 vol=643750 (650000, 643750, 693750)
06-16 16:35:27.443   202   202 I         : (7)[202:kworker/7:1]change_opp_voltage Update Volt!!, bk:4 opp-5 vol=575000 (575000, 575000, 693750)
06-16 16:35:27.443   202   202 I (7)[202:kworker/7:1]segment_user_support_check segment: 0x10
06-16 16:35:27.443   202   202 I (7)[202:kworker/7:1]segment_user_support_check segment: 0x10
06-16 16:35:27.443   202   202 I (7)[202:kworker/7:1]segment_user_support_check segment: 0x10
06-16 16:35:27.443   202   202 I (7)[202:kworker/7:1]segment_user_support_check segment: 0x10
06-16 16:35:27.443   202   202 I (7)[202:kworker/7:1]segment_user_support_check segment: 0x10
06-16 16:35:27.443   202   202 I (7)[202:kworker/7:1]apusys_power 190f0000.apusys_power: Linked as a consumer to regulator.2
06-16 16:35:27.443   202   202 I (7)[202:kworker/7:1]apusys_power 190f0000.apusys_power: Linked as a consumer to regulator.36
06-16 16:35:27.443   202   202 I (7)[202:kworker/7:1]apusys_power 190f0000.apusys_power: Linked as a consumer to regulator.9
06-16 16:35:27.443   202   202 I (7)[202:kworker/7:1]apusys_power 190f0000.apusys_power: Linked as a consumer to regulator.8
06-16 16:35:27.445     1     1 I         : (4)[1:swapper/0][apu_power_2.0][error] failed to create debug dir.
06-16 16:35:27.445     1     1 I         : (4)[1:swapper/0]mtk_iommu_attach_pgtable, 1825, iommu:2 backup pgtable base addr=0x8f320000, quiks=0xf
06-16 16:35:27.446     1     1 I         : (4)[1:swapper/0][reviser][error] reviser_dbg_init failed to create debug dir.
06-16 16:35:27.446     1     1 I         : (4)[1:swapper/0][apusys][mnoc][error] create_debugfs failed to create debugfs dir
06-16 16:35:27.446   202   202 I (7)[202:kworker/7:1]ID-13: MUX PDN, return 0.
06-16 16:35:27.446   202   202 I (7)[202:kworker/7:1]ID-13: MUX PDN, return 0.
06-16 16:35:27.446     1     1 I         : (4)[1:swapper/0][apusys]mdw_probe +
06-16 16:35:27.447     1     1 I         : (4)[1:swapper/0][apusys]mdw_probe -
06-16 16:35:27.447     1     1 I         : (4)[1:swapper/0]debug_INIT debug driver init
06-16 16:35:27.447     1     1 I         : (4)[1:swapper/0]debug_probe in
06-16 16:35:27.447     1     1 I         : (4)[1:swapper/0]edma_init in
06-16 16:35:27.448     1     1 I         : (4)[1:swapper/0]edma probe done
06-16 16:35:27.449     1     1 I         : (4)[1:swapper/0]SSPM platform service is ready
06-16 16:35:27.449     1     1 I (4)[1:swapper/0][SSPM_TS] ts: cycle_last 136272820, time_base:961505463, wrap:4000000000000
06-16 16:35:27.449     1     1 I         : (4)[1:swapper/0][SSPM_TS] update base: ts=961511539, tick=0x81f5c03, fz=0, ver=1
06-16 16:35:27.449     1     1 I         : (4)[1:swapper/0]aee kernel api ready
06-16 16:35:27.449     1     1 I (4)[1:swapper/0]hangdet_init: compatible node found: watchdog
06-16 16:35:27.449     1     1 I (4)[1:swapper/0]hangdet_init: compatible node found: systimer
06-16 16:35:27.449     1     1 I         : (4)[1:swapper/0]hangdet_init systimer_cnt 136277624
06-16 16:35:27.449     1     1 I         : (4)[1:swapper/0]hangdet_init set wdk_ktime 961879924
06-16 16:35:27.449   135   135 I         : (0)[135:kworker/u16:1][wdk] bind thread 249 to cpu 0
06-16 16:35:27.450     0     0 I         : (0)[249:wdtk-0][wdk-c] cpu=0 o_k=0 lbit=0x1 cbit=0xff,fe,7,1,961889540,1,0,0,0,0,[962035617,15000000] 28
06-16 16:35:27.450   135   135 I         : (0)[135:kworker/u16:1][wdk] bind thread 250 to cpu 1
06-16 16:35:27.450   202   202 I (7)[202:kworker/7:1]ID-20: MUX PDN, return 0.
06-16 16:35:27.450   135   135 I         : (0)[135:kworker/u16:1][wdk] bind thread 251 to cpu 2
06-16 16:35:27.450   202   202 I (7)[202:kworker/7:1]ID-20: MUX PDN, return 0.
06-16 16:35:27.450     0     0 I         : (2)[251:wdtk-2][wdk-c] cpu=2 o_k=2 lbit=0x5 cbit=0xff,fa,7,1,961889540,7,0,0,0,0,[962162463,14999872] 28
06-16 16:35:27.450   135   135 I         : (0)[135:kworker/u16:1][wdk] bind thread 252 to cpu 3
06-16 16:35:27.450     0     0 I         : (3)[252:wdtk-3][wdk-c] cpu=3 o_k=3 lbit=0xd cbit=0xff,f2,7,1,961889540,f,0,0,0,0,[962222694,14999812] 28
06-16 16:35:27.450   135   135 I         : (0)[135:kworker/u16:1][wdk] bind thread 253 to cpu 4
06-16 16:35:27.450     1     1 I (4)[1:swapper/0]mtk-mmsram 1f005000.mmsram: probe va=000000009b711f04 pa=00000000a6f4d5cd size=0x160000
06-16 16:35:27.450   135   135 I         : (0)[135:kworker/u16:1][wdk] bind thread 254 to cpu 5
06-16 16:35:27.450     0     0 I         : (5)[254:wdtk-5][wdk-c] cpu=5 o_k=5 lbit=0x2d cbit=0xff,d2,7,1,961889540,3f,0,0,0,0,[962411617,14999623] 28
06-16 16:35:27.450     1     1 I (4)[1:swapper/0]MTK-BTIF[I]mtk_btif_probe: DO BTIF PROBE
06-16 16:35:27.450     1     1 I (4)[1:swapper/0]MTK-BTIF[E]hal_btif_clk_get_and_prepare(292): [CCF]clk_btif=00000000fe17ea9d
06-16 16:35:27.450   135   135 I         : (0)[135:kworker/u16:1][wdk] bind thread 255 to cpu 6
06-16 16:35:27.450     1     1 I (4)[1:swapper/0]MTK-BTIF[E]hal_btif_clk_get_and_prepare(298): [CCF]clk_btif_apdma=00000000f65a513d
06-16 16:35:27.450     0     0 I         : (6)[255:wdtk-6][wdk-c] cpu=6 o_k=6 lbit=0x6d cbit=0xff,92,7,1,961889540,7f,0,0,0,0,[962473155,14999561] 28
06-16 16:35:27.450     0     0 I         : (4)[253:wdtk-4][wdk-c] cpu=4 o_k=4 lbit=0x7d cbit=0xff,82,7,1,961889540,7f,0,0,0,0,[962495078,14999539] 28
06-16 16:35:27.450   135   135 I         : (0)[135:kworker/u16:1][wdk] bind thread 256 to cpu 7
06-16 16:35:27.450   135   135 I         : (0)[135:kworker/u16:1][wdk] WDT start kicker done CPU_NR=8 online cpu NR8
06-16 16:35:27.450   135   135 I         : (0)[135:kworker/u16:1][wdk]init_wk done late_initcall cpus_kick_bit=0xff -----
06-16 16:35:27.450     0     0 I         : (7)[256:wdtk-7][wdk-c] cpu=7 o_k=7 lbit=0xfd cbit=0xff,2,7,1,961889540,ff,0,0,0,0,[962534771,14999500] 28
06-16 16:35:27.450     1     1 I (5)[1:swapper/0]MTK-BTIF[I]BTIF_init: p_btif_buffer get memory 0x0000000067e40dd8
06-16 16:35:27.450     1     1 I (5)[1:swapper/0]MTK-BTIF[I]BTIF_init: p_tx_queue get memory 0x000000003b1d3b27
06-16 16:35:27.450     1     1 I (5)[1:swapper/0]MTK-BTIF[I]BTIF_init: p_rx_queue get memory 0x0000000028e936a5
06-16 16:35:27.450     1     1 I (5)[1:swapper/0]MTK-BTIF[I]hal_btif_info_get: _btif_tx_fifo_init succeed
06-16 16:35:27.450     1     1 I (5)[1:swapper/0]MTK-BTIF[I]_btif_set_default_setting: get btif irq(17),register base(0xffffff800b14d000)
06-16 16:35:27.450     1     1 I (5)[1:swapper/0]MTK-BTIF[I]_btif_set_default_setting: get interrupt flag(0x4)
06-16 16:35:27.450     1     1 I (5)[1:swapper/0]MTK-BTIF[I]_btif_set_default_setting: get register phy base(0x1100c000)
06-16 16:35:27.450     1     1 I (5)[1:swapper/0]MTK-BTIF-DMA[I]hal_dma_set_default_setting: tx_dma irq(18),register base(0xffffff800b155d80)
06-16 16:35:27.450     1     1 I (5)[1:swapper/0]MTK-BTIF-DMA[I]hal_dma_set_default_setting: get interrupt flag(0x4)
06-16 16:35:27.450     1     1 I (5)[1:swapper/0]MTK-BTIF-DMA[I]hal_dma_set_default_setting: get phy base dma_dir(1)(0x11000d80)
06-16 16:35:27.450     1     1 I (5)[1:swapper/0]MTK-BTIF[I]_btif_vfifo_init: alloc vFIFO succeed in arch64,vir addr:0x000000005f21ff21,phy addr:0xfec00000
06-16 16:35:27.450     1     1 I (5)[1:swapper/0]MTK-BTIF-DMA[I]hal_dma_set_default_setting: rx_dma irq(19),register base(0xffffff800b15de00)
06-16 16:35:27.450     1     1 I (5)[1:swapper/0]MTK-BTIF-DMA[I]hal_dma_set_default_setting: get interrupt flag(0x4)
06-16 16:35:27.450     1     1 I (5)[1:swapper/0]MTK-BTIF-DMA[I]hal_dma_set_default_setting: get phy base dma_dir(0)(0x11000e00)
06-16 16:35:27.450     1     1 I (5)[1:swapper/0]MTK-BTIF[I]_btif_vfifo_init: alloc vFIFO succeed in arch64,vir addr:0x00000000e70fcfa3,phy addr:0xfec02000
06-16 16:35:27.451     1     1 I (5)[1:swapper/0]MTK-BTIF[I]_btif_rx_btm_init: set RT to workqueue succeed
06-16 16:35:27.451     1     1 W         : -(5)[1:swapper/0]Perf order domain is not ready!
06-16 16:35:27.451     1     1 I (5)[1:swapper/0]MTK-BTIF[I]_btif_rx_btm_init: btif_rxd start to work!
06-16 16:35:27.451     1     1 I (5)[1:swapper/0]MTK-BTIF[I]_btif_rx_btm_init: rx_spin_lock init succeed
06-16 16:35:27.451     1     1 I (5)[1:swapper/0]MTK-BTIF[I]_btif_tx_ctx_init: nothing is done when btif tx in user's thread
06-16 16:35:27.451     1     1 I (5)[1:swapper/0]MTK-BTIF[I]_btif_tx_ctx_init: succeed
06-16 16:35:27.451     1     1 I         : -(5)[1:swapper/0][name:mtk_lpm][P] - suspend-method:s2idle (mtk_lpm_init:399)
06-16 16:35:27.451     1     1 I         : (5)[1:swapper/0][name:mtk_lpm][P] - /kp@10010000 set irq(0) as type = 0x1
06-16 16:35:27.451     1     1 I         : (5)[1:swapper/0][name:mtk_lpm][P] - irq_106, wakeup-src=0x4 (/kp@10010000) (mtk_lpm_irqremain_parsing:249)
06-16 16:35:27.451     1     1 I         : (5)[1:swapper/0][name:mtk_lpm][P] - /mddriver set irq(0) as type = 0x1
06-16 16:35:27.451     1     1 I         : (5)[1:swapper/0][name:mtk_lpm][P] - irq_110, wakeup-src=0x2000000 (/mddriver) (mtk_lpm_irqremain_parsing:249)
06-16 16:35:27.451     1     1 I         : (5)[1:swapper/0][name:mtk_lpm][P] - /vpu_core0@19030000 irq(0) type = 0x4 ?
06-16 16:35:27.451     1     1 I         : (5)[1:swapper/0][name:mtk_lpm][P] - irq_451, wakeup-src=0x0 (/vpu_core0@19030000) (mtk_lpm_irqremain_parsing:249)
06-16 16:35:27.451     1     1 I         : (5)[1:swapper/0][name:mtk_lpm][P] - /vpu_core1@19031000 irq(0) type = 0x4 ?
06-16 16:35:27.451     1     1 I         : (5)[1:swapper/0][name:mtk_lpm][P] - irq_452, wakeup-src=0x0 (/vpu_core1@19031000) (mtk_lpm_irqremain_parsing:249)
06-16 16:35:27.451     1     1 I         : (5)[1:swapper/0][name:mtk_lpm][P] - /vpu_core2@19032000 irq(0) type = 0x4 ?
06-16 16:35:27.451     1     1 I         : (5)[1:swapper/0][name:mtk_lpm][P] - irq_453, wakeup-src=0x0 (/vpu_core2@19032000) (mtk_lpm_irqremain_parsing:249)
06-16 16:35:27.451     1     1 I         : (5)[1:swapper/0][name:mtk_lpm][P] - /mdla@19036000 irq(0) type = 0x4 ?
06-16 16:35:27.451     1     1 I         : (5)[1:swapper/0][name:mtk_lpm][P] - irq_445, wakeup-src=0x0 (/mdla@19036000) (mtk_lpm_irqremain_parsing:249)
06-16 16:35:27.451     1     1 I         : (5)[1:swapper/0][name:mtk_lpm][P] - /mdla@19036000 irq(1) type = 0x4 ?
06-16 16:35:27.451     1     1 I         : (5)[1:swapper/0][name:mtk_lpm][P] - irq_446, wakeup-src=0x0 (/mdla@19036000) (mtk_lpm_irqremain_parsing:249)
06-16 16:35:27.451     1     1 I         : (5)[1:swapper/0][name:mtk_lpm][P] - /edma0@19027000 irq(0) type = 0x4 ?
06-16 16:35:27.451     1     1 I         : (5)[1:swapper/0][name:mtk_lpm][P] - irq_447, wakeup-src=0x0 (/edma0@19027000) (mtk_lpm_irqremain_parsing:249)
06-16 16:35:27.451     1     1 I         : (5)[1:swapper/0][name:mtk_lpm][P] - /edma1@19028000 irq(0) type = 0x4 ?
06-16 16:35:27.451     1     1 I         : (5)[1:swapper/0][name:mtk_lpm][P] - irq_448, wakeup-src=0x0 (/edma1@19028000) (mtk_lpm_irqremain_parsing:249)
06-16 16:35:27.451     1     1 I         : (5)[1:swapper/0][name:mtk_lpm][P] - /mali@13000000 irq(0) type = 0x4 ?
06-16 16:35:27.451     1     1 I         : (5)[1:swapper/0][name:mtk_lpm][P] - irq_394, wakeup-src=0x0 (/mali@13000000) (mtk_lpm_irqremain_parsing:249)
06-16 16:35:27.451     1     1 I         : (5)[1:swapper/0][name:mtk_lpm][P] - /mali@13000000 irq(1) type = 0x4 ?
06-16 16:35:27.451     1     1 I         : (5)[1:swapper/0][name:mtk_lpm][P] - irq_395, wakeup-src=0x0 (/mali@13000000) (mtk_lpm_irqremain_parsing:249)
06-16 16:35:27.451     1     1 I         : (5)[1:swapper/0][name:mtk_lpm][P] - /mali@13000000 irq(2) type = 0x4 ?
06-16 16:35:27.451     1     1 I         : (5)[1:swapper/0][name:mtk_lpm][P] - irq_396, wakeup-src=0x0 (/mali@13000000) (mtk_lpm_irqremain_parsing:249)
06-16 16:35:27.451     1     1 I         : (5)[1:swapper/0][name:mtk_lpm][P] - /mali@13000000 irq(3) type = 0x4 ?
06-16 16:35:27.451     1     1 I         : (5)[1:swapper/0][name:mtk_lpm][P] - irq_397, wakeup-src=0x0 (/mali@13000000) (mtk_lpm_irqremain_parsing:249)
06-16 16:35:27.451     1     1 I         : (5)[1:swapper/0][name:mtk_lpm][P] - /mali@13000000 irq(4) type = 0x4 ?
06-16 16:35:27.451     1     1 I         : (5)[1:swapper/0][name:mtk_lpm][P] - irq_398, wakeup-src=0x0 (/mali@13000000) (mtk_lpm_irqremain_parsing:249)
06-16 16:35:27.451     1     1 I         : (5)[1:swapper/0][name:mtk_lpm][P] - /i2c0@11015000 irq(0) type = 0x4 ?
06-16 16:35:27.451     1     1 I         : (5)[1:swapper/0][name:mtk_lpm][P] - irq_144, wakeup-src=0x0 (/i2c0@11015000) (mtk_lpm_irqremain_parsing:249)
06-16 16:35:27.451     1     1 I         : (5)[1:swapper/0][name:mtk_lpm][P] - /btif@1100c000 irq(1) type = 0x4 ?
06-16 16:35:27.451     1     1 I         : (5)[1:swapper/0][name:mtk_lpm][P] - irq_184, wakeup-src=0x0 (/btif@1100c000) (mtk_lpm_irqremain_parsing:249)
06-16 16:35:27.451     1     1 I         : (5)[1:swapper/0][name:mtk_lpm][P] - /btif@1100c000 irq(2) type = 0x4 ?
06-16 16:35:27.451     1     1 I         : (5)[1:swapper/0][name:mtk_lpm][P] - irq_185, wakeup-src=0x0 (/btif@1100c000) (mtk_lpm_irqremain_parsing:249)
06-16 16:35:27.451     1     1 I         : (5)[1:swapper/0][name:mtk_lpm][P] - /bt@18000000 irq(0) type = 0x4 ?
06-16 16:35:27.451     1     1 I         : (5)[1:swapper/0][name:mtk_lpm][P] - irq_408, wakeup-src=0x0 (/bt@18000000) (mtk_lpm_irqremain_parsing:249)
06-16 16:35:27.451     1     1 I (5)[1:swapper/0]mtk_dbg_common_fs_init 243: finish
06-16 16:35:27.451     1     1 I (5)[1:swapper/0]mt6885_dbg_init 36: finish
06-16 16:35:27.454     1     1 I (5)[1:swapper/0][fps]: drm_register_fps_chg_callback, entry[0] done!
06-16 16:35:27.454     1     1 I (5)[1:swapper/0]MMP: mmprofile_enable(): enable: 1
06-16 16:35:27.454     1     1 I (5)[1:swapper/0]MMP: mmprofile_force_start(): start: 1
06-16 16:35:27.454     1     1 I (5)[1:swapper/0][mmdvfs]vcore_steps: [1, 2, 3, 4, 0, 0], count:4
06-16 16:35:27.454     1     1 I         : (5)[1:swapper/0][mmdvfs]start get step node of disp_freq
06-16 16:35:27.454     1     1 I         : (5)[1:swapper/0][mmdvfs] node name disp_step0
06-16 16:35:27.454     1     1 I         : (5)[1:swapper/0][mmdvfs]Get module clock: TOP_MUX_DISP
06-16 16:35:27.454     1     1 I         : (5)[1:swapper/0][mmdvfs]Get module clock: TOP_MAINPLL_D4
06-16 16:35:27.454     1     1 I (5)[1:swapper/0][mmdvfs]disp_step0: 546MHz, clk:1/0/10
06-16 16:35:27.454     1     1 I         : (5)[1:swapper/0][mmdvfs]read freq steps disp_step0_ext failed (-22)
06-16 16:35:27.454     1     1 I         : (5)[1:swapper/0][mmdvfs] node name disp_step1
06-16 16:35:27.454     1     1 I         : (5)[1:swapper/0][mmdvfs]Get module clock: TOP_MUX_DISP
06-16 16:35:27.455     1     1 I         : (5)[1:swapper/0][mmdvfs]Get module clock: TOP_UNIVPLL_D6
06-16 16:35:27.455     1     1 I (5)[1:swapper/0][mmdvfs]disp_step1: 416MHz, clk:1/0/11
06-16 16:35:27.455     1     1 I         : (5)[1:swapper/0][mmdvfs]read freq steps disp_step1_ext failed (-22)
06-16 16:35:27.455     1     1 I         : (5)[1:swapper/0][mmdvfs] node name disp_step2
06-16 16:35:27.455     1     1 I         : (5)[1:swapper/0][mmdvfs]Get module clock: TOP_MUX_DISP
06-16 16:35:27.455     1     1 I         : (5)[1:swapper/0][mmdvfs]Get module clock: TOP_UNIVPLL_D4_D2
06-16 16:35:27.455     1     1 I (5)[1:swapper/0][mmdvfs]disp_step2: 312MHz, clk:1/0/12
06-16 16:35:27.455     1     1 I         : (5)[1:swapper/0][mmdvfs]read freq steps disp_step2_ext failed (-22)
06-16 16:35:27.455     1     1 I         : (5)[1:swapper/0][mmdvfs] node name disp_step3
06-16 16:35:27.455     1     1 I         : (5)[1:swapper/0][mmdvfs]Get module clock: TOP_MUX_DISP
06-16 16:35:27.455     1     1 I         : (5)[1:swapper/0][mmdvfs]Get module clock: TOP_UNIVPLL_D5_D2
06-16 16:35:27.455     1     1 I (5)[1:swapper/0][mmdvfs]disp_step3: 249MHz, clk:1/0/13
06-16 16:35:27.455     1     1 I         : (5)[1:swapper/0][mmdvfs]read freq steps disp_step3_ext failed (-22)
06-16 16:35:27.455     1     1 I (5)[1:swapper/0][mmdvfs]disp_freq: step size:4
06-16 16:35:27.455     1     1 I (5)[1:swapper/0][mmdvfs]disp_freq: add notifier
06-16 16:35:27.455     1     1 I         : (5)[1:swapper/0][mmdvfs]MMDVFS limit is off
06-16 16:35:27.455     1     1 I         : (5)[1:swapper/0][mmdvfs]start get step node of mdp_freq
06-16 16:35:27.455     1     1 I         : (5)[1:swapper/0][mmdvfs] node name mdp_step0
06-16 16:35:27.455     1     1 I         : (5)[1:swapper/0][mmdvfs]Get module clock: TOP_MUX_MDP
06-16 16:35:27.455     1     1 I         : (5)[1:swapper/0][mmdvfs]Get module clock: TOP_TVDPLL_CK
06-16 16:35:27.455     1     1 I (5)[1:swapper/0][mmdvfs]mdp_step0: 594MHz, clk:1/1/14
06-16 16:35:27.455     1     1 I         : (5)[1:swapper/0][mmdvfs]read freq steps mdp_step0_ext failed (-22)
06-16 16:35:27.455     1     1 I         : (5)[1:swapper/0][mmdvfs] node name mdp_step1
06-16 16:35:27.455     1     1 I         : (5)[1:swapper/0][mmdvfs]Get module clock: TOP_MUX_MDP
06-16 16:35:27.455     1     1 I         : (5)[1:swapper/0][mmdvfs]Get module clock: TOP_UNIVPLL_D6
06-16 16:35:27.455     1     1 I (5)[1:swapper/0][mmdvfs]mdp_step1: 416MHz, clk:1/1/11
06-16 16:35:27.455     1     1 I         : (5)[1:swapper/0][mmdvfs]read freq steps mdp_step1_ext failed (-22)
06-16 16:35:27.455     1     1 I         : (5)[1:swapper/0][mmdvfs] node name mdp_step2
06-16 16:35:27.455     1     1 I         : (5)[1:swapper/0][mmdvfs]Get module clock: TOP_MUX_MDP
06-16 16:35:27.455     1     1 I         : (5)[1:swapper/0][mmdvfs]Get module clock: TOP_UNIVPLL_D4_D2
06-16 16:35:27.455     1     1 I (5)[1:swapper/0][mmdvfs]mdp_step2: 312MHz, clk:1/1/12
06-16 16:35:27.455     1     1 I         : (5)[1:swapper/0][mmdvfs]read freq steps mdp_step2_ext failed (-22)
06-16 16:35:27.455     1     1 I         : (5)[1:swapper/0][mmdvfs] node name mdp_step3
06-16 16:35:27.455     1     1 I         : (5)[1:swapper/0][mmdvfs]Get module clock: TOP_MUX_MDP
06-16 16:35:27.455     1     1 I         : (5)[1:swapper/0][mmdvfs]Get module clock: TOP_MAINPLL_D4_D2
06-16 16:35:27.455     1     1 I (5)[1:swapper/0][mmdvfs]mdp_step3: 273MHz, clk:1/1/15
06-16 16:35:27.455     1     1 I         : (5)[1:swapper/0][mmdvfs]read freq steps mdp_step3_ext failed (-22)
06-16 16:35:27.455     1     1 I (5)[1:swapper/0][mmdvfs]mdp_freq: step size:4
06-16 16:35:27.455     1     1 I (5)[1:swapper/0][mmdvfs]mdp_freq: add notifier
06-16 16:35:27.455     1     1 I         : (5)[1:swapper/0][mmdvfs]MMDVFS limit is off
06-16 16:35:27.455     1     1 I         : (5)[1:swapper/0][mmdvfs]start get step node of vdec_freq
06-16 16:35:27.455     1     1 I         : (5)[1:swapper/0][mmdvfs] node name vdec_step0
06-16 16:35:27.455     1     1 I         : (5)[1:swapper/0][mmdvfs]Get module clock: TOP_MUX_VDEC
06-16 16:35:27.455     1     1 I         : (5)[1:swapper/0][mmdvfs]Get module clock: TOP_MAINPLL_D4
06-16 16:35:27.455     1     1 I (5)[1:swapper/0][mmdvfs]vdec_step0: 546MHz, clk:1/6/10
06-16 16:35:27.455     1     1 I         : (5)[1:swapper/0][mmdvfs]read freq steps vdec_step0_ext failed (-22)
06-16 16:35:27.455     1     1 I         : (5)[1:swapper/0][mmdvfs] node name vdec_step1
06-16 16:35:27.455     1     1 I         : (5)[1:swapper/0][mmdvfs]Get module clock: TOP_MUX_VDEC
06-16 16:35:27.455     1     1 I         : (5)[1:swapper/0][mmdvfs]Get module clock: TOP_UNIVPLL_D6
06-16 16:35:27.455     1     1 I (5)[1:swapper/0][mmdvfs]vdec_step1: 416MHz, clk:1/6/11
06-16 16:35:27.455     1     1 I         : (5)[1:swapper/0][mmdvfs]read freq steps vdec_step1_ext failed (-22)
06-16 16:35:27.455     1     1 I         : (5)[1:swapper/0][mmdvfs] node name vdec_step2
06-16 16:35:27.455     1     1 I         : (5)[1:swapper/0][mmdvfs]Get module clock: TOP_MUX_VDEC
06-16 16:35:27.455     1     1 I         : (5)[1:swapper/0][mmdvfs]Get module clock: TOP_UNIVPLL_D4_D2
06-16 16:35:27.455     1     1 I (5)[1:swapper/0][mmdvfs]vdec_step2: 312MHz, clk:1/6/12
06-16 16:35:27.455     1     1 I         : (5)[1:swapper/0][mmdvfs]read freq steps vdec_step2_ext failed (-22)
06-16 16:35:27.455     1     1 I         : (5)[1:swapper/0][mmdvfs] node name vdec_step3
06-16 16:35:27.455     1     1 I         : (5)[1:swapper/0][mmdvfs]Get module clock: TOP_MUX_VDEC
06-16 16:35:27.455     1     1 I         : (5)[1:swapper/0][mmdvfs]Get module clock: TOP_UNIVPLL_D5_D2
06-16 16:35:27.455     1     1 I (5)[1:swapper/0][mmdvfs]vdec_step3: 249MHz, clk:1/6/13
06-16 16:35:27.455     1     1 I         : (5)[1:swapper/0][mmdvfs]read freq steps vdec_step3_ext failed (-22)
06-16 16:35:27.455     1     1 I (5)[1:swapper/0][mmdvfs]vdec_freq: step size:4
06-16 16:35:27.455     1     1 I (5)[1:swapper/0][mmdvfs]vdec_freq: add notifier
06-16 16:35:27.455     1     1 I         : (5)[1:swapper/0][mmdvfs]MMDVFS limit is off
06-16 16:35:27.455     1     1 I         : (5)[1:swapper/0][mmdvfs]start get step node of venc_freq
06-16 16:35:27.455     1     1 I         : (5)[1:swapper/0][mmdvfs] node name venc_step0
06-16 16:35:27.455     1     1 I         : (5)[1:swapper/0][mmdvfs]Get module clock: TOP_MUX_VENC
06-16 16:35:27.455     1     1 I         : (5)[1:swapper/0][mmdvfs]Get module clock: TOP_UNIVPLL_D4
06-16 16:35:27.455     1     1 I (5)[1:swapper/0][mmdvfs]venc_step0: 624MHz, clk:1/5/16
06-16 16:35:27.455     1     1 I         : (5)[1:swapper/0][mmdvfs]read freq steps venc_step0_ext failed (-22)
06-16 16:35:27.455     1     1 I         : (5)[1:swapper/0][mmdvfs] node name venc_step1
06-16 16:35:27.455     1     1 I         : (5)[1:swapper/0][mmdvfs]Get module clock: TOP_MUX_VENC
06-16 16:35:27.455     1     1 I         : (5)[1:swapper/0][mmdvfs]Get module clock: TOP_UNIVPLL_D6
06-16 16:35:27.455     1     1 I (5)[1:swapper/0][mmdvfs]venc_step1: 416MHz, clk:1/5/11
06-16 16:35:27.455     1     1 I         : (5)[1:swapper/0][mmdvfs]read freq steps venc_step1_ext failed (-22)
06-16 16:35:27.455     1     1 I         : (5)[1:swapper/0][mmdvfs] node name venc_step2
06-16 16:35:27.455     1     1 I         : (5)[1:swapper/0][mmdvfs]Get module clock: TOP_MUX_VENC
06-16 16:35:27.455     1     1 I         : (5)[1:swapper/0][mmdvfs]Get module clock: TOP_UNIVPLL_D4_D2
06-16 16:35:27.455     1     1 I (5)[1:swapper/0][mmdvfs]venc_step2: 312MHz, clk:1/5/12
06-16 16:35:27.455     1     1 I         : (5)[1:swapper/0][mmdvfs]read freq steps venc_step2_ext failed (-22)
06-16 16:35:27.455     1     1 I         : (5)[1:swapper/0][mmdvfs] node name venc_step3
06-16 16:35:27.455     1     1 I         : (5)[1:swapper/0][mmdvfs]Get module clock: TOP_MUX_VENC
06-16 16:35:27.455     1     1 I         : (5)[1:swapper/0][mmdvfs]Get module clock: TOP_MAINPLL_D4_D2
06-16 16:35:27.455     1     1 I (5)[1:swapper/0][mmdvfs]venc_step3: 273MHz, clk:1/5/15
06-16 16:35:27.455     1     1 I         : (5)[1:swapper/0][mmdvfs]read freq steps venc_step3_ext failed (-22)
06-16 16:35:27.455     1     1 I (5)[1:swapper/0][mmdvfs]venc_freq: step size:4
06-16 16:35:27.455     1     1 I (5)[1:swapper/0][mmdvfs]venc_freq: add notifier
06-16 16:35:27.455     1     1 I         : (5)[1:swapper/0][mmdvfs]MMDVFS limit is off
06-16 16:35:27.455     1     1 I         : (5)[1:swapper/0][mmdvfs]start get step node of img_freq
06-16 16:35:27.455     1     1 I         : (5)[1:swapper/0][mmdvfs] node name img_step0
06-16 16:35:27.455     1     1 I         : (5)[1:swapper/0][mmdvfs]Get module clock: TOP_MUX_IMG1
06-16 16:35:27.455     1     1 I         : (5)[1:swapper/0][mmdvfs]Get module clock: TOP_UNIVPLL_D4
06-16 16:35:27.455     1     1 I (5)[1:swapper/0][mmdvfs]img_step0: 624MHz, clk:1/3/16
06-16 16:35:27.455     1     1 I         : (5)[1:swapper/0][mmdvfs]read freq steps img_step0_ext failed (-22)
06-16 16:35:27.455     1     1 I         : (5)[1:swapper/0][mmdvfs] node name img_step1
06-16 16:35:27.455     1     1 I         : (5)[1:swapper/0][mmdvfs]Get module clock: TOP_MUX_IMG1
06-16 16:35:27.455     1     1 I         : (5)[1:swapper/0][mmdvfs]Get module clock: TOP_UNIVPLL_D6
06-16 16:35:27.455     1     1 I (5)[1:swapper/0][mmdvfs]img_step1: 416MHz, clk:1/3/11
06-16 16:35:27.455     1     1 I         : (5)[1:swapper/0][mmdvfs]read freq steps img_step1_ext failed (-22)
06-16 16:35:27.455     1     1 I         : (5)[1:swapper/0][mmdvfs] node name img_step2
06-16 16:35:27.455     1     1 I         : (5)[1:swapper/0][mmdvfs]Get module clock: TOP_MUX_IMG1
06-16 16:35:27.455     1     1 I         : (5)[1:swapper/0][mmdvfs]Get module clock: TOP_MMPLL_D4_D2
06-16 16:35:27.455     1     1 I (5)[1:swapper/0][mmdvfs]img_step2: 343MHz, clk:1/3/19
06-16 16:35:27.455     1     1 I         : (5)[1:swapper/0][mmdvfs]read freq steps img_step2_ext failed (-22)
06-16 16:35:27.455     1     1 I         : (5)[1:swapper/0][mmdvfs] node name img_step3
06-16 16:35:27.455     1     1 I         : (5)[1:swapper/0][mmdvfs]Get module clock: TOP_MUX_IMG1
06-16 16:35:27.455     1     1 I         : (5)[1:swapper/0][mmdvfs]Get module clock: TOP_MAINPLL_D4_D2
06-16 16:35:27.455     1     1 I (5)[1:swapper/0][mmdvfs]img_step3: 273MHz, clk:1/3/15
06-16 16:35:27.455     1     1 I         : (5)[1:swapper/0][mmdvfs]read freq steps img_step3_ext failed (-22)
06-16 16:35:27.455     1     1 I (5)[1:swapper/0][mmdvfs]img_freq: step size:4
06-16 16:35:27.455     1     1 I (5)[1:swapper/0][mmdvfs]img_freq: add notifier
06-16 16:35:27.455     1     1 I         : (5)[1:swapper/0][mmdvfs]MMDVFS limit is off
06-16 16:35:27.455     1     1 I         : (5)[1:swapper/0][mmdvfs]start get step node of cam_freq
06-16 16:35:27.455     1     1 I         : (5)[1:swapper/0][mmdvfs] node name cam_step0
06-16 16:35:27.455     1     1 I         : (5)[1:swapper/0][mmdvfs]Get module clock: TOP_MUX_CAM
06-16 16:35:27.455     1     1 I         : (5)[1:swapper/0][mmdvfs]Get module clock: TOP_UNIVPLL_D4
06-16 16:35:27.455     1     1 I (5)[1:swapper/0][mmdvfs]cam_step0: 624MHz, clk:1/2/16
06-16 16:35:27.455     1     1 I         : (5)[1:swapper/0][mmdvfs]read freq steps cam_step0_ext failed (-22)
06-16 16:35:27.455     1     1 I         : (5)[1:swapper/0][mmdvfs] node name cam_step1
06-16 16:35:27.455     1     1 I         : (5)[1:swapper/0][mmdvfs]Get module clock: TOP_MUX_CAM
06-16 16:35:27.455     1     1 I         : (5)[1:swapper/0][mmdvfs]Get module clock: TOP_UNIVPLL_D5
06-16 16:35:27.455     1     1 I (5)[1:swapper/0][mmdvfs]cam_step1: 499MHz, clk:1/2/17
06-16 16:35:27.455     1     1 I         : (5)[1:swapper/0][mmdvfs]read freq steps cam_step1_ext failed (-22)
06-16 16:35:27.455     1     1 I         : (5)[1:swapper/0][mmdvfs] node name cam_step2
06-16 16:35:27.455     1     1 I         : (5)[1:swapper/0][mmdvfs]Get module clock: TOP_MUX_CAM
06-16 16:35:27.455     1     1 I         : (5)[1:swapper/0][mmdvfs]Get module clock: TOP_MMPLL_D7
06-16 16:35:27.455     1     1 I (5)[1:swapper/0][mmdvfs]cam_step2: 392MHz, clk:1/2/18
06-16 16:35:27.455     1     1 I         : (5)[1:swapper/0][mmdvfs]read freq steps cam_step2_ext failed (-22)
06-16 16:35:27.455     1     1 I         : (5)[1:swapper/0][mmdvfs] node name cam_step3
06-16 16:35:27.455     1     1 I         : (5)[1:swapper/0][mmdvfs]Get module clock: TOP_MUX_CAM
06-16 16:35:27.455     1     1 I         : (5)[1:swapper/0][mmdvfs]Get module clock: TOP_UNIVPLL_D4_D2
06-16 16:35:27.455     1     1 I (5)[1:swapper/0][mmdvfs]cam_step3: 312MHz, clk:1/2/12
06-16 16:35:27.455     1     1 I         : (5)[1:swapper/0][mmdvfs]read freq steps cam_step3_ext failed (-22)
06-16 16:35:27.455     1     1 I (5)[1:swapper/0][mmdvfs]cam_freq: step size:4
06-16 16:35:27.455     1     1 I (5)[1:swapper/0][mmdvfs]cam_freq: add notifier
06-16 16:35:27.455     1     1 I         : (5)[1:swapper/0][mmdvfs]MMDVFS limit is off
06-16 16:35:27.455     1     1 I         : (5)[1:swapper/0][mmdvfs]start get step node of dpe_freq
06-16 16:35:27.455     1     1 I         : (5)[1:swapper/0][mmdvfs] node name dpe_step0
06-16 16:35:27.455     1     1 I         : (5)[1:swapper/0][mmdvfs]Get module clock: TOP_MUX_DPE
06-16 16:35:27.455     1     1 I         : (5)[1:swapper/0][mmdvfs]Get module clock: TOP_MAINPLL_D4
06-16 16:35:27.455     1     1 I (5)[1:swapper/0][mmdvfs]dpe_step0: 546MHz, clk:1/7/10
06-16 16:35:27.455     1     1 I         : (5)[1:swapper/0][mmdvfs]read freq steps dpe_step0_ext failed (-22)
06-16 16:35:27.455     1     1 I         : (5)[1:swapper/0][mmdvfs] node name dpe_step1
06-16 16:35:27.455     1     1 I         : (5)[1:swapper/0][mmdvfs]Get module clock: TOP_MUX_DPE
06-16 16:35:27.455     1     1 I         : (5)[1:swapper/0][mmdvfs]Get module clock: TOP_MMPLL_D6
06-16 16:35:27.455     1     1 I (5)[1:swapper/0][mmdvfs]dpe_step1: 458MHz, clk:1/7/20
06-16 16:35:27.455     1     1 I         : (5)[1:swapper/0][mmdvfs]read freq steps dpe_step1_ext failed (-22)
06-16 16:35:27.455     1     1 I         : (5)[1:swapper/0][mmdvfs] node name dpe_step2
06-16 16:35:27.455     1     1 I         : (5)[1:swapper/0][mmdvfs]Get module clock: TOP_MUX_DPE
06-16 16:35:27.455     1     1 I         : (5)[1:swapper/0][mmdvfs]Get module clock: TOP_MAINPLL_D6
06-16 16:35:27.455     1     1 I (5)[1:swapper/0][mmdvfs]dpe_step2: 364MHz, clk:1/7/21
06-16 16:35:27.455     1     1 I         : (5)[1:swapper/0][mmdvfs]read freq steps dpe_step2_ext failed (-22)
06-16 16:35:27.455     1     1 I         : (5)[1:swapper/0][mmdvfs] node name dpe_step3
06-16 16:35:27.455     1     1 I         : (5)[1:swapper/0][mmdvfs]Get module clock: TOP_MUX_DPE
06-16 16:35:27.455     1     1 I         : (5)[1:swapper/0][mmdvfs]Get module clock: TOP_UNIVPLL_D4_D2
06-16 16:35:27.455     1     1 I (5)[1:swapper/0][mmdvfs]dpe_step3: 312MHz, clk:1/7/12
06-16 16:35:27.455     1     1 I         : (5)[1:swapper/0][mmdvfs]read freq steps dpe_step3_ext failed (-22)
06-16 16:35:27.455     1     1 I (5)[1:swapper/0][mmdvfs]dpe_freq: step size:4
06-16 16:35:27.455     1     1 I (5)[1:swapper/0][mmdvfs]dpe_freq: add notifier
06-16 16:35:27.455     1     1 I         : (5)[1:swapper/0][mmdvfs]MMDVFS limit is off
06-16 16:35:27.455     1     1 I         : (5)[1:swapper/0][mmdvfs]start get step node of ipe_freq
06-16 16:35:27.455     1     1 I         : (5)[1:swapper/0][mmdvfs] node name ipe_step0
06-16 16:35:27.455     1     1 I         : (5)[1:swapper/0][mmdvfs]Get module clock: TOP_MUX_IPE
06-16 16:35:27.455     1     1 I         : (5)[1:swapper/0][mmdvfs]Get module clock: TOP_MAINPLL_D4
06-16 16:35:27.455     1     1 I (5)[1:swapper/0][mmdvfs]ipe_step0: 546MHz, clk:1/8/10
06-16 16:35:27.455     1     1 I         : (5)[1:swapper/0][mmdvfs]read freq steps ipe_step0_ext failed (-22)
06-16 16:35:27.455     1     1 I         : (5)[1:swapper/0][mmdvfs] node name ipe_step1
06-16 16:35:27.455     1     1 I         : (5)[1:swapper/0][mmdvfs]Get module clock: TOP_MUX_IPE
06-16 16:35:27.455     1     1 I         : (5)[1:swapper/0][mmdvfs]Get module clock: TOP_UNIVPLL_D6
06-16 16:35:27.455     1     1 I (5)[1:swapper/0][mmdvfs]ipe_step1: 416MHz, clk:1/8/11
06-16 16:35:27.455     1     1 I         : (5)[1:swapper/0][mmdvfs]read freq steps ipe_step1_ext failed (-22)
06-16 16:35:27.455     1     1 I         : (5)[1:swapper/0][mmdvfs] node name ipe_step2
06-16 16:35:27.455     1     1 I         : (5)[1:swapper/0][mmdvfs]Get module clock: TOP_MUX_IPE
06-16 16:35:27.455     1     1 I         : (5)[1:swapper/0][mmdvfs]Get module clock: TOP_UNIVPLL_D4_D2
06-16 16:35:27.455     1     1 I (5)[1:swapper/0][mmdvfs]ipe_step2: 312MHz, clk:1/8/12
06-16 16:35:27.455     1     1 I         : (5)[1:swapper/0][mmdvfs]read freq steps ipe_step2_ext failed (-22)
06-16 16:35:27.455     1     1 I         : (5)[1:swapper/0][mmdvfs] node name ipe_step3
06-16 16:35:27.455     1     1 I         : (5)[1:swapper/0][mmdvfs]Get module clock: TOP_MUX_IPE
06-16 16:35:27.455     1     1 I         : (5)[1:swapper/0][mmdvfs]Get module clock: TOP_MAINPLL_D4_D2
06-16 16:35:27.455     1     1 I (5)[1:swapper/0][mmdvfs]ipe_step3: 273MHz, clk:1/8/15
06-16 16:35:27.455     1     1 I         : (5)[1:swapper/0][mmdvfs]read freq steps ipe_step3_ext failed (-22)
06-16 16:35:27.455     1     1 I (5)[1:swapper/0][mmdvfs]ipe_freq: step size:4
06-16 16:35:27.455     1     1 I         : (5)[1:swapper/0][mmdvfs]MMDVFS limit is off
06-16 16:35:27.455     1     1 I         : (5)[1:swapper/0][mmdvfs]start get step node of ccu_freq
06-16 16:35:27.455     1     1 I         : (5)[1:swapper/0][mmdvfs] node name ccu_step0
06-16 16:35:27.455     1     1 I         : (5)[1:swapper/0][mmdvfs]Get module clock: TOP_MUX_CCU
06-16 16:35:27.455     1     1 I         : (5)[1:swapper/0][mmdvfs]Get module clock: TOP_UNIVPLL_D5
06-16 16:35:27.455     1     1 I (5)[1:swapper/0][mmdvfs]ccu_step0: 499MHz, clk:1/9/17
06-16 16:35:27.455     1     1 I         : (5)[1:swapper/0][mmdvfs]read freq steps ccu_step0_ext failed (-22)
06-16 16:35:27.455     1     1 I         : (5)[1:swapper/0][mmdvfs] node name ccu_step1
06-16 16:35:27.455     1     1 I         : (5)[1:swapper/0][mmdvfs]Get module clock: TOP_MUX_CCU
06-16 16:35:27.455     1     1 I         : (5)[1:swapper/0][mmdvfs]Get module clock: TOP_MMPLL_D7
06-16 16:35:27.455     1     1 I (5)[1:swapper/0][mmdvfs]ccu_step1: 392MHz, clk:1/9/18
06-16 16:35:27.455     1     1 I         : (5)[1:swapper/0][mmdvfs]read freq steps ccu_step1_ext failed (-22)
06-16 16:35:27.455     1     1 I         : (5)[1:swapper/0][mmdvfs] node name ccu_step2
06-16 16:35:27.455     1     1 I         : (5)[1:swapper/0][mmdvfs]Get module clock: TOP_MUX_CCU
06-16 16:35:27.455     1     1 I         : (5)[1:swapper/0][mmdvfs]Get module clock: TOP_MAINPLL_D6
06-16 16:35:27.455     1     1 I (5)[1:swapper/0][mmdvfs]ccu_step2: 364MHz, clk:1/9/21
06-16 16:35:27.455     1     1 I         : (5)[1:swapper/0][mmdvfs]read freq steps ccu_step2_ext failed (-22)
06-16 16:35:27.455     1     1 I         : (5)[1:swapper/0][mmdvfs] node name ccu_step3
06-16 16:35:27.455     1     1 I         : (5)[1:swapper/0][mmdvfs]Get module clock: TOP_MUX_CCU
06-16 16:35:27.455     1     1 I         : (5)[1:swapper/0][mmdvfs]Get module clock: TOP_UNIVPLL_D4_D2
06-16 16:35:27.455     1     1 I (5)[1:swapper/0][mmdvfs]ccu_step3: 312MHz, clk:1/9/12
06-16 16:35:27.455     1     1 I         : (5)[1:swapper/0][mmdvfs]read freq steps ccu_step3_ext failed (-22)
06-16 16:35:27.455     1     1 I (5)[1:swapper/0][mmdvfs]ccu_freq: step size:4
06-16 16:35:27.455     1     1 I         : (5)[1:swapper/0][mmdvfs]MMDVFS limit is off
06-16 16:35:27.455     1     1 I         : (5)[1:swapper/0][mmdvfs]start get step node of img2_freq
06-16 16:35:27.455     1     1 I         : (5)[1:swapper/0][mmdvfs] node name img2_step0
06-16 16:35:27.455     1     1 I         : (5)[1:swapper/0][mmdvfs]Get module clock: TOP_MUX_IMG2
06-16 16:35:27.455     1     1 I         : (5)[1:swapper/0][mmdvfs]Get module clock: TOP_UNIVPLL_D4
06-16 16:35:27.455     1     1 I (5)[1:swapper/0][mmdvfs]img2_step0: 624MHz, clk:1/4/16
06-16 16:35:27.455     1     1 I         : (5)[1:swapper/0][mmdvfs]read freq steps img2_step0_ext failed (-22)
06-16 16:35:27.455     1     1 I         : (5)[1:swapper/0][mmdvfs] node name img2_step1
06-16 16:35:27.455     1     1 I         : (5)[1:swapper/0][mmdvfs]Get module clock: TOP_MUX_IMG2
06-16 16:35:27.455     1     1 I         : (5)[1:swapper/0][mmdvfs]Get module clock: TOP_UNIVPLL_D6
06-16 16:35:27.455     1     1 I (5)[1:swapper/0][mmdvfs]img2_step1: 416MHz, clk:1/4/11
06-16 16:35:27.455     1     1 I         : (5)[1:swapper/0][mmdvfs]read freq steps img2_step1_ext failed (-22)
06-16 16:35:27.455     1     1 I         : (5)[1:swapper/0][mmdvfs] node name img2_step2
06-16 16:35:27.455     1     1 I         : (5)[1:swapper/0][mmdvfs]Get module clock: TOP_MUX_IMG2
06-16 16:35:27.455     1     1 I         : (5)[1:swapper/0][mmdvfs]Get module clock: TOP_MMPLL_D4_D2
06-16 16:35:27.456     1     1 I (5)[1:swapper/0][mmdvfs]img2_step2: 343MHz, clk:1/4/19
06-16 16:35:27.456     1     1 I         : (5)[1:swapper/0][mmdvfs]read freq steps img2_step2_ext failed (-22)
06-16 16:35:27.456     1     1 I         : (5)[1:swapper/0][mmdvfs] node name img2_step3
06-16 16:35:27.456     1     1 I         : (5)[1:swapper/0][mmdvfs]Get module clock: TOP_MUX_IMG2
06-16 16:35:27.456     1     1 I         : (5)[1:swapper/0][mmdvfs]Get module clock: TOP_MAINPLL_D4_D2
06-16 16:35:27.456     1     1 I (5)[1:swapper/0][mmdvfs]img2_step3: 273MHz, clk:1/4/15
06-16 16:35:27.456     1     1 I         : (5)[1:swapper/0][mmdvfs]read freq steps img2_step3_ext failed (-22)
06-16 16:35:27.456     1     1 I (5)[1:swapper/0][mmdvfs]img2_freq: step size:4
06-16 16:35:27.456     1     1 I         : (5)[1:swapper/0][mmdvfs]MMDVFS limit is off
06-16 16:35:27.456     1     1 I         : (5)[1:swapper/0][mmdvfs]larb[0].comm_port=0 channel=0
06-16 16:35:27.456     1     1 I         : (5)[1:swapper/0][mmdvfs]larb[1].comm_port=1 channel=1
06-16 16:35:27.456     1     1 I         : (5)[1:swapper/0][mmdvfs]larb[2].comm_port=65536 channel=0
06-16 16:35:27.456     1     1 I         : (5)[1:swapper/0][mmdvfs]larb[3].comm_port=65537 channel=1
06-16 16:35:27.456     1     1 I         : (5)[1:swapper/0][mmdvfs]larb[4].comm_port=65538 channel=1
06-16 16:35:27.456     1     1 I         : (5)[1:swapper/0][mmdvfs]larb[5].comm_port=2 channel=1
06-16 16:35:27.456     1     1 I         : (5)[1:swapper/0][mmdvfs]larb[6].comm_port=8 channel=0
06-16 16:35:27.456     1     1 I         : (5)[1:swapper/0][mmdvfs]larb[7].comm_port=3 channel=0
06-16 16:35:27.456     1     1 I         : (5)[1:swapper/0][mmdvfs]larb[8].comm_port=65539 channel=0
06-16 16:35:27.456     1     1 I         : (5)[1:swapper/0][mmdvfs]larb[9].comm_port=65540 channel=1
06-16 16:35:27.456     1     1 I         : (5)[1:swapper/0][mmdvfs]larb[10].comm_port=8 channel=0
06-16 16:35:27.456     1     1 I         : (5)[1:swapper/0][mmdvfs]larb[11].comm_port=4 channel=1
06-16 16:35:27.456     1     1 I         : (5)[1:swapper/0][mmdvfs]larb[12].comm_port=8 channel=0
06-16 16:35:27.456     1     1 I         : (5)[1:swapper/0][mmdvfs]larb[13].comm_port=65542 channel=0
06-16 16:35:27.456     1     1 I         : (5)[1:swapper/0][mmdvfs]larb[14].comm_port=6 channel=0
06-16 16:35:27.456     1     1 I         : (5)[1:swapper/0][mmdvfs]larb[15].comm_port=8 channel=0
06-16 16:35:27.456     1     1 I         : (5)[1:swapper/0][mmdvfs]larb[16].comm_port=65543 channel=1
06-16 16:35:27.456     1     1 I         : (5)[1:swapper/0][mmdvfs]larb[17].comm_port=7 channel=1
06-16 16:35:27.456     1     1 I         : (5)[1:swapper/0][mmdvfs]larb[18].comm_port=65541 channel=1
06-16 16:35:27.456     1     1 I         : (5)[1:swapper/0][mmdvfs]larb[19].comm_port=5 channel=1
06-16 16:35:27.456     1     1 I         : (5)[1:swapper/0][mmdvfs]larb[20].comm_port=5 channel=1
06-16 16:35:27.456     1     1 I         : (5)[1:swapper/0][mmdvfs]disp step size:4
06-16 16:35:27.456     1     1 I         : (5)[1:swapper/0][mmdvfs] - step[0]: 546
06-16 16:35:27.456     1     1 I         : (5)[1:swapper/0][mmdvfs] - step[1]: 416
06-16 16:35:27.456     1     1 I         : (5)[1:swapper/0][mmdvfs] - step[2]: 312
06-16 16:35:27.456     1     1 I         : (5)[1:swapper/0][mmdvfs] - step[3]: 249
06-16 16:35:27.456     1     1 I (5)[1:swapper/0]mtk_mmdvfs_pmqos mmdvfs_pmqos: Linked as a consumer to regulator.2
06-16 16:35:27.456     1     1 I         : (5)[1:swapper/0][mmdvfs]mmdvfs_pmqos_init
06-16 16:35:27.456   241   241 I         : (1)[241:reviser][reviser]reviser_mem_alloc mem(0x4000000/33554432/0xffffff800b601000)
06-16 16:35:27.456   241   241 I         : (1)[241:reviser][reviser]reviser_memory_func reviser memory init
06-16 16:35:27.456     0     0 I         : (1)[250:wdtk-1][thread:250] 1970-01-01 00:00:00.935315 UTC;android time 1970-01-01 00:00:00.935315
06-16 16:35:27.456     0     0 I         : (1)[250:wdtk-1][wdk-k] cpu=1 o_k=1 lbit=0xff cbit=0xff,0,7,1,961889540,ff,0,0,0,0,[968342386,14993692] 28
06-16 16:35:27.456     1     1 I (5)[1:swapper/0]mtk_cooler_shutdown: thermal/cooler/shutdown init
06-16 16:35:27.456     1     1 I (5)[1:swapper/0]mtk_cooler_shutdown: thermal/cooler/shutdown register ltf
06-16 16:35:27.456     1     1 I (5)[1:swapper/0]mtk_cooler_backlight: thermal/cooler/backlight init
06-16 16:35:27.456     1     1 I (5)[1:swapper/0]mtk_cooler_backlight: thermal/cooler/backlight register ltf
06-16 16:35:27.456     1     1 I (5)[1:swapper/0]mtk_cooler_kshutdown: thermal/cooler/kshutdown init
06-16 16:35:27.456     1     1 I (5)[1:swapper/0]mtk_cooler_kshutdown: thermal/cooler/kshutdown register ltf
06-16 16:35:27.457     1     1 I         : (5)[1:swapper/0][Thermal/TZ/BTS] mtkts_bts_prepare_table table_num=7
06-16 16:35:27.457     1     1 W         : (5)[1:swapper/0][mtkts_bts_get_hw_temp] T_AP, 33522
06-16 16:35:27.457     1     1 I         : (5)[1:swapper/0][Thermal/TZ/BTSNRPA] mtkts_btsnrpa_prepare_table table_num=7
06-16 16:35:27.457     1     1 I (5)[1:swapper/0][Thermal/TZ/BTSNRPA]invalid thermistor_ch2: 0x0000000000000000
06-16 16:35:27.457     1     1 I         : (5)[1:swapper/0][Thermal/TZ/CPU]tscpu_init
06-16 16:35:27.458     1     1 I         : (5)[1:swapper/0][Thermal/TZ/CPU]thermal_prob
06-16 16:35:27.458     1     1 I         : (5)[1:swapper/0][Thermal/TZ/CPU][THERM_CTRL] thermal_irq_number=107
06-16 16:35:27.458     1     1 I         : (5)[1:swapper/0][Thermal/TZ/CPU][THERM_CTRL] mcu_irq_num = 108
06-16 16:35:27.458     1     1 I (5)[1:swapper/0][Thermal/TZ/LVTS][lvts_call] 0: 0x3c000000, 1: 0x88fb, 2: 0xa0088e3, 3: 0xb4008a41, 4: 0x8a11
06-16 16:35:27.458     1     1 I (5)[1:swapper/0][Thermal/TZ/LVTS][lvts_call] 5: 0xa00887f, 6: 0xae008885, 7: 0x884f, 8: 0xa008837, 9: 0xbe008901
06-16 16:35:27.458     1     1 I (5)[1:swapper/0][Thermal/TZ/LVTS][lvts_call] 10: 0x8766, 11: 0xa008a87, 12: 0xa3008954, 13: 0x8714, 14: 0xa0089a2
06-16 16:35:27.458     1     1 I (5)[1:swapper/0][Thermal/TZ/LVTS][lvts_call] 15: 0xaa0089dd, 16: 0x8a01, 17: 0xa0089b9, 18: 0xbf008969, 19: 0x897c
06-16 16:35:27.458     1     1 I (5)[1:swapper/0][Thermal/TZ/LVTS][lvts_call] 20: 0xa008964,  21: 0xb4000abe
06-16 16:35:27.458     1     1 I         : (5)[1:swapper/0][Thermal/TZ/LVTS][lvts_cal] g_golden_temp = 60
06-16 16:35:27.458     1     1 I (5)[1:swapper/0][Thermal/TZ/LVTS][lvts_cal] num: g_count_r:g_count_rc 0:35067:2750 1:35043:2740 2:35393:2734 3:35345:2750 4:34943:2723 5:34949:2730 6:34895:2751 7:34871:0 8:35073:0 9:34662:0 10:35463:0 11:35156:0 12:34580:0 13:35234:0 14:35293:0 15:35329:0 16:35257:0
06-16 16:35:27.460     1     1 I (5)[1:swapper/0][Thermal/TZ/LVTS][COUNT_RC_NOW] 0: 2751 1:2751 2:2737 3:2737 4:2738 5:2738 6:2737 7:2738 8:2753 9:2755 10:2727 11:2724 12:2737 13:2736 14:2753 15:2751 16:2753
06-16 16:35:27.463     1     1 I         : (5)[1:swapper/0][Thermal/TZ/CPU]read_all_tc_temperature, 1,0,0
06-16 16:35:27.465     1     1 I         : (5)[1:swapper/0][Thermal/TZ/CPU]read_all_tc_temperature, 2,0,0
06-16 16:35:27.465     1     1 I         : (5)[1:swapper/0][Thermal/TZ/LVTS]lvts_ipi_send_efuse_data
06-16 16:35:27.465     1     1 I         : (5)[1:swapper/0][Thermal/TZ/CPU]cmd(6) lvts efuse to SSPM (0)
06-16 16:35:27.467     1     1 I         : (5)[1:swapper/0][Power/CPU_Thermal]get_wd_api doesn't exist
06-16 16:35:27.467     1     1 I         : (5)[1:swapper/0][Thermal/TZ/LVTS]2069 FAILED TO GET WD API
06-16 16:35:27.467     1     1 W -(5)[1:swapper/0]WARNING: CPU: 5 PID: 1 at lvts_config_all_tc_hw_protect+0x3a8/0x3cc
06-16 16:35:27.467     1     1 W         : -(5)[1:swapper/0]Modules linked in:
06-16 16:35:27.467     1     1 W -(5)[1:swapper/0]CPU: 5 PID: 1 Comm: swapper/0 Tainted: G S                4.19.191+ #1
06-16 16:35:27.467     1     1 W -(5)[1:swapper/0]Hardware name: MT8797Z/CNZA (DT)
06-16 16:35:27.467     1     1 W -(5)[1:swapper/0]pstate: 60c00005 (nZCv daif +PAN +UAO)
06-16 16:35:27.467     1     1 W -(5)[1:swapper/0]pc: lvts_config_all_tc_hw_protect+0x3a8/0x3cc
06-16 16:35:27.467     1     1 W -(5)[1:swapper/0]lr: lvts_config_all_tc_hw_protect+0x3a8/0x3cc
06-16 16:35:27.467     1     1 W -(5)[1:swapper/0]sp: ffffff800808ba50
06-16 16:35:27.467     1     1 W -(5)[1:swapper/0]x29: ffffff800808ba70 x28: ffffffad1bc4b000
06-16 16:35:27.467     1     1 W -(5)[1:swapper/0]x27: 0000000000000000 x26: 0000000000000000
06-16 16:35:27.467     1     1 W -(5)[1:swapper/0]x25: ffffffad1b106028 x24: 0000000000000000
06-16 16:35:27.467     1     1 W -(5)[1:swapper/0]x23: ffffffad1bb92000 x22: 0000000039d1fc99
06-16 16:35:27.467     1     1 W -(5)[1:swapper/0]x21: ffffffad1b241198 x20: ffffffad1bc4b000
