06-16 16:35:27.599     1     1 I         : (5)[1:swapper/0]aw3750x_voltage_outp_get
06-16 16:35:27.600     1     1 I         : (5)[1:swapper/0]aw37503_get_voltage_sel enter test
06-16 16:35:27.600   135   135 I (0)[135:kworker/u16:1]scsi 0: 0:0:49488: Well-known LUN    SAMSUNG  KLUEG4RHGB-B0E1  0301 PQ: 0 ANSI: 6
06-16 16:35:27.600     1     1 I         : (5)[1:swapper/0]aw3750x_voltage_outn_get
06-16 16:35:27.600     1     1 I         : (5)[1:swapper/0]aw37503_get_voltage_sel enter test
06-16 16:35:27.600     1     1 I         : (5)[1:swapper/0]aw3750x_voltage_outn_get
06-16 16:35:27.600     1     1 I         : (5)[1:swapper/0]aw3750x_get_current_limit enter
06-16 16:35:27.600   203   203 I (0)[203:kworker/0:1]ufstw_print_lu_flag_attr: 711 tw_flag LUN(2) [14] fTurboWriteEn 0
06-16 16:35:27.600   203   203 I (0)[203:kworker/0:1]ufstw_print_lu_flag_attr: 713 tw_flag LUN(2) [15] fTurboWriteBufferFlushEn 0
06-16 16:35:27.600   203   203 I (0)[203:kworker/0:1]ufstw_print_lu_flag_attr: 716 tw_flag LUN(2) [16] fTurboWriteBufferFlushDuringHibernateEnter 0
06-16 16:35:27.600   203   203 I (0)[203:kworker/0:1]ufstw_print_lu_flag_attr: 719 tw_attr LUN(2) [28] flush_status  0
06-16 16:35:27.600   203   203 I (0)[203:kworker/0:1]ufstw_print_lu_flag_attr: 721 tw_attr LUN(2) [29] buffer_size  10
06-16 16:35:27.600   203   203 I (0)[203:kworker/0:1]ufstw_print_lu_flag_attr: 724 tw_attr LUN(2) [30] bufffer_lifetime  1(0x1)
06-16 16:35:27.600   203   203 I (0)[203:kworker/0:1]ufstw_init: 829 UFSTW LU 2 working
06-16 16:35:27.600   203   203 I (0)[203:kworker/0:1]ufstw_init_dev_jobs: 602 INIT_WORK(tw_reset_work)
06-16 16:35:27.600     1     1 I         : (5)[1:swapper/0]aw37504_get_current enter.
06-16 16:35:27.600     1     1 I         : (5)[1:swapper/0]aw37504_get_current ret = 150000.
06-16 16:35:27.600     1     1 I         : (5)[1:swapper/0]aw3750x_get_current_limit current mode = 150000
06-16 16:35:27.600     1     1 I         : (5)[1:swapper/0]aw37503_get_voltage_sel enter test
06-16 16:35:27.600     1     1 I         : (5)[1:swapper/0]aw3750x_voltage_outn_get
06-16 16:35:27.601   135   135 I (2)[135:kworker/u16:1]scsi 0: 0:0:49476: Well-known LUN    SAMSUNG  KLUEG4RHGB-B0E1  0301 PQ: 0 ANSI: 6
06-16 16:35:27.601     1     1 I         : (5)[1:swapper/0]aw3750x_power_init
06-16 16:35:27.601     1     1 I         : (5)[1:swapper/0]aw3750x_ldo_current_set
06-16 16:35:27.601     1     1 I         : (5)[1:swapper/0]aw3750x_release_load_capability
06-16 16:35:27.601   135   135 I (2)[135:kworker/u16:1]ufshcd-mtk 11270000.ufshci: rpmb rw_size: 64
06-16 16:35:27.601   135   135 I (2)[135:kworker/u16:1]scsi 0: 0:0:49456: Well-known LUN    SAMSUNG  KLUEG4RHGB-B0E1  0301 PQ: 0 ANSI: 6
06-16 16:35:27.601     1     1 I         : (5)[1:swapper/0]aw3750x_power_probe exit.
06-16 16:35:27.601     1     1 E (5)[1:swapper/0]i2c i2c-6: Failed to register i2c client i2c_lcd_bias at 0x3e (-16)
06-16 16:35:27.601     1     1 E (5)[1:swapper/0]i2c i2c-6: of_i2c: Failure registering /i2c6@11F01000/i2c_lcd_bias@3e
06-16 16:35:27.601     1     1 E (5)[1:swapper/0]i2c i2c-6: Failed to create I2C device for /i2c6@11F01000/i2c_lcd_bias@3e
06-16 16:35:27.601     1     1 I (5)[1:swapper/0]mt6691 6-0061: mt6691_i2c_probe invalid Slave Addr
06-16 16:35:27.601     1     1 I (5)[1:swapper/0]mt-i2c 11f01000.i2c6: Dropping the link to pinctrl
06-16 16:35:27.602     1     1 I (5)[1:swapper/0][I2C]id: 7,freq:400000,div:5,ch_offset:0x0,offset_dma:0x0,offset_ccu:0x0,apdma_size:0x1000
06-16 16:35:27.602     1     1 I (5)[1:swapper/0]mt-i2c 11d03000.i2c7: cannot get mux clock
06-16 16:35:27.602     1     1 I (5)[1:swapper/0]mt-i2c 11d03000.i2c7: cannot get p_main clock
06-16 16:35:27.602     1     1 I (5)[1:swapper/0]mt-i2c 11d03000.i2c7: cannot get p_univ clock
06-16 16:35:27.602     1     1 I (5)[1:swapper/0]mt-i2c 11d03000.i2c7: i2c7 clock source 00000000b70cb0fc,clock src frequency 24960000
06-16 16:35:27.602   135   135 I (2)[135:kworker/u16:1]scsi 0: 0:0:0: Direct-Access     SAMSUNG  KLUEG4RHGB-B0E1  0301 PQ: 0 ANSI: 6
06-16 16:35:27.602     1     1 I (5)[1:swapper/0][I2C]id: 8,freq:400000,div:5,ch_offset:0x100,offset_dma:0x0,offset_ccu:0x200,apdma_size:0x1000
06-16 16:35:27.602     1     1 I (5)[1:swapper/0]mt-i2c 11d04000.i2c8: cannot get mux clock
06-16 16:35:27.602     1     1 I (5)[1:swapper/0]mt-i2c 11d04000.i2c8: cannot get p_main clock
06-16 16:35:27.602     1     1 I (5)[1:swapper/0]mt-i2c 11d04000.i2c8: cannot get p_univ clock
06-16 16:35:27.602     1     1 I (5)[1:swapper/0]mt-i2c 11d04000.i2c8: i2c8 clock source 000000003a65a764,clock src frequency 24960000
06-16 16:35:27.602   135   135 I (2)[135:kworker/u16:1]scsi 0: 0:0:1: Direct-Access     SAMSUNG  KLUEG4RHGB-B0E1  0301 PQ: 0 ANSI: 6
06-16 16:35:27.602     1     1 I (5)[1:swapper/0][I2C]id: 9,freq:400000,div:5,ch_offset:0x100,offset_dma:0x0,offset_ccu:0x200,apdma_size:0x1000
06-16 16:35:27.602     1     1 I (5)[1:swapper/0]mt-i2c 11cb1000.i2c9: cannot get mux clock
06-16 16:35:27.602     1     1 I (5)[1:swapper/0]mt-i2c 11cb1000.i2c9: cannot get p_main clock
06-16 16:35:27.602     1     1 I (5)[1:swapper/0]mt-i2c 11cb1000.i2c9: cannot get p_univ clock
06-16 16:35:27.602     1     1 I (5)[1:swapper/0]mt-i2c 11cb1000.i2c9: i2c9 clock source 0000000052550093,clock src frequency 24960000
06-16 16:35:27.602   135   135 I (2)[135:kworker/u16:1]scsi 0: 0:0:2: Direct-Access     SAMSUNG  KLUEG4RHGB-B0E1  0301 PQ: 0 ANSI: 6
06-16 16:35:27.602     1     1 I (5)[1:swapper/0]i2c 9-0034: Linked as a consumer to pinctrl
06-16 16:35:27.603     1     1 I (5)[1:swapper/0]i2c 9-0036: Linked as a consumer to pinctrl
06-16 16:35:27.603     1     1 I         : (5)[1:swapper/0]MAIN3AF [AF_i2c_probe] Start
06-16 16:35:27.603     1     1 I         : (5)[1:swapper/0]MAIN3AF [Register_AF_CharDrv] Start
06-16 16:35:27.603     1     1 I         : (5)[1:swapper/0]MAIN3AF [Register_AF_CharDrv] End
06-16 16:35:27.603     1     1 I         : (5)[1:swapper/0]MAIN3AF [AF_i2c_probe] Attached!!
06-16 16:35:27.603     1     1 I (5)[1:swapper/0]mt-i2c 11cb1000.i2c9: Dropping the link to pinctrl
06-16 16:35:27.603     1     1 I (5)[1:swapper/0][I2C]id: 10,freq:100000,div:5,ch_offset:0x0,offset_dma:0x0,offset_ccu:0x0,apdma_size:0x1000
06-16 16:35:27.603     1     1 W (5)[1:swapper/0]sd 0: 0:0:0: Power-on or device reset occurred
06-16 16:35:27.603     1     1 I (5)[1:swapper/0]mt-i2c 11017000.i2c10: cannot get mux clock
06-16 16:35:27.603     1     1 I (5)[1:swapper/0]mt-i2c 11017000.i2c10: cannot get p_main clock
06-16 16:35:27.603     1     1 I (5)[1:swapper/0]mt-i2c 11017000.i2c10: cannot get p_univ clock
06-16 16:35:27.603     1     1 I (5)[1:swapper/0]mt-i2c 11017000.i2c10: i2c10 clock source 000000009b258168,clock src frequency 24960000
06-16 16:35:27.603     1     1 W (5)[1:swapper/0]sd 0: 0:0:1: Power-on or device reset occurred
06-16 16:35:27.603     1     1 I (5)[1:swapper/0][I2C]id: 11,freq:100000,div:5,ch_offset:0x0,offset_dma:0x0,offset_ccu:0x0,apdma_size:0x1000
06-16 16:35:27.603     1     1 I (5)[1:swapper/0]mt-i2c 1101a000.i2c11: cannot get mux clock
06-16 16:35:27.603     1     1 I (5)[1:swapper/0]mt-i2c 1101a000.i2c11: cannot get p_main clock
06-16 16:35:27.603     1     1 I (5)[1:swapper/0]mt-i2c 1101a000.i2c11: cannot get p_univ clock
06-16 16:35:27.603     1     1 I (5)[1:swapper/0]mt-i2c 1101a000.i2c11: i2c11 clock source 00000000181a3d30,clock src frequency 24960000
06-16 16:35:27.603     7     7 I (2)[7:kworker/u16:0]sd 0: 0:0:0: [sda] 1024 4096-byte logical blocks: (4.19 MB/4.00 MiB)
06-16 16:35:27.603     1     1 I (5)[1:swapper/0][I2C]id: 12,freq:100000,div:5,ch_offset:0x0,offset_dma:0x0,offset_ccu:0x0,apdma_size:0x1000
06-16 16:35:27.603     1     1 I (5)[1:swapper/0]mt-i2c 1101b000.i2c12: cannot get mux clock
06-16 16:35:27.603     1     1 I (5)[1:swapper/0]mt-i2c 1101b000.i2c12: cannot get p_main clock
06-16 16:35:27.603     7     7 I (2)[7:kworker/u16:0]sd 0: 0:0:0: [sda] Write Protect is off
06-16 16:35:27.603     1     1 I (5)[1:swapper/0]mt-i2c 1101b000.i2c12: cannot get p_univ clock
06-16 16:35:27.603     7     7 D (2)[7:kworker/u16:0]sd 0: 0:0:0: [sda] Mode Sense: 00 32 00 10
06-16 16:35:27.603     1     1 I (5)[1:swapper/0]mt-i2c 1101b000.i2c12: i2c12 clock source 000000002545e094,clock src frequency 24960000
06-16 16:35:27.603   303   303 I (0)[303:kworker/u16:2]sd 0: 0:0:1: [sdb] 1024 4096-byte logical blocks: (4.19 MB/4.00 MiB)
06-16 16:35:27.604     7     7 I (2)[7:kworker/u16:0]sd 0: 0:0:0: [sda] Write cache: enabled, read cache: enabled, supports DPO and FUA
06-16 16:35:27.604   303   303 I (0)[303:kworker/u16:2]sd 0: 0:0:1: [sdb] Write Protect is off
06-16 16:35:27.604   303   303 D (0)[303:kworker/u16:2]sd 0: 0:0:1: [sdb] Mode Sense: 00 32 00 10
06-16 16:35:27.604     7     7 I (2)[7:kworker/u16:0]sd 0: 0:0:0: [sda] Optimal transfer size 524288 bytes
06-16 16:35:27.604     1     1 I (5)[1:swapper/0][I2C]id: 13,freq:100000,div:5,ch_offset:0x0,offset_dma:0x0,offset_ccu:0x0,apdma_size:0x1000
06-16 16:35:27.604     1     1 I (5)[1:swapper/0]mt-i2c 11007000.i2c13: cannot get mux clock
06-16 16:35:27.604     1     1 I (5)[1:swapper/0]mt-i2c 11007000.i2c13: cannot get p_main clock
06-16 16:35:27.604     1     1 I (5)[1:swapper/0]mt-i2c 11007000.i2c13: cannot get p_univ clock
06-16 16:35:27.604     1     1 I (5)[1:swapper/0]mt-i2c 11007000.i2c13: i2c13 clock source 000000008635e4e6,clock src frequency 24960000
06-16 16:35:27.604   303   303 I (0)[303:kworker/u16:2]sd 0: 0:0:1: [sdb] Write cache: enabled, read cache: enabled, supports DPO and FUA
06-16 16:35:27.604   303   303 I (0)[303:kworker/u16:2]sd 0: 0:0:1: [sdb] Optimal transfer size 524288 bytes
06-16 16:35:27.604     1     1 I (5)[1:swapper/0]BOOTPROF: 1116.346463:initcall: mt_i2c_init    71.174769ms
06-16 16:35:27.604     7     7 W (2)[7:kworker/u16:0]sd 0: 0:0:2: Power-on or device reset occurred
06-16 16:35:27.605     1     1 I         : (5)[1:swapper/0][VCU] vdec_log_info 000000000666c66e 1028 vcuid 0 vcu_ptr 000000003326ec51
06-16 16:35:27.605   304   304 I (0)[304:kworker/u16:3]sd 0: 0:0:2: [sdc] 62480384 4096-byte logical blocks: (256 GB/238 GiB)
06-16 16:35:27.605   304   304 I (0)[304:kworker/u16:3]sd 0: 0:0:2: [sdc] Write Protect is off
06-16 16:35:27.605   304   304 D (0)[304:kworker/u16:3]sd 0: 0:0:2: [sdc] Mode Sense: 00 32 00 10
06-16 16:35:27.605   304   304 I (0)[304:kworker/u16:3]sd 0: 0:0:2: [sdc] Write cache: enabled, read cache: enabled, supports DPO and FUA
06-16 16:35:27.605   304   304 I (0)[304:kworker/u16:3]sd 0: 0:0:2: [sdc] Optimal transfer size 524288 bytes
06-16 16:35:27.605     1     1 I         : (5)[1:swapper/0][cmdq][err] no gce-event-names property or no such event:venc_cmdq_pause_done @cmdq_dev_get_event,361
06-16 16:35:27.605     1     1 I         : (5)[1:swapper/0][cmdq][err] no gce-event-names property or no such event:venc_mb_done @cmdq_dev_get_event,361
06-16 16:35:27.605     1     1 I         : (5)[1:swapper/0][cmdq][err] no gce-event-names property or no such event:venc_128B_cnt_done @cmdq_dev_get_event,361
06-16 16:35:27.605     1     1 I         : (5)[1:swapper/0][cmdq][err] no gce-event-names property or no such event:venc_sps_done @cmdq_dev_get_event,361
06-16 16:35:27.605     1     1 I         : (5)[1:swapper/0][cmdq][err] no gce-event-names property or no such event:venc_pps_done @cmdq_dev_get_event,361
06-16 16:35:27.607     7     7 I (3)[7:kworker/u16:0]sd 0: 0:0:0: [sda] Attached SCSI disk
06-16 16:35:27.607     1     1 I         : (5)[1:swapper/0][MTK_V4L2] level=0 mtk_vcodec_dec_probe(),384: decoder registered as /dev/video1
06-16 16:35:27.607   303   303 I (1)[303:kworker/u16:2]sd 0: 0:0:1: [sdb] Attached SCSI disk
06-16 16:35:27.609   304   304 I (0)[304:kworker/u16:3] sdc: sdc1 sdc2 sdc3 sdc4 sdc5 sdc6 sdc7 sdc8 sdc9 sdc10 sdc11 sdc12 sdc13 sdc14 sdc15 sdc16 sdc17 sdc18 sdc19 sdc20 sdc21 sdc22 sdc23 sdc24 sdc25 sdc26 sdc27 sdc28 sdc29 sdc30 sdc31 sdc32 sdc33 sdc34 sdc35 sdc36 sdc37 sdc38 sdc39 sdc40 sdc41 sdc42 sdc43 sdc44 sdc45 sdc46 sdc47 sdc48 sdc49 sdc50 sdc51 sdc52 sdc53 sdc54 sdc55 sdc56 sdc57 sdc58 sdc59 sdc60 sdc61 sdc62 sdc63 sdc64
06-16 16:35:27.609     1     1 I         : (5)[1:swapper/0][MTK_V4L2] level=0 mtk_vcodec_enc_probe(),362: encoder registered as /dev/video2
06-16 16:35:27.610     1     1 I         : (5)[1:swapper/0]jpeg 1 core platform
06-16 16:35:27.610     1     1 I         : (5)[1:swapper/0]mtk_jpeg_probe irq0 200
06-16 16:35:27.610     1     1 I         : (5)[1:swapper/0]jpeg_clk_init id 7
06-16 16:35:27.610     1     1 I         : (5)[1:swapper/0]freq 0  270
06-16 16:35:27.610     1     1 I         : (5)[1:swapper/0]freq 1  1a0
06-16 16:35:27.610     1     1 I         : (5)[1:swapper/0]freq 2  138
06-16 16:35:27.610     1     1 I         : (5)[1:swapper/0]freq 3  111
06-16 16:35:27.610     1     1 I (5)[1:swapper/0]mtk-jpeg 17030000.jpgenc: jpeg device 0 registered as /dev/video3 (81,3)
06-16 16:35:27.610     1     1 I         : (5)[1:swapper/0]jpeg 1 core platform
06-16 16:35:27.610     1     1 I         : (5)[1:swapper/0]mtk_jpeg_probe irq0 207
06-16 16:35:27.611     1     1 I         : (5)[1:swapper/0]jpeg_clk_init id 8
06-16 16:35:27.611     1     1 I (5)[1:swapper/0]mtk-jpeg 17830000.jpgenc: jpeg device 0 registered as /dev/video4 (81,4)
06-16 16:35:27.612     1     1 I (5)[1:swapper/0]bat_plug: 1 chr:1 info:0xc80e
06-16 16:35:27.612     1     1 I -(5)[1:swapper/0]mt6358_misc: mtk_rtc_get_spare_register: cmd[14], get rg[0x24, 0xff , 8] = 0x60
06-16 16:35:27.612     1     1 I -(5)[1:swapper/0]mt6358_misc: mtk_rtc_get_spare_register: cmd[0], get rg[0x2a, 0xff , 8] = 0xe4
06-16 16:35:27.612     1     1 I         : (5)[1:swapper/0][fgauge_read_RTC_boot_status] rtc_invalid 0 plugout 0 plugout_time 0 spare3 0xe4 spare0 0x60 hw_id 0x5930
06-16 16:35:27.612     1     1 I         : (5)[1:swapper/0][battery_get_batt_id]auxadc_voltage is 799
06-16 16:35:27.612     1     1 I         : (5)[1:swapper/0][battery_get_batt_id]battery_id_voltage is 799
06-16 16:35:27.612     1     1 I         : (5)[1:swapper/0]batt_id_max0=911,batt_id_min0=711
06-16 16:35:27.612     1     1 I         : (5)[1:swapper/0]battery name is TLp100A7:VEKEN:10000mAh:CACA100002C7
06-16 16:35:27.612     1     1 I         : (5)[1:swapper/0]fg active table:5
06-16 16:35:27.612   304   304 I (0)[304:kworker/u16:3]sd 0: 0:0:2: [sdc] Attached SCSI disk
06-16 16:35:27.612     1     1 I         : (5)[1:swapper/0][battery_get_batt_id]auxadc_voltage is 800
06-16 16:35:27.612     1     1 I         : (5)[1:swapper/0][battery_get_batt_id]battery_id_voltage is 800
06-16 16:35:27.612     1     1 I         : (5)[1:swapper/0]batt_id_max0=911,batt_id_min0=711
06-16 16:35:27.612     1     1 I         : (5)[1:swapper/0]battery name is TLp100A7:VEKEN:10000mAh:CACA100002C7
06-16 16:35:27.612     1     1 I         : (5)[1:swapper/0]fg_custom_init_from_dts
06-16 16:35:27.613     1     1 I         : (5)[1:swapper/0]Fail to get ntc type from dts.Keep default value
06-16 16:35:27.613     1     1 I         : (5)[1:swapper/0]RBAT_TYPE=10, RBAT_PULL_UP_R=24000
06-16 16:35:27.613     1     1 I         : (5)[1:swapper/0]fg active table:5
06-16 16:35:27.613     1     1 I         : (5)[1:swapper/0]  9100   9100   9100   9100   9100
06-16 16:35:27.613     1     1 I         : (5)[1:swapper/0]  9100   9100   9100   9100   9100
06-16 16:35:27.613     1     1 I         : (5)[1:swapper/0]  9100   9100   9100   9100   9100
06-16 16:35:27.613     1     1 I         : (5)[1:swapper/0]  8800   8800   8800   8800   8800
06-16 16:35:27.613     1     1 I         : (5)[1:swapper/0]  8700   8700   8700   8700   8700
06-16 16:35:27.613     1     1 I         : (5)[1:swapper/0] 10000  10000  10000  10000  10000
06-16 16:35:27.613     1     1 I         : (5)[1:swapper/0] 10000  10000  10000  10000  10000
06-16 16:35:27.613     1     1 I         : (5)[1:swapper/0] 10000  10000  10000  10000  10000
06-16 16:35:27.613     1     1 I         : (5)[1:swapper/0] 10000  10000  10000  10000  10000
06-16 16:35:27.613     1     1 I         : (5)[1:swapper/0] 10000  10000  10000  10000  10000
06-16 16:35:27.613     1     1 I (5)[1:swapper/0]g_FG_charge_PSEUDO100_row: 0 g_FG_charge_PSEUDO100_col:0
06-16 16:35:27.613     1     1 I         : (5)[1:swapper/0]  9100   9100   9100   9100   9100
06-16 16:35:27.613     1     1 I         : (5)[1:swapper/0]  9100   9100   9100   9100   9100
06-16 16:35:27.613     1     1 I         : (5)[1:swapper/0]  9100   9100   9100   9100   9100
06-16 16:35:27.613     1     1 I         : (5)[1:swapper/0]  8800   8800   8800   8800   8800
06-16 16:35:27.613     1     1 I         : (5)[1:swapper/0]  8700   8700   8700   8700   8700
06-16 16:35:27.613     1     1 I         : (5)[1:swapper/0] 10000  10000  10000  10000  10000
06-16 16:35:27.613     1     1 I         : (5)[1:swapper/0] 10000  10000  10000  10000  10000
06-16 16:35:27.613     1     1 I         : (5)[1:swapper/0] 10000  10000  10000  10000  10000
06-16 16:35:27.613     1     1 I         : (5)[1:swapper/0] 10000  10000  10000  10000  10000
06-16 16:35:27.613     1     1 I         : (5)[1:swapper/0] 10000  10000  10000  10000  10000
06-16 16:35:27.613     1     1 I (5)[1:swapper/0]fg_custom_parse_table: battery0_profile_t0, 100, column:3
06-16 16:35:27.613     1     1 I (5)[1:swapper/0]fg_custom_parse_table: battery0_profile_t1, 100, column:3
06-16 16:35:27.613     1     1 I (5)[1:swapper/0]fg_custom_parse_table: battery0_profile_t2, 100, column:3
06-16 16:35:27.613     1     1 I (5)[1:swapper/0]fg_custom_parse_table: battery0_profile_t3, 100, column:3
06-16 16:35:27.614     1     1 I (5)[1:swapper/0]fg_custom_parse_table: battery0_profile_t4, 100, column:3
06-16 16:35:27.614     1     1 I         : (5)[1:swapper/0][pmic_register_interrupt_callback] intNo=81, callback=wake_up_gauge_coulomb
06-16 16:35:27.614     1     1 I         : (5)[1:swapper/0][pmic_register_interrupt_callback] intNo=80, callback=wake_up_gauge_coulomb
06-16 16:35:27.615     1     1 I         : (5)[1:swapper/0][PMIC] [pmic_enable_interrupt] No callback at intNo=117
06-16 16:35:27.615     1     1 I         : (5)[1:swapper/0][PMIC] [pmic_enable_interrupt] No callback at intNo=116
06-16 16:35:27.616     1     1 I         : (5)[1:swapper/0]mtk_power_misc_init INIT done, init:1
06-16 16:35:27.616     1     1 I         : (5)[1:swapper/0][pmic_register_interrupt_callback] intNo=121, callback=fg_nafg_int_handler
06-16 16:35:27.616     1     1 I         : (5)[1:swapper/0][pmic_register_interrupt_callback] intNo=84, callback=fg_zcv_int_handler
06-16 16:35:27.617     1     1 I         : (5)[1:swapper/0][pmic_register_interrupt_callback] intNo=87, callback=fg_cycle_int_handler
06-16 16:35:27.617     1     1 I         : (5)[1:swapper/0][pmic_register_interrupt_callback] intNo=88, callback=fg_iavg_int_ht_handler
06-16 16:35:27.617     1     1 I         : (5)[1:swapper/0][pmic_register_interrupt_callback] intNo=89, callback=fg_iavg_int_lt_handler
06-16 16:35:27.617     1     1 I         : (5)[1:swapper/0][pmic_register_interrupt_callback] intNo=99, callback=fg_bat_plugout_int_handler
06-16 16:35:27.617     1     1 I         : (5)[1:swapper/0][pmic_register_interrupt_callback] intNo=116, callback=fg_bat_temp_int_h_handler
06-16 16:35:27.617     1     1 I         : (5)[1:swapper/0][pmic_register_interrupt_callback] intNo=117, callback=fg_bat_temp_int_l_handler
06-16 16:35:27.617     1     1 I         : (5)[1:swapper/0][pmic_register_interrupt_callback] intNo=114, callback=fg_vbat2_h_int_handler
06-16 16:35:27.617     1     1 I         : (5)[1:swapper/0][pmic_register_interrupt_callback] intNo=115, callback=fg_vbat2_l_int_handler
06-16 16:35:27.617     1     1 I -(5)[1:swapper/0]mt6358_misc: mtk_rtc_get_spare_register: cmd[0], get rg[0x2a, 0xff , 8] = 0xe4
06-16 16:35:27.617     1     1 I         : (5)[1:swapper/0][fgauge_read_boot_battery_plug_out_status] rtc_invalid 0 plugout 0 bat_plug_out_time 0 sp3:0xe4 pl:0 0
06-16 16:35:27.617     1     1 I         : (5)[1:swapper/0][BAT_probe] power_supply_register Battery Success !!
06-16 16:35:27.617     1     1 I         : (5)[1:swapper/0] fg_swocv_v = 43693 len 5 fg_swocv_v_tmp 43693 ptim_lk_v[43693]
06-16 16:35:27.617     1     1 I         : (5)[1:swapper/0] fg_swocv_i = 0369 len 1 fg_swocv_i_tmp 0 ptim_lk_i[0]
06-16 16:35:27.617     1     1 I         : (5)[1:swapper/0] shutdown_time = 1369 len 1 shutdown_time_tmp 1 pl_shutdown_time[1]
06-16 16:35:27.617     1     1 I         : (5)[1:swapper/0]boot_voltage=4358 len 4 boot_voltage_tmp 4358 pl_bat_vol[4358]
06-16 16:35:27.617     1     1 I (5)[1:swapper/0][battery_init] Initialization: DONE
06-16 16:35:27.617     1     1 I (5)[1:swapper/0]mt_charger_probe: check_cable_in: 0
06-16 16:35:27.617     1     1 I         : (5)[1:swapper/0]mt_charger_probe
06-16 16:35:27.618     1     1 I         : (5)[1:swapper/0]mt_charger_probe KPOC(0)
06-16 16:35:27.618   312   312 I (5)[312:battery_thread]mt635x-auxadc mt635x-auxadc: name:BATADC, channel=0, adc_out=0x5710, adc_result=4285
06-16 16:35:27.618   314   314 I (5)[314:chgdet_thread]chgdet_task_threadfn: ++
06-16 16:35:27.618     1     1 I         : (5)[1:swapper/0]mt_charger_probe done
06-16 16:35:27.618     1     1 I         : (5)[1:swapper/0]mtk_pd_adapter_probe
06-16 16:35:27.618     1     1 I         : (5)[1:swapper/0]adapter_parse_dt
06-16 16:35:27.618     1     1 I (5)[1:swapper/0]adapter_device_register: name=pd_adapter
06-16 16:35:27.618     1     1 I (5)[1:swapper/0]mtk_pd_adapter_probe: tcpc device not ready, defer
06-16 16:35:27.618     1     1 E (5)[1:swapper/0]sc856x 6-006e: sc856x_charger_probe (1.0.1_G)
06-16 16:35:27.619   312   312 I (5)[312:battery_thread]mt635x-auxadc mt635x-auxadc: name:VBIF, channel=11, adc_out=0x9fe, adc_result=2810
06-16 16:35:27.619   312   312 I         : (5)[312:battery_thread][CH3_DBG] bat_cur = -12982
06-16 16:35:27.620   312   312 I (5)[312:battery_thread]mt635x-auxadc mt635x-auxadc: name:BAT_TEMP, channel=3, adc_out=0x284, adc_result=707
06-16 16:35:27.620   312   312 I (5)[312:battery_thread]mtk_bif_is_hw_exist: do not have bif driver
06-16 16:35:27.620   312   312 I         : (5)[312:battery_thread][battery_get_batt_id]auxadc_voltage is 800
06-16 16:35:27.620   312   312 I         : (5)[312:battery_thread][battery_get_batt_id]battery_id_voltage is 800
06-16 16:35:27.633   204   204 E (1)[204:kworker/1:1]set_hv_flag: fast_charging=0
06-16 16:35:27.633   302   302 E (0)[302:kworker/0:2]mt_usb_get_property: VOLTAGE_MAX=5000000
06-16 16:35:27.633   204   204 E (1)[204:kworker/1:1]mt_ac_get_property: online=0 set hv_flag 0
06-16 16:35:27.633   204   204 E (1)[204:kworker/1:1]set_hv_flag: fast_charging=0
06-16 16:35:27.633   204   204 E (1)[204:kworker/1:1]mt_ac_get_property: online=0 set hv_flag 0
06-16 16:35:27.633   204   204 E (1)[204:kworker/1:1]mt_ac_get_property: VOLTAGE_MAX=5000000
06-16 16:35:27.633   206   206 I (3)[206:kworker/3:1]battery_get_property CHARGE_FULL: 0
06-16 16:35:27.633   206   206 I (3)[206:kworker/3:1]battery_get_property CHARGE_COUNTER: 0
06-16 16:35:27.633   206   206 I (3)[206:kworker/3:1]battery_get_property aging: 0
06-16 16:35:28.149     1     1 E (5)[1:swapper/0]sc856x 6-006e: sc856x_parse_dt:end lpm_gpio=1
06-16 16:35:28.149     1     1 E (5)[1:swapper/0]sc856x 6-006e: work mode is master
06-16 16:35:28.175     1     1 I (5)[1:swapper/0]sc856x 6-006e: sc856x_enable_adc:1
06-16 16:35:28.176     1     1 E (5)[1:swapper/0]sc856x 6-006e: sc856x_dump_reg reg[0x00] = 0xa0
06-16 16:35:28.176     1     1 E (5)[1:swapper/0]sc856x 6-006e: sc856x_dump_reg reg[0x01] = 0x1e
06-16 16:35:28.176     1     1 E (5)[1:swapper/0]sc856x 6-006e: sc856x_dump_reg reg[0x02] = 0x0a
06-16 16:35:28.177     1     1 E (5)[1:swapper/0]sc856x 6-006e: sc856x_dump_reg reg[0x03] = 0x0a
06-16 16:35:28.177     1     1 E (5)[1:swapper/0]sc856x 6-006e: sc856x_dump_reg reg[0x04] = 0x0a
06-16 16:35:28.177     1     1 E (5)[1:swapper/0]sc856x 6-006e: sc856x_dump_reg reg[0x05] = 0x7b
06-16 16:35:28.177     1     1 E (5)[1:swapper/0]sc856x 6-006e: sc856x_dump_reg reg[0x06] = 0x1e
06-16 16:35:28.177     1     1 E (5)[1:swapper/0]sc856x 6-006e: sc856x_dump_reg reg[0x07] = 0x20
06-16 16:35:28.178     1     1 E (5)[1:swapper/0]sc856x 6-006e: sc856x_dump_reg reg[0x08] = 0x67
06-16 16:35:28.178     1     1 E (5)[1:swapper/0]sc856x 6-006e: sc856x_dump_reg reg[0x09] = 0x07
06-16 16:35:28.178     1     1 E (5)[1:swapper/0]sc856x 6-006e: sc856x_dump_reg reg[0x0a] = 0x30
06-16 16:35:28.178     1     1 E (5)[1:swapper/0]sc856x 6-006e: sc856x_dump_reg reg[0x0b] = 0x00
06-16 16:35:28.178     1     1 E (5)[1:swapper/0]sc856x 6-006e: sc856x_dump_reg reg[0x0c] = 0xa0
06-16 16:35:28.179     1     1 E (5)[1:swapper/0]sc856x 6-006e: sc856x_dump_reg reg[0x0d] = 0x28
06-16 16:35:28.179     1     1 E (5)[1:swapper/0]sc856x 6-006e: sc856x_dump_reg reg[0x0e] = 0x00
06-16 16:35:28.179     1     1 E (5)[1:swapper/0]sc856x 6-006e: sc856x_dump_reg reg[0x0f] = 0x90
06-16 16:35:28.179     1     1 E (5)[1:swapper/0]sc856x 6-006e: sc856x_dump_reg reg[0x10] = 0x3d
06-16 16:35:28.179     1     1 E (5)[1:swapper/0]sc856x 6-006e: sc856x_dump_reg reg[0x11] = 0x00
06-16 16:35:28.180     1     1 E (5)[1:swapper/0]sc856x 6-006e: sc856x_dump_reg reg[0x12] = 0x00
06-16 16:35:28.180     1     1 E (5)[1:swapper/0]sc856x 6-006e: sc856x_dump_reg reg[0x13] = 0x00
06-16 16:35:28.180     1     1 E (5)[1:swapper/0]sc856x 6-006e: sc856x_dump_reg reg[0x14] = 0x00
06-16 16:35:28.180     1     1 E (5)[1:swapper/0]sc856x 6-006e: sc856x_dump_reg reg[0x15] = 0x80
06-16 16:35:28.180     1     1 E (5)[1:swapper/0]sc856x 6-006e: sc856x_dump_reg reg[0x16] = 0x00
06-16 16:35:28.181     1     1 E (5)[1:swapper/0]sc856x 6-006e: sc856x_dump_reg reg[0x17] = 0x00
06-16 16:35:28.181     1     1 E (5)[1:swapper/0]sc856x 6-006e: sc856x_dump_reg reg[0x18] = 0x00
06-16 16:35:28.181     1     1 E (5)[1:swapper/0]sc856x 6-006e: sc856x_dump_reg reg[0x19] = 0x03
06-16 16:35:28.181     1     1 E (5)[1:swapper/0]sc856x 6-006e: sc856x_dump_reg reg[0x1a] = 0x15
06-16 16:35:28.181     1     1 E (5)[1:swapper/0]sc856x 6-006e: sc856x_dump_reg reg[0x1b] = 0x03
06-16 16:35:28.182     1     1 E (5)[1:swapper/0]sc856x 6-006e: sc856x_dump_reg reg[0x1c] = 0x16
06-16 16:35:28.182     1     1 E (5)[1:swapper/0]sc856x 6-006e: sc856x_dump_reg reg[0x1d] = 0x00
06-16 16:35:28.182     1     1 E (5)[1:swapper/0]sc856x 6-006e: sc856x_dump_reg reg[0x1e] = 0x00
06-16 16:35:28.182     1     1 E (5)[1:swapper/0]sc856x 6-006e: sc856x_dump_reg reg[0x1f] = 0x0d
06-16 16:35:28.182     1     1 E (5)[1:swapper/0]sc856x 6-006e: sc856x_dump_reg reg[0x20] = 0x65
06-16 16:35:28.183     1     1 E (5)[1:swapper/0]sc856x 6-006e: sc856x_dump_reg reg[0x21] = 0x0d
06-16 16:35:28.183     1     1 E (5)[1:swapper/0]sc856x 6-006e: sc856x_dump_reg reg[0x22] = 0x7c
06-16 16:35:28.183     1     1 E (5)[1:swapper/0]sc856x 6-006e: sc856x_dump_reg reg[0x23] = 0x00
06-16 16:35:28.183     1     1 E (5)[1:swapper/0]sc856x 6-006e: sc856x_dump_reg reg[0x24] = 0x00
06-16 16:35:28.183     1     1 E (5)[1:swapper/0]sc856x 6-006e: sc856x_dump_reg reg[0x25] = 0x01
06-16 16:35:28.184     1     1 E (5)[1:swapper/0]sc856x 6-006e: sc856x_dump_reg reg[0x26] = 0xff
06-16 16:35:28.184     1     1 E (5)[1:swapper/0]sc856x 6-006e: sc856x_dump_reg reg[0x27] = 0x00
06-16 16:35:28.184     1     1 E (5)[1:swapper/0]sc856x 6-006e: sc856x_dump_reg reg[0x28] = 0x3c
06-16 16:35:28.184     1     1 E (5)[1:swapper/0]sc856x 6-006e: sc856x_dump_reg reg[0x29] = 0x15
06-16 16:35:28.184     1     1 E (5)[1:swapper/0]sc856x 6-006e: sc856x_dump_reg reg[0x2a] = 0x00
06-16 16:35:28.185     1     1 E (5)[1:swapper/0]sc856x 6-006e: sc856x_dump_reg reg[0x2b] = 0x80
06-16 16:35:28.185     1     1 E (5)[1:swapper/0]sc856x 6-006e: sc856x_dump_reg reg[0x2c] = 0x00
06-16 16:35:28.185     1     1 E (5)[1:swapper/0]sc856x 6-006e: sc856x_dump_reg reg[0x2d] = 0x50
06-16 16:35:28.185     1     1 E (5)[1:swapper/0]sc856x 6-006e: sc856x_dump_reg reg[0x2e] = 0x00
06-16 16:35:28.185     1     1 E (5)[1:swapper/0]sc856x 6-006e: sc856x_dump_reg reg[0x2f] = 0x00
06-16 16:35:28.186     1     1 E (5)[1:swapper/0]sc856x 6-006e: sc856x_dump_reg reg[0x30] = 0x00
06-16 16:35:28.186     1     1 E (5)[1:swapper/0]sc856x 6-006e: sc856x_dump_reg reg[0x31] = 0x00
06-16 16:35:28.186     1     1 E (5)[1:swapper/0]sc856x 6-006e: sc856x_dump_reg reg[0x32] = 0x00
06-16 16:35:28.186     1     1 E (5)[1:swapper/0]sc856x 6-006e: sc856x_dump_reg reg[0x33] = 0x28
06-16 16:35:28.186     1     1 E (5)[1:swapper/0]sc856x 6-006e: sc856x_dump_reg reg[0x34] = 0x00
06-16 16:35:28.187     1     1 E (5)[1:swapper/0]sc856x 6-006e: sc856x_dump_reg reg[0x35] = 0x02
06-16 16:35:28.187     1     1 E (5)[1:swapper/0]sc856x 6-006e: sc856x_dump_reg reg[0x36] = 0x00
06-16 16:35:28.187     1     1 E (5)[1:swapper/0]sc856x 6-006e: sc856x_dump_reg reg[0x37] = 0x00
06-16 16:35:28.187     1     1 E (5)[1:swapper/0]sc856x 6-006e: sc856x_dump_reg reg[0x38] = 0x00
06-16 16:35:28.188     1     1 E (5)[1:swapper/0]sc856x 6-006e: sc856x_dump_reg reg[0x39] = 0x00
06-16 16:35:28.188     1     1 E (5)[1:swapper/0]sc856x 6-006e: sc856x_dump_reg reg[0x3a] = 0x02
06-16 16:35:28.188     1     1 E (5)[1:swapper/0]sc856x 6-006e: sc856x_dump_reg reg[0x3b] = 0x00
06-16 16:35:28.188     1     1 E (5)[1:swapper/0]sc856x 6-006e: sc856x_dump_reg reg[0x3c] = 0x51
06-16 16:35:28.188     1     1 E (5)[1:swapper/0]sc856x 6-006e: sc856x_dump_reg reg[0x3d] = 0x80
06-16 16:35:28.189     1     1 E (5)[1:swapper/0]sc856x 6-006e: sc856x_dump_reg reg[0x3e] = 0x00
06-16 16:35:28.189     1     1 E (5)[1:swapper/0]sc856x 6-006e: sc856x_dump_reg reg[0x3f] = 0x00
06-16 16:35:28.189     1     1 E (5)[1:swapper/0]sc856x 6-006e: sc856x_dump_reg reg[0x40] = 0x00
06-16 16:35:28.189     1     1 E (5)[1:swapper/0]sc856x 6-006e: sc856x_dump_reg reg[0x41] = 0xff
06-16 16:35:28.189     1     1 E (5)[1:swapper/0]sc856x 6-006e: sc856x_dump_reg reg[0x42] = 0xff
06-16 16:35:28.190     1     1 E (5)[1:swapper/0]sc856x 6-006e: sc856x_dump_reg reg[0x43] = 0xff
06-16 16:35:28.190     1     1 E (5)[1:swapper/0]sc856x 6-006e: sc856x_dump_reg reg[0x44] = 0xff
06-16 16:35:28.190     1     1 E (5)[1:swapper/0]sc856x 6-006e: sc856x_dump_reg reg[0x45] = 0xff
06-16 16:35:28.190     1     1 E (5)[1:swapper/0]sc856x 6-006e: sc856x_dump_reg reg[0x46] = 0xff
06-16 16:35:28.190     1     1 E (5)[1:swapper/0]sc856x 6-006e: sc856x_dump_reg reg[0x47] = 0xff
06-16 16:35:28.191     1     1 E (5)[1:swapper/0]sc856x 6-006e: sc856x_dump_reg reg[0x48] = 0xff
06-16 16:35:28.191     1     1 E (5)[1:swapper/0]sc856x 6-006e: sc856x_dump_reg reg[0x49] = 0xff
06-16 16:35:28.191     1     1 E (5)[1:swapper/0]sc856x 6-006e: sc856x_dump_reg reg[0x4a] = 0xff
06-16 16:35:28.191     1     1 E (5)[1:swapper/0]sc856x 6-006e: sc856x_dump_reg reg[0x4b] = 0xff
06-16 16:35:28.191     1     1 E (5)[1:swapper/0]sc856x 6-006e: sc856x_dump_reg reg[0x4c] = 0xff
06-16 16:35:28.192     1     1 E (5)[1:swapper/0]sc856x 6-006e: sc856x_dump_reg reg[0x4d] = 0xff
06-16 16:35:28.192     1     1 E (5)[1:swapper/0]sc856x 6-006e: sc856x_dump_reg reg[0x4e] = 0xff
06-16 16:35:28.192     1     1 E (5)[1:swapper/0]sc856x 6-006e: sc856x_dump_reg reg[0x4f] = 0xff
06-16 16:35:28.192     1     1 E (5)[1:swapper/0]sc856x 6-006e: sc856x_dump_reg reg[0x50] = 0xff
06-16 16:35:28.192     1     1 E (5)[1:swapper/0]sc856x 6-006e: sc856x_dump_reg reg[0x51] = 0xff
06-16 16:35:28.193     1     1 E (5)[1:swapper/0]sc856x 6-006e: sc856x_dump_reg reg[0x52] = 0xff
06-16 16:35:28.193     1     1 E (5)[1:swapper/0]sc856x 6-006e: sc856x_dump_reg reg[0x53] = 0xff
06-16 16:35:28.193     1     1 E (5)[1:swapper/0]sc856x 6-006e: sc856x_dump_reg reg[0x54] = 0xff
06-16 16:35:28.193     1     1 E (5)[1:swapper/0]sc856x 6-006e: sc856x_dump_reg reg[0x55] = 0xff
06-16 16:35:28.193     1     1 E (5)[1:swapper/0]sc856x 6-006e: sc856x_dump_reg reg[0x56] = 0xff
06-16 16:35:28.194     1     1 E (5)[1:swapper/0]sc856x 6-006e: sc856x_dump_reg reg[0x57] = 0xff
06-16 16:35:28.194     1     1 E (5)[1:swapper/0]sc856x 6-006e: sc856x_dump_reg reg[0x58] = 0xff
06-16 16:35:28.194     1     1 E (5)[1:swapper/0]sc856x 6-006e: sc856x_dump_reg reg[0x59] = 0xff
06-16 16:35:28.194     1     1 E (5)[1:swapper/0]sc856x 6-006e: sc856x_dump_reg reg[0x5a] = 0xff
06-16 16:35:28.194     1     1 E (5)[1:swapper/0]sc856x 6-006e: sc856x_dump_reg reg[0x5b] = 0xff
06-16 16:35:28.195     1     1 E (5)[1:swapper/0]sc856x 6-006e: sc856x_dump_reg reg[0x5c] = 0xff
06-16 16:35:28.195     1     1 E (5)[1:swapper/0]sc856x 6-006e: sc856x_dump_reg reg[0x5d] = 0xff
06-16 16:35:28.195     1     1 E (5)[1:swapper/0]sc856x 6-006e: sc856x_dump_reg reg[0x5e] = 0xff
06-16 16:35:28.195     1     1 E (5)[1:swapper/0]sc856x 6-006e: sc856x_dump_reg reg[0x5f] = 0xff
06-16 16:35:28.195     1     1 E (5)[1:swapper/0]sc856x 6-006e: sc856x_dump_reg reg[0x60] = 0xff
06-16 16:35:28.196     1     1 E (5)[1:swapper/0]sc856x 6-006e: sc856x_dump_reg reg[0x61] = 0xff
06-16 16:35:28.196     1     1 E (5)[1:swapper/0]sc856x 6-006e: sc856x_dump_reg reg[0x62] = 0xff
06-16 16:35:28.196     1     1 E (5)[1:swapper/0]sc856x 6-006e: sc856x_dump_reg reg[0x63] = 0xff
06-16 16:35:28.196     1     1 E (5)[1:swapper/0]sc856x 6-006e: sc856x_dump_reg reg[0x64] = 0xff
06-16 16:35:28.196     1     1 E (5)[1:swapper/0]sc856x 6-006e: sc856x_dump_reg reg[0x65] = 0xff
06-16 16:35:28.197     1     1 E (5)[1:swapper/0]sc856x 6-006e: sc856x_dump_reg reg[0x66] = 0xff
06-16 16:35:28.197     1     1 E (5)[1:swapper/0]sc856x 6-006e: sc856x_dump_reg reg[0x67] = 0xff
06-16 16:35:28.197     1     1 E (5)[1:swapper/0]sc856x 6-006e: sc856x_dump_reg reg[0x68] = 0xff
06-16 16:35:28.197     1     1 E (5)[1:swapper/0]sc856x 6-006e: sc856x_dump_reg reg[0x69] = 0xff
06-16 16:35:28.197     1     1 E (5)[1:swapper/0]sc856x 6-006e: sc856x_dump_reg reg[0x6a] = 0xff
06-16 16:35:28.198     1     1 E (5)[1:swapper/0]sc856x 6-006e: sc856x_dump_reg reg[0x6b] = 0xff
06-16 16:35:28.198     1     1 E (5)[1:swapper/0]sc856x 6-006e: sc856x_dump_reg reg[0x6c] = 0xff
06-16 16:35:28.198     1     1 E (5)[1:swapper/0]sc856x 6-006e: sc856x_dump_reg reg[0x6d] = 0xff
06-16 16:35:28.198     1     1 E (5)[1:swapper/0]sc856x 6-006e: sc856x_dump_reg reg[0x6e] = 0x81
06-16 16:35:28.198     1     1 E (5)[1:swapper/0]sc856x 6-006e: sc856x_dump_reg reg[0x6f] = 0xff
06-16 16:35:28.199     1     1 E (5)[1:swapper/0]sc856x 6-006e: sc856x_dump_reg reg[0x70] = 0x45
06-16 16:35:28.199     1     1 E (5)[1:swapper/0]sc856x 6-006e: sc856x_dump_reg reg[0x71] = 0x46
06-16 16:35:28.199     1     1 E (5)[1:swapper/0]sc856x 6-006e: sc856x_dump_reg reg[0x72] = 0x00
06-16 16:35:28.199     1     1 E (5)[1:swapper/0]sc856x 6-006e: sc856x_dump_reg reg[0x73] = 0x00
06-16 16:35:28.199     1     1 E (5)[1:swapper/0]sc856x 6-006e: sc856x_dump_reg reg[0x74] = 0x00
06-16 16:35:28.200     1     1 E (5)[1:swapper/0]sc856x 6-006e: sc856x_dump_reg reg[0x75] = 0x02
06-16 16:35:28.200     1     1 E (5)[1:swapper/0]sc856x 6-006e: sc856x_dump_reg reg[0x76] = 0x20
06-16 16:35:28.200     1     1 E (5)[1:swapper/0]sc856x 6-006e: sc856x_dump_reg reg[0x77] = 0x09
06-16 16:35:28.200     1     1 E (5)[1:swapper/0]sc856x 6-006e: sc856x_dump_reg reg[0x78] = 0x00
06-16 16:35:28.200     1     1 E (5)[1:swapper/0]sc856x 6-006e: sc856x_dump_reg reg[0x79] = 0x00
06-16 16:35:28.201     1     1 E (5)[1:swapper/0]sc856x 6-006e: sc856x_dump_reg reg[0x7a] = 0x00
06-16 16:35:28.201     1     1 E (5)[1:swapper/0]sc856x 6-006e: sc856x_dump_reg reg[0x7b] = 0x00
06-16 16:35:28.201     1     1 E (5)[1:swapper/0]sc856x 6-006e: sc856x_dump_reg reg[0x7c] = 0x01
06-16 16:35:28.201     1     1 E (5)[1:swapper/0]sc856x 6-006e: sc856x_dump_reg reg[0x7d] = 0x00
06-16 16:35:28.201     1     1 E (5)[1:swapper/0]sc856x 6-006e: sc856x_dump_reg reg[0x7e] = 0x00
06-16 16:35:28.202     1     1 E (5)[1:swapper/0]sc856x 6-006e: sc856x_dump_reg reg[0x7f] = 0x00
06-16 16:35:28.202     1     1 I (5)[1:swapper/0]sc856x 6-006e: sc-cp-master power supply register successfully
06-16 16:35:28.202     1     1 E (5)[1:swapper/0]sc856x 6-006e: sc856x[master] probe successfully!
06-16 16:35:28.202     1     1 I (5)[1:swapper/0]BOOTPROF: 1714.323619:probe: probe=i2c_device_probe drv=sc856x(0xffffffad1b293518)   583.431386ms
06-16 16:35:28.202     1     1 I (5)[1:swapper/0]BOOTPROF: 1714.392003:initcall: sc856x_charger_driver_init   583.546155ms
06-16 16:35:28.202     1     1 E (5)[1:swapper/0]Error: Driver 'mtk-thermal' is already registered, aborting...
06-16 16:35:28.202     1     1 I         : (5)[1:swapper/0][wdtk] kick watchdog
06-16 16:35:28.202   122   122 I         : (5)[122:watchdogd][wdtk] kick watchdog
06-16 16:35:28.203     1     1 I (5)[1:swapper/0]mtk-wdt 10007000.watchdog: Watchdog enabled (timeout=31 sec, nowayout=0)
06-16 16:35:28.203     1     1 I (5)[1:swapper/0]device-mapper: uevent: version 1.0.3
06-16 16:35:28.203     1     1 I (5)[1:swapper/0]device-mapper: ioctl: 4.39.0-ioctl (2018-04-03) initialised: dm-devel@redhat.com
06-16 16:35:28.205     1     1 I (5)[1:swapper/0]regulator_vibrator vib_probe(373): probe start +++
06-16 16:35:28.205     1     1 I (5)[1:swapper/0]regulator_vibrator regulator_vibrator: Linked as a consumer to regulator.12
06-16 16:35:28.205     1     1 I (5)[1:swapper/0]regulator_vibrator mt_vibra_parse_dt(109): vibr_conf = 15, 15000, 2300000-3200000
06-16 16:35:28.205     1     1 I (5)[1:swapper/0]regulator_vibrator vibr_power_set(123): set voltage = 2300000-3200000
06-16 16:35:28.205     1     1 I (5)[1:swapper/0]regulator_vibrator vib_probe(422): probe success, end ---
06-16 16:35:28.206     1     1 I (5)[1:swapper/0]hidraw: raw HID events driver (C) Jiri Kosina
06-16 16:35:28.206     1     1 I (5)[1:swapper/0]usbcore: registered new interface driver usbhid
06-16 16:35:28.206     1     1 I (5)[1:swapper/0]usbhid: USB HID core driver
06-16 16:35:28.206     1     1 I (5)[1:swapper/0]ashmem: initialized
06-16 16:35:28.207     1     1 E         : (5)[1:swapper/0]DEVICEINFOdeviceinfo_init
06-16 16:35:28.207     1     1 I (5)[1:swapper/0][TCT_BSP_NODE]tct_bsp_display_init: Enter
06-16 16:35:28.207     1     1 I (5)[1:swapper/0][TCT_BSP_NODE]tct_bsp_display_init: Exit(729)
06-16 16:35:28.207     1     1 I (5)[1:swapper/0]usbcore: registered new interface driver snd-usb-audio
06-16 16:35:28.208     1     1 E (5)[1:swapper/0]mt6359-sound mt6359_snd: Error: Get efuse failed (-2)
06-16 16:35:28.208     1     1 I (5)[1:swapper/0]mt6359-sound mt6359_snd: mt6359_parse_dt() failed to read dmic-mode, default 2 wire
06-16 16:35:28.208     1     1 I (5)[1:swapper/0]mt6359-sound mt6359_snd: mt6359_parse_dt() failed to read mic-type, default DCC
06-16 16:35:28.208     1     1 I (5)[1:swapper/0]mt6359-sound mt6359_snd: mt6359_parse_dt() vow_dmic_lp node not exist, default off.
06-16 16:35:28.208     1     1 I (5)[1:swapper/0]mt6359-sound mt6359_snd: mt6359_platform_driver_probe(), dev name mt6359_snd
06-16 16:35:28.208     1     1 I (5)[1:swapper/0]mt6359-sound mt6359_snd: mt6359_platform_driver_probe(), ret = 0
06-16 16:35:28.208     1     1 W         : (5)[1:swapper/0]es7210_modinit enter
06-16 16:35:28.208     1     1 W         : (5)[1:swapper/0]begin->>>>>>>>>>es7210_i2c_probe!
06-16 16:35:28.208     1     1 W         : (5)[1:swapper/0]es7210_i2c_probe  i2c_id->driver_data =0
06-16 16:35:28.208     1     1 W         : (5)[1:swapper/0]es7210_i2c_probe  111 i2c_id->driver_data =0
06-16 16:35:28.208     1     1 I (5)[1:swapper/0]speaker_amp 9-0034: mtk_spk_i2c_probe()
06-16 16:35:28.208     1     1 I (5)[1:swapper/0][Awinic][9-0034]aw883xx_i2c_probe: enter
06-16 16:35:28.208     1     1 I (5)[1:swapper/0][Awinic][9-0034]aw883xx_parse_sync_flag_dt: read sync flag failed,default phase sync off
06-16 16:35:28.208     1     1 I (5)[1:swapper/0][Awinic][9-0034]aw883xx_parse_rename_flag_dt: read rename flag failed,default rename off
06-16 16:35:28.208     1     1 I (5)[1:swapper/0][Awinic][9-0034]aw883xx_parse_gpio_dt: reset gpio provided ok
06-16 16:35:28.208     1     1 I (5)[1:swapper/0][Awinic][9-0034]aw883xx_parse_gpio_dt: no irq gpio provided.
06-16 16:35:28.208     1     1 I (5)[1:swapper/0][Awinic][9-0034]aw883xx_hw_reset: enter
06-16 16:35:28.210     1     1 I (5)[1:swapper/0][Awinic][9-0034]aw883xx_read_chipid: read chip id: 0x2049
06-16 16:35:28.210     1     1 I (5)[1:swapper/0][Awinic][9-0034]aw883xx_parse_fade_enable_dt: read fade-enable failed, close fade_in_out
06-16 16:35:28.210     1     1 I (5)[1:swapper/0][Awinic][9-0034]aw883xx_parse_re_range_dt: parse re-min:[1000]
06-16 16:35:28.210     1     1 I (5)[1:swapper/0][Awinic][9-0034]aw883xx_parse_re_range_dt: parse re-max:[40000]
06-16 16:35:28.210     1     1 I (5)[1:swapper/0][Awinic][9-0034]aw_cali_parse_dt: cali-check get failed ,default turn off
06-16 16:35:28.210     1     1 I (5)[1:swapper/0][Awinic][9-0034]aw_cali_parse_dt: cali check :disable
06-16 16:35:28.211     1     1 I (5)[1:swapper/0][Awinic][9-0034]aw883xx_monitor_init: enter
06-16 16:35:28.211     1     1 I (5)[1:swapper/0][Awinic][9-0034]aw_monitor_parse_dt: read hw-monitor-delay failed, set deafult value:[1000]ms
06-16 16:35:28.211     1     1 I (5)[1:swapper/0][Awinic][9-0034]aw_parse_spin_mode_dt: spin-mode get failed, spin switch off
06-16 16:35:28.211     1     1 I (5)[1:swapper/0][Awinic][9-0034]aw_parse_topo_id_dt: read aw-rx-topo-id failed,use default
06-16 16:35:28.211     1     1 I (5)[1:swapper/0][Awinic][9-0034]aw_parse_topo_id_dt: rx-topo-id: 0x1000ff01
06-16 16:35:28.211     1     1 I (5)[1:swapper/0][Awinic][9-0034]aw_parse_port_id_dt: read aw-rx-port-id failed,use default
06-16 16:35:28.211     1     1 I (5)[1:swapper/0][Awinic][9-0034]aw_parse_port_id_dt: rx-port-id: 0x1006
06-16 16:35:28.211     1     1 I (5)[1:swapper/0][Awinic][9-0034]aw883xx_interrupt_init: skipping IRQ registration
06-16 16:35:28.211     1     1 I (5)[1:swapper/0][Awinic][9-0034]aw883xx_append_i2c_suffix: change name :aw883xx-aif-9-34
06-16 16:35:28.211     1     1 I (5)[1:swapper/0][Awinic][9-0034]aw883xx_append_i2c_suffix: change name :Speaker_Playback_9_34
06-16 16:35:28.211     1     1 I (5)[1:swapper/0][Awinic][9-0034]aw883xx_append_i2c_suffix: change name :Speaker_Capture_9_34
06-16 16:35:28.211     1     1 I (5)[1:swapper/0][Awinic][9-0034]aw883xx_dai_drv_append_suffix: dai name [aw883xx-aif-9-34]
06-16 16:35:28.211     1     1 I (5)[1:swapper/0][Awinic][9-0034]aw883xx_dai_drv_append_suffix: pstream_name [Speaker_Playback_9_34]
06-16 16:35:28.211     1     1 I (5)[1:swapper/0][Awinic][9-0034]aw883xx_dai_drv_append_suffix: cstream_name [Speaker_Capture_9_34]
06-16 16:35:28.211     1     1 I (5)[1:swapper/0][Awinic][9-0034]aw883xx_i2c_probe: dev_cnt 1 probe completed successfully
06-16 16:35:28.211     1     1 I (5)[1:swapper/0]speaker_amp 9-0036: mtk_spk_i2c_probe()
06-16 16:35:28.211     1     1 I (5)[1:swapper/0][Awinic][9-0036]aw883xx_i2c_probe: enter
06-16 16:35:28.211     1     1 I (5)[1:swapper/0][Awinic][9-0036]aw883xx_parse_sync_flag_dt: read sync flag failed,default phase sync off
06-16 16:35:28.211     1     1 I (5)[1:swapper/0][Awinic][9-0036]aw883xx_parse_rename_flag_dt: read rename flag failed,default rename off
06-16 16:35:28.211     1     1 I (5)[1:swapper/0][Awinic][9-0036]aw883xx_parse_gpio_dt: reset gpio provided ok
06-16 16:35:28.211     1     1 I (5)[1:swapper/0][Awinic][9-0036]aw883xx_parse_gpio_dt: no irq gpio provided.
06-16 16:35:28.211     1     1 E (5)[1:swapper/0][Awinic][9-0036]aw883xx_gpio_request: rst request failed
06-16 16:35:28.211     1     1 I (5)[1:swapper/0][Awinic][9-0036]aw883xx_hw_reset: enter
06-16 16:35:28.213     1     1 I (5)[1:swapper/0][Awinic][9-0036]aw883xx_read_chipid: read chip id: 0x2049
06-16 16:35:28.213     1     1 I (5)[1:swapper/0][Awinic][9-0036]aw883xx_parse_fade_enable_dt: read fade-enable failed, close fade_in_out
06-16 16:35:28.213     1     1 I (5)[1:swapper/0][Awinic][9-0036]aw883xx_parse_re_range_dt: parse re-min:[1000]
06-16 16:35:28.213     1     1 I (5)[1:swapper/0][Awinic][9-0036]aw883xx_parse_re_range_dt: parse re-max:[40000]
06-16 16:35:28.213     1     1 I (5)[1:swapper/0][Awinic][9-0036]aw_cali_parse_dt: cali-check get failed ,default turn off
06-16 16:35:28.213     1     1 I (5)[1:swapper/0][Awinic][9-0036]aw_cali_parse_dt: cali check :disable
06-16 16:35:28.213     1     1 E (5)[1:swapper/0][Awinic][9-0036]aw_cali_class_attr_init: class node already register
06-16 16:35:28.213     1     1 I (5)[1:swapper/0][Awinic][9-0036]aw883xx_monitor_init: enter
06-16 16:35:28.213     1     1 I (5)[1:swapper/0][Awinic][9-0036]aw_monitor_parse_dt: read hw-monitor-delay failed, set deafult value:[1000]ms
06-16 16:35:28.213     1     1 I (5)[1:swapper/0][Awinic][9-0036]aw_parse_spin_mode_dt: spin-mode get failed, spin switch off
06-16 16:35:28.213     1     1 I (5)[1:swapper/0][Awinic][9-0036]aw_parse_topo_id_dt: read aw-rx-topo-id failed,use default
06-16 16:35:28.213     1     1 I (5)[1:swapper/0][Awinic][9-0036]aw_parse_topo_id_dt: rx-topo-id: 0x1000ff01
06-16 16:35:28.213     1     1 I (5)[1:swapper/0][Awinic][9-0036]aw_parse_port_id_dt: read aw-rx-port-id failed,use default
06-16 16:35:28.213     1     1 I (5)[1:swapper/0][Awinic][9-0036]aw_parse_port_id_dt: rx-port-id: 0x1006
06-16 16:35:28.213     1     1 I (5)[1:swapper/0][Awinic][9-0036]aw883xx_interrupt_init: skipping IRQ registration
06-16 16:35:28.213     1     1 I (5)[1:swapper/0][Awinic][9-0036]aw883xx_append_i2c_suffix: change name :aw883xx-aif-9-36
06-16 16:35:28.213     1     1 I (5)[1:swapper/0][Awinic][9-0036]aw883xx_append_i2c_suffix: change name :Speaker_Playback_9_36
06-16 16:35:28.213     1     1 I (5)[1:swapper/0][Awinic][9-0036]aw883xx_append_i2c_suffix: change name :Speaker_Capture_9_36
06-16 16:35:28.213     1     1 I (5)[1:swapper/0][Awinic][9-0036]aw883xx_dai_drv_append_suffix: dai name [aw883xx-aif-9-36]
06-16 16:35:28.213     1     1 I (5)[1:swapper/0][Awinic][9-0036]aw883xx_dai_drv_append_suffix: pstream_name [Speaker_Playback_9_36]
06-16 16:35:28.213     1     1 I (5)[1:swapper/0][Awinic][9-0036]aw883xx_dai_drv_append_suffix: cstream_name [Speaker_Capture_9_36]
06-16 16:35:28.213     1     1 I (5)[1:swapper/0][Awinic][9-0036]aw883xx_i2c_probe: dev_cnt 2 probe completed successfully
06-16 16:35:28.215     1     1 W (5)[1:swapper/0]mt6885-audio 11210000.mt6885-afe-pcm: mt6885_init_clock devm_clk_get top_apll12_div5 fail, ret -2
06-16 16:35:28.215     1     1 I (5)[1:swapper/0]mt6885-audio 11210000.mt6885-afe-pcm: mt6885_afe_runtime_resume()
06-16 16:35:28.215     1     1 I (5)[1:swapper/0]mt6885-audio 11210000.mt6885-afe-pcm: mt6885_afe_enable_clock()
06-16 16:35:28.216     1     1 W (5)[1:swapper/0]mt6885-audio 11210000.mt6885-afe-pcm: No cache defaults, reading back from HW
06-16 16:35:28.216     1     1 I (5)[1:swapper/0]mt6885-audio 11210000.mt6885-afe-pcm: mt6885_afe_runtime_suspend()
06-16 16:35:28.216     1     1 I (5)[1:swapper/0]mt6885-audio 11210000.mt6885-afe-pcm: mt6885_afe_disable_clock()
06-16 16:35:28.217   302   302 I (0)[302:kworker/0:2]sc856x 6-006e: sc856x_check_charge_enabled:0
06-16 16:35:28.217   302   302 I (0)[302:kworker/0:2]sc856x 6-006e: sc856x_check_charge_enabled:0
06-16 16:35:28.217   302   302 E (0)[302:kworker/0:2]power_supply sc-cp-master: driver failed to report `present' property: -22
06-16 16:35:28.217     1     1 E (5)[1:swapper/0]mt6885-audio 11210000.mt6885-afe-pcm: mt6885_afe_gpio_init(), pinctrl_lookup_state aud_gpio_i2s1_off fail, ret -19
06-16 16:35:28.217     1     1 E (5)[1:swapper/0]mt6885-audio 11210000.mt6885-afe-pcm: mt6885_afe_gpio_init(), pinctrl_lookup_state aud_gpio_i2s1_on fail, ret -19
06-16 16:35:28.217     1     1 E (5)[1:swapper/0]mt6885-audio 11210000.mt6885-afe-pcm: mt6885_afe_gpio_init(), pinctrl_lookup_state aud_gpio_i2s5_off fail, ret -19
06-16 16:35:28.217     1     1 E (5)[1:swapper/0]mt6885-audio 11210000.mt6885-afe-pcm: mt6885_afe_gpio_init(), pinctrl_lookup_state aud_gpio_i2s5_on fail, ret -19
06-16 16:35:28.217     1     1 E (5)[1:swapper/0]mt6885-audio 11210000.mt6885-afe-pcm: mt6885_afe_gpio_init(), pinctrl_lookup_state aud_gpio_i2s6_off fail, ret -19
06-16 16:35:28.217     1     1 E (5)[1:swapper/0]mt6885-audio 11210000.mt6885-afe-pcm: mt6885_afe_gpio_init(), pinctrl_lookup_state aud_gpio_i2s6_on fail, ret -19
06-16 16:35:28.217     1     1 E (5)[1:swapper/0]mt6885-audio 11210000.mt6885-afe-pcm: mt6885_afe_gpio_init(), pinctrl_lookup_state aud_gpio_i2s7_off fail, ret -19
06-16 16:35:28.217     1     1 E (5)[1:swapper/0]mt6885-audio 11210000.mt6885-afe-pcm: mt6885_afe_gpio_init(), pinctrl_lookup_state aud_gpio_i2s7_on fail, ret -19
06-16 16:35:28.217     1     1 E (5)[1:swapper/0]mt6885-audio 11210000.mt6885-afe-pcm: mt6885_afe_gpio_init(), pinctrl_lookup_state aud_gpio_i2s8_off fail, ret -19
06-16 16:35:28.217     1     1 E (5)[1:swapper/0]mt6885-audio 11210000.mt6885-afe-pcm: mt6885_afe_gpio_init(), pinctrl_lookup_state aud_gpio_i2s8_on fail, ret -19
06-16 16:35:28.217     1     1 E (5)[1:swapper/0]mt6885-audio 11210000.mt6885-afe-pcm: mt6885_afe_gpio_init(), pinctrl_lookup_state aud_gpio_i2s9_off fail, ret -19
06-16 16:35:28.217     1     1 E (5)[1:swapper/0]mt6885-audio 11210000.mt6885-afe-pcm: mt6885_afe_gpio_init(), pinctrl_lookup_state aud_gpio_i2s9_on fail, ret -19
06-16 16:35:28.218     1     1 I (5)[1:swapper/0]mt6885-audio 11210000.mt6885-afe-pcm: mtk_audio_sram_init(), size 98304, block_size 4096, block_num 24, virt_addr 0000000065d3fa8e, phys_addr 0x0000000011212000
06-16 16:35:28.218     1     1 I (5)[1:swapper/0]mt6885-audio 11210000.mt6885-afe-pcm: mtk_audio_sram_init(), prefer_mode 0, mode_size[0] 0x12000, mode_size[1] 0x18000
06-16 16:35:28.218     1     1 I (5)[1:swapper/0]mt6885-audio 11210000.mt6885-afe-pcm: mt6885_dai_adda_register()
06-16 16:35:28.218     1     1 I (5)[1:swapper/0]mt6885-audio 11210000.mt6885-afe-pcm: mt6885_dai_i2s_register()
06-16 16:35:28.218     1     1 I (5)[1:swapper/0]mt6885-audio 11210000.mt6885-afe-pcm: mt6885_dai_hw_gain_register()
06-16 16:35:28.218     1     1 I (5)[1:swapper/0]mt6885-audio 11210000.mt6885-afe-pcm: mt6885_dai_src_register()
