06-16 16:35:28.271    78    78 I         : (5)[78:kworker/5:1]mtk_disp_merge_bind end
06-16 16:35:28.271    78    78 I (5)[78:kworker/5:1]mediatek-drm 14116000.dispsys_config: bound 14115000.disp_merge (ops 0xffffffad1ab16a38)
06-16 16:35:28.271    78    78 I (5)[78:kworker/5:1]mediatek-drm 14116000.dispsys_config: bound 14124000.disp_dsc_wrap (ops 0xffffffad1ab16730)
06-16 16:35:28.271    78    78 I (5)[78:kworker/5:1]mediatek-drm 14116000.dispsys_config: bound 14125000.dp_intf (ops 0xffffffad1ab000e0)
06-16 16:35:28.271    78    78 I         : (5)[78:kworker/5:1][DPTX][mtk_dp_bind line:3800]Successful
06-16 16:35:28.271    78    78 I (5)[78:kworker/5:1]mediatek-drm 14116000.dispsys_config: bound 14800000.dp_tx (ops 0xffffffad1ab00538)
06-16 16:35:28.271    78    78 I         : (5)[78:kworker/5:1]mtk_drm_crtc_create+
06-16 16:35:28.271    78    78 I         : (5)[78:kworker/5:1][drm] mtk_crtc_init_gce_obj(), CLIENT_CFG, 0
06-16 16:35:28.272    78    78 I         : (5)[78:kworker/5:1][drm] mtk_crtc_init_gce_obj(), CLIENT_TRIG_LOOP, 0
06-16 16:35:28.272    78    78 I         : (5)[78:kworker/5:1][drm] mtk_crtc_init_gce_obj(), CLIENT_SODI_LOOP, 0
06-16 16:35:28.272    78    78 I         : (5)[78:kworker/5:1][drm] mtk_crtc_init_gce_obj(), CLIENT_SUB_CFG, 0
06-16 16:35:28.272    78    78 I         : (5)[78:kworker/5:1][drm] mtk_crtc_init_gce_obj(), CLIENT_DSI_CFG, 0
06-16 16:35:28.272    78    78 I         : (5)[78:kworker/5:1][drm] mtk_crtc_init_gce_obj(), CLIENT_SEC_CFG, 0
06-16 16:35:28.272    78    78 I         : (5)[78:kworker/5:1][cmdq][err] no gce-event-names property or no such event:disp_wdma1_eof0 @cmdq_dev_get_event,361
06-16 16:35:28.272    78    78 E         : (5)[78:kworker/5:1]debounce not found
06-16 16:35:28.272    78    78 E         : (5)[78:kworker/5:1]eint irq line not available!
06-16 16:35:28.273    78    78 I         : (5)[78:kworker/5:1]mtk_drm_crtc_create-CRTC0 create successfully
06-16 16:35:28.273    78    78 I         : (5)[78:kworker/5:1]mtk_drm_crtc_create+
06-16 16:35:28.273    78    78 I         : (5)[78:kworker/5:1][drm] mtk_crtc_init_gce_obj(), CLIENT_CFG, 1
06-16 16:35:28.273    78    78 I         : (5)[78:kworker/5:1][drm] mtk_crtc_init_gce_obj(), CLIENT_TRIG_LOOP, 1
06-16 16:35:28.273    78    78 I         : (5)[78:kworker/5:1][drm] mtk_crtc_init_gce_obj(), CLIENT_SODI_LOOP, 1
06-16 16:35:28.273    78    78 I         : (5)[78:kworker/5:1][drm] mtk_crtc_init_gce_obj(), CLIENT_SUB_CFG, 1
06-16 16:35:28.273    78    78 I         : (5)[78:kworker/5:1][drm] mtk_crtc_init_gce_obj(), CLIENT_DSI_CFG, 1
06-16 16:35:28.273    78    78 I         : (5)[78:kworker/5:1][drm] mtk_crtc_init_gce_obj(), CLIENT_SEC_CFG, 1
06-16 16:35:28.273    78    78 I         : (5)[78:kworker/5:1][cmdq][err] no gce-event-names property or no such event:disp_dp_intf_eof @cmdq_dev_get_event,361
06-16 16:35:28.273    78    78 I         : (5)[78:kworker/5:1][cmdq][err] no gce-event-names property or no such event:disp_token_stream_eof1 @cmdq_dev_get_event,361
06-16 16:35:28.273    78    78 I         : (5)[78:kworker/5:1][cmdq][err] no gce-event-names property or no such event:disp_token_stream_dirty1 @cmdq_dev_get_event,361
06-16 16:35:28.273    78    78 I         : (5)[78:kworker/5:1][cmdq][err] no gce-event-names property or no such event:disp_wait_dp_intf_te @cmdq_dev_get_event,361
06-16 16:35:28.273    78    78 I         : (5)[78:kworker/5:1][cmdq][err] no gce-event-names property or no such event:disp_token_esd_eof1 @cmdq_dev_get_event,361
06-16 16:35:28.273    78    78 I         : (5)[78:kworker/5:1][cmdq][err] no gce-event-names property or no such event:disp_rdma0_eof1 @cmdq_dev_get_event,361
06-16 16:35:28.273    78    78 I         : (5)[78:kworker/5:1][cmdq][err] no gce-event-names property or no such event:disp_wdma0_eof1 @cmdq_dev_get_event,361
06-16 16:35:28.273    78    78 I         : (5)[78:kworker/5:1][cmdq][err] no gce-event-names property or no such event:disp_wdma1_eof1 @cmdq_dev_get_event,361
06-16 16:35:28.273    78    78 I         : (5)[78:kworker/5:1][cmdq][err] no gce-event-names property or no such event:disp_token_stream_block1 @cmdq_dev_get_event,361
06-16 16:35:28.273    78    78 I         : (5)[78:kworker/5:1][cmdq][err] no gce-event-names property or no such event:disp_token_cabc_eof1 @cmdq_dev_get_event,361
06-16 16:35:28.273    78    78 I         : (5)[78:kworker/5:1][cmdq][err] no gce-event-names property or no such event:disp_dsi0_sof1 @cmdq_dev_get_event,361
06-16 16:35:28.273    78    78 I         : (5)[78:kworker/5:1]mtk_drm_crtc_create-CRTC1 create successfully
06-16 16:35:28.273    78    78 I         : (5)[78:kworker/5:1]mtk_drm_crtc_create+
06-16 16:35:28.273    78    78 I         : (5)[78:kworker/5:1][drm] mtk_crtc_init_gce_obj(), CLIENT_CFG, 2
06-16 16:35:28.273    78    78 I         : (5)[78:kworker/5:1][drm] mtk_crtc_init_gce_obj(), CLIENT_TRIG_LOOP, 2
06-16 16:35:28.273    78    78 I         : (5)[78:kworker/5:1][drm] mtk_crtc_init_gce_obj(), CLIENT_SODI_LOOP, 2
06-16 16:35:28.273    78    78 I         : (5)[78:kworker/5:1][drm] mtk_crtc_init_gce_obj(), CLIENT_SUB_CFG, 2
06-16 16:35:28.273    78    78 I         : (5)[78:kworker/5:1][drm] mtk_crtc_init_gce_obj(), CLIENT_DSI_CFG, 2
06-16 16:35:28.273    78    78 I         : (5)[78:kworker/5:1][drm] mtk_crtc_init_gce_obj(), CLIENT_SEC_CFG, 2
06-16 16:35:28.273    78    78 I         : (5)[78:kworker/5:1][cmdq][err] no gce-event-names property or no such event:disp_wdma0_eof @cmdq_dev_get_event,361
06-16 16:35:28.273    78    78 I         : (5)[78:kworker/5:1][cmdq][err] no gce-event-names property or no such event:disp_token_stream_eof2 @cmdq_dev_get_event,361
06-16 16:35:28.273    78    78 I         : (5)[78:kworker/5:1][cmdq][err] no gce-event-names property or no such event:disp_token_stream_dirty2 @cmdq_dev_get_event,361
06-16 16:35:28.273    78    78 I         : (5)[78:kworker/5:1][cmdq][err] no gce-event-names property or no such event:disp_wait_wdma0_te @cmdq_dev_get_event,361
06-16 16:35:28.273    78    78 I         : (5)[78:kworker/5:1][cmdq][err] no gce-event-names property or no such event:disp_token_esd_eof2 @cmdq_dev_get_event,361
06-16 16:35:28.273    78    78 I         : (5)[78:kworker/5:1][cmdq][err] no gce-event-names property or no such event:disp_rdma0_eof2 @cmdq_dev_get_event,361
06-16 16:35:28.273    78    78 I         : (5)[78:kworker/5:1][cmdq][err] no gce-event-names property or no such event:disp_token_stream_block2 @cmdq_dev_get_event,361
06-16 16:35:28.273    78    78 I         : (5)[78:kworker/5:1][cmdq][err] no gce-event-names property or no such event:disp_token_cabc_eof2 @cmdq_dev_get_event,361
06-16 16:35:28.273    78    78 I         : (5)[78:kworker/5:1][cmdq][err] no gce-event-names property or no such event:disp_dsi0_sof2 @cmdq_dev_get_event,361
06-16 16:35:28.274    78    78 I         : (5)[78:kworker/5:1]mtk_drm_crtc_create-CRTC2 create successfully
06-16 16:35:28.274    78    78 I         : (5)[78:kworker/5:1][drm] Supports vblank timestamp caching Rev 2 (21.10.2013).
06-16 16:35:28.274    78    78 I         : (5)[78:kworker/5:1][drm] Driver supports precise vblank timestamp query.
06-16 16:35:28.274    78    78 I         : (5)[78:kworker/5:1]mtk_fbdev_init+
06-16 16:35:28.274    78    78 I         : (5)[78:kworker/5:1]mtk_fbdev_probe+
06-16 16:35:28.277    78    78 D         : (5)[78:kworker/5:1][drm:mtk_drm_gem_create] cookie = 00000000370706c7 dma_addr = 0x00000000fc950000 size = 8192000
06-16 16:35:28.277    78    78 I         : (5)[78:kworker/5:1]mtk_fbdev_probe-
06-16 16:35:28.277    78    78 E         : (5)[78:kworker/5:1]event(5) do not need process
06-16 16:35:28.277    78    78 I (5)[78:kworker/5:1]mediatek-drm 14116000.dispsys_config: fb0:  frame buffer device
06-16 16:35:28.277    78    78 I         : (5)[78:kworker/5:1]mtk_fbdev_init-
06-16 16:35:28.277    78    78 I         : (5)[78:kworker/5:1]CRTC0 hold wakelock mtk_drm_crtc_first_enable 5091
06-16 16:35:28.277    78    78 I         : (5)[78:kworker/5:1][mtk_crtc_is_dual_pipe line:1103]
06-16 16:35:28.277    78    78 I (5)[78:kworker/5:1][mtk_crtc_prepare_dual_pipe line:1165]j: 0,com_nr:11,path_len:11
06-16 16:35:28.277    78    78 I         : (5)[78:kworker/5:1][mtk_crtc_prepare_dual_pipe line:1169]prepare comp id in dual pipe 22
06-16 16:35:28.277    78    78 I         : (5)[78:kworker/5:1][mtk_crtc_prepare_dual_pipe line:1169]prepare comp id in dual pipe 19
06-16 16:35:28.277    78    78 I         : (5)[78:kworker/5:1][mtk_crtc_prepare_dual_pipe line:1169]prepare comp id in dual pipe 28
06-16 16:35:28.277    78    78 I         : (5)[78:kworker/5:1][mtk_crtc_prepare_dual_pipe line:1169]prepare comp id in dual pipe 34
06-16 16:35:28.277    78    78 I         : (5)[78:kworker/5:1][mtk_crtc_prepare_dual_pipe line:1169]prepare comp id in dual pipe 40
06-16 16:35:28.277    78    78 I         : (5)[78:kworker/5:1][mtk_crtc_prepare_dual_pipe line:1169]prepare comp id in dual pipe 6
06-16 16:35:28.277    78    78 I         : (5)[78:kworker/5:1][mtk_crtc_prepare_dual_pipe line:1169]prepare comp id in dual pipe 4
06-16 16:35:28.277    78    78 I         : (5)[78:kworker/5:1][mtk_crtc_prepare_dual_pipe line:1169]prepare comp id in dual pipe 1
06-16 16:35:28.277    78    78 I         : (5)[78:kworker/5:1][mtk_crtc_prepare_dual_pipe line:1169]prepare comp id in dual pipe 15
06-16 16:35:28.277    78    78 I         : (5)[78:kworker/5:1][mtk_crtc_prepare_dual_pipe line:1169]prepare comp id in dual pipe 51
06-16 16:35:28.277    78    78 I         : (5)[78:kworker/5:1][mtk_crtc_prepare_dual_pipe line:1169]prepare comp id in dual pipe 9
06-16 16:35:28.277    78    78 I (5)[78:kworker/5:1][fps]: drm_invoke_fps_chg_callbacks,new_fps =60
06-16 16:35:28.277    78    78 I (5)[78:kworker/5:1]width: 1600, height:2560
06-16 16:35:28.277    78    78 E         : (5)[78:kworker/5:1]mtk_dsi_set_mmclk_by_datarate,data_rate=970,clk=293 pixclk_min=161, dual=1, vrefresh=60
06-16 16:35:28.278    78    78 I         : (5)[78:kworker/5:1][mtk_disp_mutex_submit_sof line:6741]
06-16 16:35:28.278    78    78 E         : (5)[78:kworker/5:1]__load_rc_pattern invalid round_corner size or addr
06-16 16:35:28.278    78    78 D         : (5)[78:kworker/5:1][drm:mtk_drm_gem_create] cookie = 00000000f779a548 dma_addr = 0x00000000fc94f000 size = 4096
06-16 16:35:28.278    78    78 D         : (5)[78:kworker/5:1][drm:mtk_drm_gem_create] cookie = 00000000f2ab3b88 dma_addr = 0x00000000fc94e000 size = 4096
06-16 16:35:28.279    78    78 I         : (5)[78:kworker/5:1][disp_aal]disp_aal_get_cust_led mode=5
06-16 16:35:28.279    78    78 I         : (5)[78:kworker/5:1][mtk_crtc_first_enable_ddp_config line:5060]
06-16 16:35:28.282    78    78 I (5)[78:kworker/5:1]mtk_dsi_poweron: clk_refcnt = 2, skip power on
06-16 16:35:28.282    78    78 I (5)[78:kworker/5:1]mtk_dsi_poweron: clk_refcnt = 2, skip power on
06-16 16:35:28.282    78    78 I (5)[78:kworker/5:1]mtk_dsi_poweron: clk_refcnt = 3, skip power on
06-16 16:35:28.282    78    78 I (5)[78:kworker/5:1]mtk_dsi_poweron: clk_refcnt = 3, skip power on
06-16 16:35:28.282    78    78 I         : (5)[78:kworker/5:1][drm] Initialized mediatek 1.0.0 20150513 for 14116000.dispsys_config on minor 0
06-16 16:35:28.284    78    78 I (5)[78:kworker/5:1]mtk-dsi 1400e000.dsi: Dropping the link to pinctrl
06-16 16:35:28.284    78    78 I         : (5)[78:kworker/5:1][GPU/DVFS] @__mt_gpufreq_pdrv_probe start
06-16 16:35:28.284    78    78 I (5)[78:kworker/5:1]gpufreq gpufreq: Linked as a consumer to regulator.44
06-16 16:35:28.284    78    78 I (5)[78:kworker/5:1]gpufreq gpufreq: Linked as a consumer to regulator.24
06-16 16:35:28.285    78    78 I (5)[78:kworker/5:1][GPU/DVFS] @__mt_gpufreq_get_segment_id: efuse_id: 0x10, segment_id: 1
06-16 16:35:28.285    78    78 I         : (5)[78:kworker/5:1][GPU/DVFS] Preloader init freq is 349900
06-16 16:35:28.285    78    78 I         : (5)[78:kworker/5:1][register_low_battery_notify] prio_val=2
06-16 16:35:28.285    78    78 I         : (5)[78:kworker/5:1][register_battery_oc_notify] prio_val=2
06-16 16:35:28.285    78    78 I (5)[78:kworker/5:1][GPU/DVFS] @__mt_gpufreq_pdrv_probe: GPU driver init done
06-16 16:35:28.286    78    78 I (5)[78:kworker/5:1][GPU/GED][INFO]@ged_pdrv_probe: start to probe ged driver
06-16 16:35:28.286    78    78 I         : (5)[78:kworker/5:1][Hans] ged_kpi init done
06-16 16:35:28.287    78    78 I (5)[78:kworker/5:1][GPU/GED][INFO]@ged_pdrv_probe: ged driver probe done
06-16 16:35:28.287     7     7 I         : (3)[7:kworker/u16:0]kbase_platform_device_probe start
06-16 16:35:28.287     7     7 I (3)[7:kworker/u16:0]mali 13000000.mali: Kernel DDK version r32p1-00bet5
06-16 16:35:28.287    78    78 I         : (5)[78:kworker/5:1]mtk_pd_adapter_probe
06-16 16:35:28.287    78    78 I         : (5)[78:kworker/5:1]adapter_parse_dt
06-16 16:35:28.287    78    78 I (5)[78:kworker/5:1]adapter_device_register: name=pd_adapter
06-16 16:35:28.287     7     7 I (3)[7:kworker/u16:0][GPU/MALI][INFO]@mtk_platform_device_init: initialize successfully
06-16 16:35:28.287     1     1 I (5)[1:swapper/0]BOOTPROF: 1799.708003:initcall: deferred_probe_initcall    17.444077ms
06-16 16:35:28.288     1     1 I         : (5)[1:swapper/0][Power/cpufreq] cluster_id = 0, cluster_cpuid = 0
06-16 16:35:28.288     1     1 I         : (5)[1:swapper/0][Power/cpufreq] cluster_id = 1, cluster_cpuid = 4
06-16 16:35:28.288     1     1 I         : (5)[1:swapper/0][Power/cpufreq] cluster_id = 2, cluster_cpuid = 7
06-16 16:35:28.288     1     1 I         : (5)[1:swapper/0][Power/cpufreq] 0, 0, Settle time(1250, 500) efuse_val = 0x10
06-16 16:35:28.288     1     1 I (5)[1:swapper/0]mt-cpufreq mt_cpufreq: Linked as a consumer to regulator.42
06-16 16:35:28.288     1     1 I (5)[1:swapper/0]mt-cpufreq mt_cpufreq: Linked as a consumer to regulator.45
06-16 16:35:28.288     1     1 I (5)[1:swapper/0]mt-cpufreq mt_cpufreq: Linked as a consumer to regulator.40
06-16 16:35:28.288     1     1 I (5)[1:swapper/0]mt-cpufreq mt_cpufreq: Linked as a consumer to regulator.15
06-16 16:35:28.288     1     1 I         : (5)[1:swapper/0][Power/cpufreq] @@regulator map success!!
06-16 16:35:28.288     1     1 I         : (5)[1:swapper/0][Power/cpufreq] 0, 0, Settle time(1250, 500) efuse_val = 0x10
06-16 16:35:28.288     7     7 I (3)[7:kworker/u16:0]mali 13000000.mali: GPU identified as 0x0 arch 9.0.8 r0p1 status 1
06-16 16:35:28.289     7     7 I (3)[7:kworker/u16:0]mali 13000000.mali: No priority control manager is configured
06-16 16:35:28.289     7     7 I (3)[7:kworker/u16:0]mali 13000000.mali: No memory group manager is configured
06-16 16:35:28.291     7     7 I (3)[7:kworker/u16:0]mali 13000000.mali: Probed as mali0
06-16 16:35:28.291   120   120 I         : (4)[120:pd_dbg_info]///PD dbg info 133d
06-16 16:35:28.291   120   120 I (4)[120:pd_dbg_info]<    1.774>TCPC-PE: pd_core_init
06-16 16:35:28.291     0     0 I         : <    1.779>mt6360_water_calibration() line-1966: mt6360_water_calibration not to calibrate, use
06-16 16:35:28.291   120   120 I         : (4)[120:pd_dbg_info]1.8V
06-16 16:35:28.291     1     1 I         : (5)[1:swapper/0][Power/cpufreq] 0, 0, Settle time(1250, 500) efuse_val = 0x10
06-16 16:35:28.291     1     1 I         : (5)[1:swapper/0][Power/cpufreq] 0, 0, Settle time(1250, 500) efuse_val = 0x10
06-16 16:35:28.291     1     1 I         : (5)[1:swapper/0][Power/cpufreq] Voltage in mV=650, Frequency in KHz =500000, Power=17
06-16 16:35:28.291     1     1 I         : (5)[1:swapper/0][Power/cpufreq] 0, 0, Settle time(1250, 500) efuse_val = 0x10
06-16 16:35:28.291     1     1 I         : (5)[1:swapper/0][Power/cpufreq] Voltage in mV=650, Frequency in KHz =600000, Power=21
06-16 16:35:28.291     1     1 I         : (5)[1:swapper/0][Power/cpufreq] 0, 0, Settle time(1250, 500) efuse_val = 0x10
06-16 16:35:28.291     1     1 I         : (5)[1:swapper/0][Power/cpufreq] Voltage in mV=668, Frequency in KHz =675000, Power=25
06-16 16:35:28.291     1     1 I         : (5)[1:swapper/0][Power/cpufreq] 0, 0, Settle time(1250, 500) efuse_val = 0x10
06-16 16:35:28.291     1     1 I         : (5)[1:swapper/0][Power/cpufreq] Voltage in mV=687, Frequency in KHz =750000, Power=30
06-16 16:35:28.291     1     1 I         : (5)[1:swapper/0][Power/cpufreq] 0, 0, Settle time(1250, 500) efuse_val = 0x10
06-16 16:35:28.291     1     1 I         : (5)[1:swapper/0][Power/cpufreq] Voltage in mV=712, Frequency in KHz =850000, Power=36
06-16 16:35:28.291     1     1 I         : (5)[1:swapper/0][Power/cpufreq] 0, 0, Settle time(1250, 500) efuse_val = 0x10
06-16 16:35:28.291     1     1 I         : (5)[1:swapper/0][Power/cpufreq] Voltage in mV=731, Frequency in KHz =925000, Power=42
06-16 16:35:28.291     1     1 I         : (5)[1:swapper/0][Power/cpufreq] 0, 0, Settle time(1250, 500) efuse_val = 0x10
06-16 16:35:28.291     1     1 I         : (5)[1:swapper/0][Power/cpufreq] Voltage in mV=750, Frequency in KHz =1000000, Power=47
06-16 16:35:28.291     1     1 I         : (5)[1:swapper/0][Power/cpufreq] 0, 0, Settle time(1250, 500) efuse_val = 0x10
06-16 16:35:28.291     1     1 I         : (5)[1:swapper/0][Power/cpufreq] Voltage in mV=768, Frequency in KHz =1075000, Power=53
06-16 16:35:28.291     1     1 I         : (5)[1:swapper/0][Power/cpufreq] 0, 0, Settle time(1250, 500) efuse_val = 0x10
06-16 16:35:28.291     1     1 I         : (5)[1:swapper/0][Power/cpufreq] Voltage in mV=812, Frequency in KHz =1250000, Power=70
06-16 16:35:28.291     1     1 I         : (5)[1:swapper/0][Power/cpufreq] 0, 0, Settle time(1250, 500) efuse_val = 0x10
06-16 16:35:28.291     1     1 I         : (5)[1:swapper/0][Power/cpufreq] Voltage in mV=837, Frequency in KHz =1350000, Power=80
06-16 16:35:28.291     1     1 I         : (5)[1:swapper/0][Power/cpufreq] 0, 0, Settle time(1250, 500) efuse_val = 0x10
06-16 16:35:28.291     1     1 I         : (5)[1:swapper/0][Power/cpufreq] Voltage in mV=862, Frequency in KHz =1450000, Power=91
06-16 16:35:28.291     1     1 I         : (5)[1:swapper/0][Power/cpufreq] 0, 0, Settle time(1250, 500) efuse_val = 0x10
06-16 16:35:28.291     1     1 I         : (5)[1:swapper/0][Power/cpufreq] Voltage in mV=881, Frequency in KHz =1525000, Power=100
06-16 16:35:28.291     1     1 I         : (5)[1:swapper/0][Power/cpufreq] 0, 0, Settle time(1250, 500) efuse_val = 0x10
06-16 16:35:28.291     1     1 I         : (5)[1:swapper/0][Power/cpufreq] Voltage in mV=906, Frequency in KHz =1625000, Power=113
06-16 16:35:28.291     1     1 I         : (5)[1:swapper/0][Power/cpufreq] 0, 0, Settle time(1250, 500) efuse_val = 0x10
06-16 16:35:28.291     1     1 I         : (5)[1:swapper/0][Power/cpufreq] Voltage in mV=931, Frequency in KHz =1725000, Power=127
06-16 16:35:28.291     1     1 I         : (5)[1:swapper/0][Power/cpufreq] 0, 0, Settle time(1250, 500) efuse_val = 0x10
06-16 16:35:28.291     1     1 I         : (5)[1:swapper/0][Power/cpufreq] Voltage in mV=950, Frequency in KHz =1800000, Power=138
06-16 16:35:28.291     1     1 I         : (5)[1:swapper/0][Power/cpufreq] 0, 0, Settle time(1250, 500) efuse_val = 0x10
06-16 16:35:28.291     1     1 I         : (5)[1:swapper/0][Power/cpufreq] Voltage in mV=1000, Frequency in KHz =2000000, Power=170
06-16 16:35:28.291     1     1 I         : (5)[1:swapper/0][Power/cpufreq] energy model register result 0
06-16 16:35:28.291     1     1 I         : (5)[1:swapper/0][Power/cpufreq] 0, 0, Settle time(1250, 500) efuse_val = 0x10
06-16 16:35:28.291     1     1 I         : (5)[1:swapper/0][Power/cpufreq] 0, 0, Settle time(1250, 500) efuse_val = 0x10
06-16 16:35:28.291     1     1 I         : (5)[1:swapper/0][Power/cpufreq] Voltage in mV=650, Frequency in KHz =437000, Power=50
06-16 16:35:28.291     1     1 I         : (5)[1:swapper/0][Power/cpufreq] 0, 0, Settle time(1250, 500) efuse_val = 0x10
06-16 16:35:28.291     1     1 I         : (5)[1:swapper/0][Power/cpufreq] Voltage in mV=650, Frequency in KHz =700000, Power=81
06-16 16:35:28.291     1     1 I         : (5)[1:swapper/0][Power/cpufreq] 0, 0, Settle time(1250, 500) efuse_val = 0x10
06-16 16:35:28.291     1     1 I         : (5)[1:swapper/0][Power/cpufreq] Voltage in mV=693, Frequency in KHz =902000, Power=119
06-16 16:35:28.291     1     1 I         : (5)[1:swapper/0][Power/cpufreq] 0, 0, Settle time(1250, 500) efuse_val = 0x10
06-16 16:35:28.291     1     1 I         : (5)[1:swapper/0][Power/cpufreq] Voltage in mV=725, Frequency in KHz =1046000, Power=151
06-16 16:35:28.291     1     1 I         : (5)[1:swapper/0][Power/cpufreq] 0, 0, Settle time(1250, 500) efuse_val = 0x10
06-16 16:35:28.291     1     1 I         : (5)[1:swapper/0][Power/cpufreq] Voltage in mV=750, Frequency in KHz =1162000, Power=179
06-16 16:35:28.291     1     1 I         : (5)[1:swapper/0][Power/cpufreq] 0, 0, Settle time(1250, 500) efuse_val = 0x10
06-16 16:35:28.291     1     1 I         : (5)[1:swapper/0][Power/cpufreq] Voltage in mV=787, Frequency in KHz =1335000, Power=227
06-16 16:35:28.291     1     1 I         : (5)[1:swapper/0][Power/cpufreq] 0, 0, Settle time(1250, 500) efuse_val = 0x10
06-16 16:35:28.291     1     1 I         : (5)[1:swapper/0][Power/cpufreq] Voltage in mV=812, Frequency in KHz =1451000, Power=263
06-16 16:35:28.291     1     1 I         : (5)[1:swapper/0][Power/cpufreq] 0, 0, Settle time(1250, 500) efuse_val = 0x10
06-16 16:35:28.291     1     1 I         : (5)[1:swapper/0][Power/cpufreq] Voltage in mV=831, Frequency in KHz =1537000, Power=291
06-16 16:35:28.291     1     1 I         : (5)[1:swapper/0][Power/cpufreq] 0, 0, Settle time(1250, 500) efuse_val = 0x10
06-16 16:35:28.291     1     1 I         : (5)[1:swapper/0][Power/cpufreq] Voltage in mV=843, Frequency in KHz =1624000, Power=317
06-16 16:35:28.291     1     1 I         : (5)[1:swapper/0][Power/cpufreq] 0, 0, Settle time(1250, 500) efuse_val = 0x10
06-16 16:35:28.291     1     1 I         : (5)[1:swapper/0][Power/cpufreq] Voltage in mV=868, Frequency in KHz =1740000, Power=360
06-16 16:35:28.291     1     1 I         : (5)[1:swapper/0][Power/cpufreq] 0, 0, Settle time(1250, 500) efuse_val = 0x10
06-16 16:35:28.291     1     1 I         : (5)[1:swapper/0][Power/cpufreq] Voltage in mV=893, Frequency in KHz =1855000, Power=406
06-16 16:35:28.291     1     1 I         : (5)[1:swapper/0][Power/cpufreq] 0, 0, Settle time(1250, 500) efuse_val = 0x10
06-16 16:35:28.291     1     1 I         : (5)[1:swapper/0][Power/cpufreq] Voltage in mV=918, Frequency in KHz =1985000, Power=460
06-16 16:35:28.291     1     1 I         : (5)[1:swapper/0][Power/cpufreq] 0, 0, Settle time(1250, 500) efuse_val = 0x10
06-16 16:35:28.291     1     1 I         : (5)[1:swapper/0][Power/cpufreq] Voltage in mV=968, Frequency in KHz =2200000, Power=566
06-16 16:35:28.291     1     1 I         : (5)[1:swapper/0][Power/cpufreq] 0, 0, Settle time(1250, 500) efuse_val = 0x10
06-16 16:35:28.291     1     1 I         : (5)[1:swapper/0][Power/cpufreq] Voltage in mV=1000, Frequency in KHz =2354000, Power=647
06-16 16:35:28.291     1     1 I         : (5)[1:swapper/0][Power/cpufreq] 0, 0, Settle time(1250, 500) efuse_val = 0x10
06-16 16:35:28.291     1     1 I         : (5)[1:swapper/0][Power/cpufreq] Voltage in mV=1031, Frequency in KHz =2507000, Power=732
06-16 16:35:28.291     1     1 I         : (5)[1:swapper/0][Power/cpufreq] 0, 0, Settle time(1250, 500) efuse_val = 0x10
06-16 16:35:28.291     1     1 I         : (5)[1:swapper/0][Power/cpufreq] Voltage in mV=1050, Frequency in KHz =2600000, Power=788
06-16 16:35:28.291     1     1 I         : (5)[1:swapper/0][Power/cpufreq] energy model register result 0
06-16 16:35:28.291     1     1 I         : (5)[1:swapper/0][Power/cpufreq] 0, 0, Settle time(1250, 500) efuse_val = 0x10
06-16 16:35:28.291     1     1 I         : (5)[1:swapper/0][Power/cpufreq] 0, 0, Settle time(1250, 500) efuse_val = 0x10
06-16 16:35:28.291     1     1 I         : (5)[1:swapper/0][Power/cpufreq] Voltage in mV=650, Frequency in KHz =659000, Power=76
06-16 16:35:28.291     1     1 I         : (5)[1:swapper/0][Power/cpufreq] 0, 0, Settle time(1250, 500) efuse_val = 0x10
06-16 16:35:28.291     1     1 I         : (5)[1:swapper/0][Power/cpufreq] Voltage in mV=693, Frequency in KHz =921000, Power=121
06-16 16:35:28.291     1     1 I         : (5)[1:swapper/0][Power/cpufreq] 0, 0, Settle time(1250, 500) efuse_val = 0x10
06-16 16:35:28.291     1     1 I         : (5)[1:swapper/0][Power/cpufreq] Voltage in mV=725, Frequency in KHz =1108000, Power=160
06-16 16:35:28.291     1     1 I         : (5)[1:swapper/0][Power/cpufreq] 0, 0, Settle time(1250, 500) efuse_val = 0x10
06-16 16:35:28.291     1     1 I         : (5)[1:swapper/0][Power/cpufreq] Voltage in mV=750, Frequency in KHz =1258000, Power=194
06-16 16:35:28.291     1     1 I         : (5)[1:swapper/0][Power/cpufreq] 0, 0, Settle time(1250, 500) efuse_val = 0x10
06-16 16:35:28.291     1     1 I         : (5)[1:swapper/0][Power/cpufreq] Voltage in mV=775, Frequency in KHz =1370000, Power=226
06-16 16:35:28.291     1     1 I         : (5)[1:swapper/0][Power/cpufreq] 0, 0, Settle time(1250, 500) efuse_val = 0x10
06-16 16:35:28.291     1     1 I         : (5)[1:swapper/0][Power/cpufreq] Voltage in mV=800, Frequency in KHz =1482000, Power=260
06-16 16:35:28.291     1     1 I         : (5)[1:swapper/0][Power/cpufreq] 0, 0, Settle time(1250, 500) efuse_val = 0x10
06-16 16:35:28.291     1     1 I         : (5)[1:swapper/0][Power/cpufreq] Voltage in mV=831, Frequency in KHz =1632000, Power=309
06-16 16:35:28.291     1     1 I         : (5)[1:swapper/0][Power/cpufreq] 0, 0, Settle time(1250, 500) efuse_val = 0x10
06-16 16:35:28.291     1     1 I         : (5)[1:swapper/0][Power/cpufreq] Voltage in mV=856, Frequency in KHz =1745000, Power=351
06-16 16:35:28.291     1     1 I         : (5)[1:swapper/0][Power/cpufreq] 0, 0, Settle time(1250, 500) efuse_val = 0x10
06-16 16:35:28.291     1     1 I         : (5)[1:swapper/0][Power/cpufreq] Voltage in mV=875, Frequency in KHz =1820000, Power=383
06-16 16:35:28.291     1     1 I         : (5)[1:swapper/0][Power/cpufreq] 0, 0, Settle time(1250, 500) efuse_val = 0x10
06-16 16:35:28.291     1     1 I         : (5)[1:swapper/0][Power/cpufreq] Voltage in mV=900, Frequency in KHz =1938000, Power=431
06-16 16:35:28.291     1     1 I         : (5)[1:swapper/0][Power/cpufreq] 0, 0, Settle time(1250, 500) efuse_val = 0x10
06-16 16:35:28.291     1     1 I         : (5)[1:swapper/0][Power/cpufreq] Voltage in mV=925, Frequency in KHz =2032000, Power=478
06-16 16:35:28.291     1     1 I         : (5)[1:swapper/0][Power/cpufreq] 0, 0, Settle time(1250, 500) efuse_val = 0x10
06-16 16:35:28.291     1     1 I         : (5)[1:swapper/0][Power/cpufreq] Voltage in mV=943, Frequency in KHz =2127000, Power=520
06-16 16:35:28.291     1     1 I         : (5)[1:swapper/0][Power/cpufreq] 0, 0, Settle time(1250, 500) efuse_val = 0x10
06-16 16:35:28.291     1     1 I         : (5)[1:swapper/0][Power/cpufreq] Voltage in mV=981, Frequency in KHz =2292000, Power=606
06-16 16:35:28.291     1     1 I         : (5)[1:swapper/0][Power/cpufreq] 0, 0, Settle time(1250, 500) efuse_val = 0x10
06-16 16:35:28.291     1     1 I         : (5)[1:swapper/0][Power/cpufreq] Voltage in mV=1006, Frequency in KHz =2410000, Power=670
06-16 16:35:28.291     1     1 I         : (5)[1:swapper/0][Power/cpufreq] 0, 0, Settle time(1250, 500) efuse_val = 0x10
06-16 16:35:28.291     1     1 I         : (5)[1:swapper/0][Power/cpufreq] Voltage in mV=1031, Frequency in KHz =2529000, Power=739
06-16 16:35:28.291     1     1 I         : (5)[1:swapper/0][Power/cpufreq] 0, 0, Settle time(1250, 500) efuse_val = 0x10
06-16 16:35:28.291     1     1 I         : (5)[1:swapper/0][Power/cpufreq] Voltage in mV=1050, Frequency in KHz =2600000, Power=788
06-16 16:35:28.291     1     1 I         : (5)[1:swapper/0][Power/cpufreq] energy model register result 0
06-16 16:35:28.291    78    78 I         : (5)[78:kworker/5:1]Initializing perf order domain:
06-16 16:35:28.291    78    78 I         : (5)[78:kworker/5:1]cpu=0, cpu_perf=174
06-16 16:35:28.291    78    78 I         : (5)[78:kworker/5:1]cpu=4, cpu_perf=876
06-16 16:35:28.291    78    78 I         : (5)[78:kworker/5:1]cpu=4, cpu_perf=876
06-16 16:35:28.291    78    78 I         : (5)[78:kworker/5:1]cpu=7, cpu_perf=1024
06-16 16:35:28.291    78    78 I         : (5)[78:kworker/5:1]Sort perf_domains from little to big:
06-16 16:35:28.291    78    78 I (5)[78:kworker/5:1]    cpumask: 0xffffffffffffff0f
06-16 16:35:28.291    78    78 I (5)[78:kworker/5:1]    cpumask: 0x70
06-16 16:35:28.291    78    78 I (5)[78:kworker/5:1]    cpumask: 0x80
06-16 16:35:28.291    78    78 I         : (5)[78:kworker/5:1]arch_scale_cpu_capacity(0)=174, tbl->row[last_idx].cap=241
06-16 16:35:28.291    78    78 I         : (5)[78:kworker/5:1]arch_scale_cpu_capacity(1)=174, tbl->row[last_idx].cap=241
06-16 16:35:28.291    78    78 I         : (5)[78:kworker/5:1]arch_scale_cpu_capacity(2)=174, tbl->row[last_idx].cap=241
06-16 16:35:28.291    78    78 I         : (5)[78:kworker/5:1]arch_scale_cpu_capacity(3)=174, tbl->row[last_idx].cap=241
06-16 16:35:28.291    78    78 I         : (5)[78:kworker/5:1]arch_scale_cpu_capacity(4)=876, tbl->row[last_idx].cap=917
06-16 16:35:28.291    78    78 I         : (5)[78:kworker/5:1]arch_scale_cpu_capacity(5)=876, tbl->row[last_idx].cap=917
06-16 16:35:28.291    78    78 I         : (5)[78:kworker/5:1]arch_scale_cpu_capacity(6)=876, tbl->row[last_idx].cap=917
06-16 16:35:28.291    78    78 I         : (5)[78:kworker/5:1]Initializing perf order domain done
06-16 16:35:28.291     1     1 I         : (6)[1:swapper/0][Power/PPM] DVFS table type = 0
06-16 16:35:28.291     1     1 I         : (6)[1:swapper/0][Power/PPM] DVFS table of cluster 0:
06-16 16:35:28.291     1     1 I (6)[1:swapper/0][Power/PPM] 0: 2000000 KHz
06-16 16:35:28.291     1     1 I (6)[1:swapper/0][Power/PPM] 1: 1800000 KHz
06-16 16:35:28.291     1     1 I (6)[1:swapper/0][Power/PPM] 2: 1725000 KHz
06-16 16:35:28.291     1     1 I (6)[1:swapper/0][Power/PPM] 3: 1625000 KHz
06-16 16:35:28.291     1     1 I (6)[1:swapper/0][Power/PPM] 4: 1525000 KHz
06-16 16:35:28.291     1     1 I (6)[1:swapper/0][Power/PPM] 5: 1450000 KHz
06-16 16:35:28.291     1     1 I (6)[1:swapper/0][Power/PPM] 6: 1350000 KHz
06-16 16:35:28.291     1     1 I (6)[1:swapper/0][Power/PPM] 7: 1250000 KHz
06-16 16:35:28.291     1     1 I (6)[1:swapper/0][Power/PPM] 8: 1075000 KHz
06-16 16:35:28.291     1     1 I (6)[1:swapper/0][Power/PPM] 9: 1000000 KHz
06-16 16:35:28.291     1     1 I (6)[1:swapper/0][Power/PPM] 10: 925000 KHz
06-16 16:35:28.291     1     1 I (6)[1:swapper/0][Power/PPM] 11: 850000 KHz
06-16 16:35:28.291     1     1 I (6)[1:swapper/0][Power/PPM] 12: 750000 KHz
06-16 16:35:28.291     1     1 I (6)[1:swapper/0][Power/PPM] 13: 675000 KHz
06-16 16:35:28.291     1     1 I (6)[1:swapper/0][Power/PPM] 14: 600000 KHz
06-16 16:35:28.291     1     1 I (6)[1:swapper/0][Power/PPM] 15: 500000 KHz
06-16 16:35:28.291     1     1 I         : (6)[1:swapper/0][Power/PPM] DVFS table type = 0
06-16 16:35:28.291     1     1 I         : (6)[1:swapper/0][Power/PPM] DVFS table of cluster 1:
06-16 16:35:28.291     1     1 I (6)[1:swapper/0][Power/PPM] 0: 2600000 KHz
06-16 16:35:28.291     1     1 I (6)[1:swapper/0][Power/PPM] 1: 2507000 KHz
06-16 16:35:28.291     1     1 I (6)[1:swapper/0][Power/PPM] 2: 2354000 KHz
06-16 16:35:28.291     1     1 I (6)[1:swapper/0][Power/PPM] 3: 2200000 KHz
06-16 16:35:28.291     1     1 I (6)[1:swapper/0][Power/PPM] 4: 1985000 KHz
06-16 16:35:28.291     1     1 I (6)[1:swapper/0][Power/PPM] 5: 1855000 KHz
06-16 16:35:28.291     1     1 I (6)[1:swapper/0][Power/PPM] 6: 1740000 KHz
06-16 16:35:28.291     1     1 I (6)[1:swapper/0][Power/PPM] 7: 1624000 KHz
06-16 16:35:28.291     1     1 I (6)[1:swapper/0][Power/PPM] 8: 1537000 KHz
06-16 16:35:28.291     1     1 I (6)[1:swapper/0][Power/PPM] 9: 1451000 KHz
06-16 16:35:28.291     1     1 I (6)[1:swapper/0][Power/PPM] 10: 1335000 KHz
06-16 16:35:28.291     1     1 I (6)[1:swapper/0][Power/PPM] 11: 1162000 KHz
06-16 16:35:28.291     1     1 I (6)[1:swapper/0][Power/PPM] 12: 1046000 KHz
06-16 16:35:28.291     1     1 I (6)[1:swapper/0][Power/PPM] 13: 902000 KHz
06-16 16:35:28.291     1     1 I (6)[1:swapper/0][Power/PPM] 14: 700000 KHz
06-16 16:35:28.291     1     1 I (6)[1:swapper/0][Power/PPM] 15: 437000 KHz
06-16 16:35:28.291     1     1 I         : (6)[1:swapper/0][Power/PPM] DVFS table type = 0
06-16 16:35:28.291     1     1 I         : (6)[1:swapper/0][Power/PPM] DVFS table of cluster 2:
06-16 16:35:28.291     1     1 I (6)[1:swapper/0][Power/PPM] 0: 2600000 KHz
06-16 16:35:28.291     1     1 I (6)[1:swapper/0][Power/PPM] 1: 2529000 KHz
06-16 16:35:28.291     1     1 I (6)[1:swapper/0][Power/PPM] 2: 2410000 KHz
06-16 16:35:28.291     1     1 I (6)[1:swapper/0][Power/PPM] 3: 2292000 KHz
06-16 16:35:28.291     1     1 I (6)[1:swapper/0][Power/PPM] 4: 2127000 KHz
06-16 16:35:28.291     1     1 I (6)[1:swapper/0][Power/PPM] 5: 2032000 KHz
06-16 16:35:28.291     1     1 I (6)[1:swapper/0][Power/PPM] 6: 1938000 KHz
06-16 16:35:28.291     1     1 I (6)[1:swapper/0][Power/PPM] 7: 1820000 KHz
06-16 16:35:28.291     1     1 I (6)[1:swapper/0][Power/PPM] 8: 1745000 KHz
06-16 16:35:28.291     1     1 I (6)[1:swapper/0][Power/PPM] 9: 1632000 KHz
06-16 16:35:28.291     1     1 I (6)[1:swapper/0][Power/PPM] 10: 1482000 KHz
06-16 16:35:28.291     1     1 I (6)[1:swapper/0][Power/PPM] 11: 1370000 KHz
06-16 16:35:28.291     1     1 I (6)[1:swapper/0][Power/PPM] 12: 1258000 KHz
06-16 16:35:28.291     1     1 I (6)[1:swapper/0][Power/PPM] 13: 1108000 KHz
06-16 16:35:28.291     1     1 I (6)[1:swapper/0][Power/PPM] 14: 921000 KHz
06-16 16:35:28.291     1     1 I (6)[1:swapper/0][Power/PPM] 15: 659000 KHz
06-16 16:35:28.293     0     0 I (4)[0:swapper/4]CPU4: update max cpu_capacity 917
06-16 16:35:28.294   369   369 I (7)[369:EEMG_CTRL_GPU][xxxxEEMG] cur_flag: 0x1, g_flag:0x3
06-16 16:35:28.294   370   370 I (3)[370:EEMG_CTRL_GPU_H][xxxxEEMG] cur_flag: 0x3, g_flag:0x3
06-16 16:35:28.294     1     1 I (6)[1:swapper/0][Power/PPM] @ppm_lcmoff_policy_init: register PPM_POLICY_LCM_OFF done!
06-16 16:35:28.294     1     1 I (6)[1:swapper/0][Power/PPM] cobra_tbl: 000000003a440f21
06-16 16:35:28.294     1     1 I         : (6)[1:swapper/0][Power/PPM] COBRA init done!
06-16 16:35:28.294     1     1 I         : (6)[1:swapper/0][Power/PPM] (0x0)(-1)(0)(0-7)(15)(0)(4)(4) (15)(0)(3)(3) (15)(0)(1)(1)
06-16 16:35:28.294     1     1 I         : (6)[1:swapper/0][Power/PPM] power data init done!
06-16 16:35:28.295     1     1 I (6)[1:swapper/0][Power/dcm]: weak function of dcm_pre_init
06-16 16:35:28.295     1     1 I (6)[1:swapper/0][Power/dcm]: [dcm_set_default]type:0x00000187, init_dcm_type=0x187, INIT_DCM_TYPE_BY_K=0x0
06-16 16:35:28.295     1     1 I (6)[1:swapper/0][Power/dcm]: [     ARMCORE_DCM 0x00000001] current state:1 (0)
06-16 16:35:28.295     1     1 I (6)[1:swapper/0][Power/dcm]: [      MCUSYS_DCM 0x00000002] current state:1 (0)
06-16 16:35:28.295     1     1 I (6)[1:swapper/0][Power/dcm]: [       INFRA_DCM 0x00000004] current state:1 (0)
06-16 16:35:28.295     1     1 I (6)[1:swapper/0][Power/dcm]: [       STALL_DCM 0x00000080] current state:1 (0)
06-16 16:35:28.295     1     1 I (6)[1:swapper/0][Power/dcm]: [    BIG_CORE_DCM 0x00000100] current state:1 (0)
06-16 16:35:28.295     1     1 I (6)[1:swapper/0][Power/dcm]:  
06-16 16:35:28.295     0     0 I         : ******** dcm dump register *********
06-16 16:35:28.295     1     1 I (6)[1:swapper/0][Power/dcm]: MP_CPUSYS_TOP_CPU_PLLDIV_CFG0 (0xffffff801335a2a0): 0x001002ff
06-16 16:35:28.295     1     1 I (6)[1:swapper/0][Power/dcm]: MP_CPUSYS_TOP_CPU_PLLDIV_CFG1 (0xffffff801335a2a4): 0x001012ff
06-16 16:35:28.295     1     1 I (6)[1:swapper/0][Power/dcm]: MP_CPUSYS_TOP_CPU_PLLDIV_CFG2 (0xffffff801335a2a8): 0x001012ff
06-16 16:35:28.295     1     1 I (6)[1:swapper/0][Power/dcm]: MP_CPUSYS_TOP_CPU_PLLDIV_CFG3 (0xffffff801335a2ac): 0x001012ff
06-16 16:35:28.295     1     1 I (6)[1:swapper/0][Power/dcm]: MP_CPUSYS_TOP_CPU_PLLDIV_CFG4 (0xffffff801335a2b0): 0x001012ff
06-16 16:35:28.295     1     1 I (6)[1:swapper/0][Power/dcm]: MP_CPUSYS_TOP_BUS_PLLDIV_CFG  (0xffffff801335a2e0): 0x80100aff
06-16 16:35:28.295     1     1 I (6)[1:swapper/0][Power/dcm]: MP_CPUSYS_TOP_MCSIC_DCM0      (0xffffff801335a440): 0x0000ffff
06-16 16:35:28.295     1     1 I (6)[1:swapper/0][Power/dcm]: MP_CPUSYS_TOP_MP_ADB_DCM_CFG0 (0xffffff801335a500): 0x00020000
06-16 16:35:28.295     1     1 I (6)[1:swapper/0][Power/dcm]: MP_CPUSYS_TOP_MP_ADB_DCM_CFG4 (0xffffff801335a510): 0x00278000
06-16 16:35:28.295     1     1 I (6)[1:swapper/0][Power/dcm]: MP_CPUSYS_TOP_MP_MISC_DCM_CFG0(0xffffff801335a518): 0x0000003a
06-16 16:35:28.295     1     1 I (6)[1:swapper/0][Power/dcm]: MP_CPUSYS_TOP_MCUSYS_DCM_CFG0 (0xffffff801335a5c0): 0x00078100
06-16 16:35:28.295     1     1 I (6)[1:swapper/0][Power/dcm]: CPCCFG_REG_EMI_WFIFO          (0xffffff8013352900): 0x0000000f
06-16 16:35:28.295     1     1 I (6)[1:swapper/0][Power/dcm]: MP_CPUSYS_TOP_MP0_DCM_CFG0    (0xffffff801335c880): 0x0001000f
06-16 16:35:28.295     1     1 I (6)[1:swapper/0][Power/dcm]: MP_CPUSYS_TOP_MP0_DCM_CFG7    (0xffffff801335c89c): 0x00001011
06-16 16:35:28.295     1     1 I (6)[1:swapper/0][Power/dcm]: INFRA_BUS_DCM_CTRL            (0xffffff80132fd070): 0x00787fe1
06-16 16:35:28.295     1     1 I (6)[1:swapper/0][Power/dcm]: PERI_BUS_DCM_CTRL             (0xffffff80132fd074): 0xa4787fe1
06-16 16:35:28.295     1     1 I (6)[1:swapper/0][Power/dcm]: P2P_RX_CLK_ON                 (0xffffff80132fd0a0): 0x00000000
06-16 16:35:28.295     1     1 I (6)[1:swapper/0][Power/dcm]: MODULE_SW_CG_2_SET            (0xffffff80132fd0a4): 0x96002f52
06-16 16:35:28.295     1     1 I (6)[1:swapper/0][Power/dcm]: MODULE_SW_CG_2_CLR            (0xffffff80132fd0a8): 0x96002f52
06-16 16:35:28.295     1     1 I (6)[1:swapper/0][Power/dcm]: INFRA_AXIMEM_IDLE_BIT_EN_0    (0xffffff80132fda30): 0x00030000
06-16 16:35:28.295     1     1 I (6)[1:swapper/0][Power/dcm]: SUB_INFRA_EMI_IDLE_BIT_EN_0   (0xffffff801334d020): 0xffffffff
06-16 16:35:28.295     1     1 I (6)[1:swapper/0][Power/dcm]: SUB_INFRA_EMI_IDLE_BIT_EN_1   (0xffffff801334d024): 0xffffffff
06-16 16:35:28.295     1     1 I (6)[1:swapper/0][Power/dcm]: SUB_INFRA_EMI_DCM_CFG0        (0xffffff801334d028): 0x0005007f
06-16 16:35:28.295     1     1 I (6)[1:swapper/0][Power/dcm]: SUB_INFRA_EMI_DCM_CFG1        (0xffffff801334d02c): 0x40000000
06-16 16:35:28.295     1     1 I (6)[1:swapper/0][Power/dcm]: SUB_INFRA_EMI_DCM_CFG2        (0xffffff801334d030): 0x001f0044
06-16 16:35:28.295     1     1 I (6)[1:swapper/0][Power/dcm]: SUB_INFRA_EMI_M0M1_IDLE_BIT_EN_0(0xffffff801334d210): 0x00000000
06-16 16:35:28.295     1     1 I (6)[1:swapper/0][Power/dcm]: SUB_INFRA_EMI_M0M1_IDLE_BIT_EN_1(0xffffff801334d214): 0x06007fe0
06-16 16:35:28.295     1     1 I (6)[1:swapper/0][Power/dcm]: SUB_INFRA_EMI_M2M5_IDLE_BIT_EN_0(0xffffff801334d218): 0x0000003f
06-16 16:35:28.295     1     1 I (6)[1:swapper/0][Power/dcm]: SUB_INFRA_EMI_M2M5_IDLE_BIT_EN_1(0xffffff801334d21c): 0x0003000c
06-16 16:35:28.295     1     1 I (6)[1:swapper/0][Power/dcm]: SUB_INFRA_EMI_M3_IDLE_BIT_EN_0(0xffffff801334d220): 0x200003c0
06-16 16:35:28.295     1     1 I (6)[1:swapper/0][Power/dcm]: SUB_INFRA_EMI_M3_IDLE_BIT_EN_1(0xffffff801334d224): 0x00000000
06-16 16:35:28.295     1     1 I (6)[1:swapper/0][Power/dcm]: SUB_INFRA_EMI_M4_IDLE_BIT_EN_0(0xffffff801334d228): 0x1000fc00
06-16 16:35:28.295     1     1 I (6)[1:swapper/0][Power/dcm]: SUB_INFRA_EMI_M4_IDLE_BIT_EN_1(0xffffff801334d22c): 0x01000000
06-16 16:35:28.295     1     1 I (6)[1:swapper/0][Power/dcm]: SUB_INFRA_EMI_M6M7_IDLE_BIT_EN_0(0xffffff801334d230): 0xcfff0000
06-16 16:35:28.295     1     1 I (6)[1:swapper/0][Power/dcm]: SUB_INFRA_EMI_M6M7_IDLE_BIT_EN_1(0xffffff801334d234): 0x30008013
06-16 16:35:28.295     1     1 I (6)[1:swapper/0][Power/dcm]: SUB_INFRA_EMI_VPU_IDLE_BIT_EN_0(0xffffff801334d238): 0x00000000
06-16 16:35:28.295     1     1 I (6)[1:swapper/0][Power/dcm]: SUB_INFRA_EMI_VPU_IDLE_BIT_EN_1(0xffffff801334d23c): 0x00000000
06-16 16:35:28.295     1     1 I (6)[1:swapper/0][Power/dcm]: INFRA_EMI_DCM_CFG0            (0xffffff8013311028): 0x0000002f
06-16 16:35:28.295     1     1 I (6)[1:swapper/0][Power/dcm]: INFRA_EMI_DCM_CFG1            (0xffffff801331102c): 0x00000000
06-16 16:35:28.295     1     1 I (6)[1:swapper/0][Power/dcm]: INFRA_EMI_DCM_CFG2            (0xffffff8013311030): 0x001f0044
06-16 16:35:28.295     1     1 I (6)[1:swapper/0][Power/dcm]: TOP_CK_ANCHOR_CFG             (0xffffff8013311038): 0xa00000ff
06-16 16:35:28.295     1     1 I (6)[1:swapper/0][Power/dcm]: INFRA_EMI_IDLE_BIT_EN_0       (0xffffff8013311100): 0xffffffff
06-16 16:35:28.295     1     1 I (6)[1:swapper/0][Power/dcm]: INFRA_EMI_IDLE_BIT_EN_1       (0xffffff8013311104): 0xffffffff
06-16 16:35:28.295     1     1 I (6)[1:swapper/0][Power/dcm]: INFRA_EMI_IDLE_BIT_EN_2       (0xffffff8013311108): 0xffffffff
06-16 16:35:28.295     1     1 I (6)[1:swapper/0][Power/dcm]: INFRA_EMI_IDLE_BIT_EN_3       (0xffffff801331110c): 0xffffffff
06-16 16:35:28.295     1     1 I (6)[1:swapper/0][Power/dcm]: INFRA_EMI_M0M1_IDLE_BIT_EN_0  (0xffffff8013311110): 0x01f00000
06-16 16:35:28.295     1     1 I (6)[1:swapper/0][Power/dcm]: INFRA_EMI_M0M1_IDLE_BIT_EN_1  (0xffffff8013311114): 0xc0040180
06-16 16:35:28.295     1     1 I (6)[1:swapper/0][Power/dcm]: INFRA_EMI_M0M1_IDLE_BIT_EN_2  (0xffffff8013311118): 0x00000000
06-16 16:35:28.295     1     1 I (6)[1:swapper/0][Power/dcm]: INFRA_EMI_M0M1_IDLE_BIT_EN_3  (0xffffff801331111c): 0x00000003
06-16 16:35:28.295     1     1 I (6)[1:swapper/0][Power/dcm]: INFRA_EMI_M2M5_IDLE_BIT_EN_0  (0xffffff8013311120): 0x0c000000
06-16 16:35:28.295     1     1 I (6)[1:swapper/0][Power/dcm]: INFRA_EMI_M2M5_IDLE_BIT_EN_1  (0xffffff8013311124): 0x00c00000
06-16 16:35:28.295     1     1 I (6)[1:swapper/0][Power/dcm]: INFRA_EMI_M2M5_IDLE_BIT_EN_2  (0xffffff8013311128): 0x01f08000
06-16 16:35:28.295     1     1 I (6)[1:swapper/0][Power/dcm]: INFRA_EMI_M2M5_IDLE_BIT_EN_3  (0xffffff801331112c): 0x00000000
06-16 16:35:28.295     1     1 I (6)[1:swapper/0][Power/dcm]: INFRA_EMI_M3_IDLE_BIT_EN_0    (0xffffff8013311130): 0x20003040
06-16 16:35:28.295     1     1 I (6)[1:swapper/0][Power/dcm]: INFRA_EMI_M3_IDLE_BIT_EN_1    (0xffffff8013311134): 0x00000000
06-16 16:35:28.295     1     1 I (6)[1:swapper/0][Power/dcm]: INFRA_EMI_M3_IDLE_BIT_EN_2    (0xffffff8013311138): 0x00001000
06-16 16:35:28.295     1     1 I (6)[1:swapper/0][Power/dcm]: INFRA_EMI_M3_IDLE_BIT_EN_3    (0xffffff801331113c): 0x00000000
06-16 16:35:28.295     1     1 I (6)[1:swapper/0][Power/dcm]: INFRA_EMI_M4_IDLE_BIT_EN_0    (0xffffff8013311140): 0x10020f20
06-16 16:35:28.295     1     1 I (6)[1:swapper/0][Power/dcm]: INFRA_EMI_M4_IDLE_BIT_EN_1    (0xffffff8013311144): 0x00019000
06-16 16:35:28.295     1     1 I (6)[1:swapper/0][Power/dcm]: INFRA_EMI_M4_IDLE_BIT_EN_2    (0xffffff8013311148): 0x040a0818
06-16 16:35:28.295     1     1 I (6)[1:swapper/0][Power/dcm]: INFRA_EMI_M4_IDLE_BIT_EN_3    (0xffffff801331114c): 0x00000370
06-16 16:35:28.295     1     1 I (6)[1:swapper/0][Power/dcm]: INFRA_EMI_M6M7_IDLE_BIT_EN_0  (0xffffff8013311150): 0xc001c080
06-16 16:35:28.295     1     1 I (6)[1:swapper/0][Power/dcm]: INFRA_EMI_M6M7_IDLE_BIT_EN_1  (0xffffff8013311154): 0x33000e01
06-16 16:35:28.295     1     1 I (6)[1:swapper/0][Power/dcm]: INFRA_EMI_M6M7_IDLE_BIT_EN_2  (0xffffff8013311158): 0x180067e1
06-16 16:35:28.295     1     1 I (6)[1:swapper/0][Power/dcm]: INFRA_EMI_M6M7_IDLE_BIT_EN_3  (0xffffff801331115c): 0x0000008c
06-16 16:35:28.295     1     1 I (6)[1:swapper/0][Power/dcm]: INFRA_EMI_SRAM_IDLE_BIT_EN_0  (0xffffff8013311160): 0x020c0008
06-16 16:35:28.295     1     1 I (6)[1:swapper/0][Power/dcm]: INFRA_EMI_SRAM_IDLE_BIT_EN_1  (0xffffff8013311164): 0x0c00007e
06-16 16:35:28.295     1     1 I (6)[1:swapper/0][Power/dcm]: INFRA_EMI_SRAM_IDLE_BIT_EN_2  (0xffffff8013311168): 0x80050006
06-16 16:35:28.295     1     1 I (6)[1:swapper/0][Power/dcm]: INFRA_EMI_SRAM_IDLE_BIT_EN_3  (0xffffff801331116c): 0x00000000
06-16 16:35:28.295     1     1 I (6)[1:swapper/0][Power/dcm]: VDNR_DCM_TOP_INFRA_PAR_BUS_u_INFRA_PAR_BUS_CTRL_0(0xffffff8013313038): 0x00000003
06-16 16:35:28.295     1     1 I (6)[1:swapper/0][Power/dcm]: VDNR_DCM_TOP_INFRA_PAR_BUS_u_INFRA_PAR_BUS_CTRL_1(0xffffff801331303c): 0x22000404
06-16 16:35:28.295     1     1 I (6)[1:swapper/0][Power/dcm]: VDNR_DCM_TOP_INFRA_PAR_BUS_u_INFRA_PAR_BUS_CTRL_2(0xffffff8013313040): 0x08800101
06-16 16:35:28.295     1     1 I (6)[1:swapper/0][Power/dcm]: VDNR_DCM_TOP_INFRA_PAR_BUS_u_INFRA_PAR_BUS_CTRL_13(0xffffff801331306c): 0x02021010
06-16 16:35:28.295     1     1 I (6)[1:swapper/0][Power/dcm]: EMI_CONM                      (0xffffff8013315060): 0x007816ff
06-16 16:35:28.295     1     1 I (6)[1:swapper/0][Power/dcm]: EMI_CONN                      (0xffffff8013315068): 0x00600000
06-16 16:35:28.295     1     1 I (6)[1:swapper/0][Power/dcm]: EMI_THRO_CTRL0                (0xffffff8013315830): 0x0fc39a70
06-16 16:35:28.295     1     1 I (6)[1:swapper/0][Power/dcm]: SUB_EMI_EMI_CONM              (0xffffff801331d060): 0x007816ff
06-16 16:35:28.295     1     1 I (6)[1:swapper/0][Power/dcm]: SUB_EMI_EMI_CONN              (0xffffff801331d068): 0x00600000
06-16 16:35:28.295     1     1 I (6)[1:swapper/0][Power/dcm]: SUB_EMI_EMI_THRO_CTRL0        (0xffffff801331d830): 0x0fc39a70
06-16 16:35:28.295     1     1 I (6)[1:swapper/0][Power/dcm]: CHN0_EMI_CHN_EMI_CONB         (0xffffff8013325008): 0x00ff6048
06-16 16:35:28.295     1     1 I (6)[1:swapper/0][Power/dcm]: DRAMC_CH0_TOP5_MISC_CG_CTRL0  (0xffffff801332d4ec): 0x20000110
06-16 16:35:28.295     1     1 I (6)[1:swapper/0][Power/dcm]: DRAMC_CH0_TOP5_MISC_CG_CTRL2  (0xffffff801332d4f4): 0x80600bae
06-16 16:35:28.295     1     1 I (6)[1:swapper/0][Power/dcm]: DRAMC_CH0_TOP5_MISC_DQSG_RETRY1(0xffffff801332d524): 0x00000000
06-16 16:35:28.295     1     1 I (6)[1:swapper/0][Power/dcm]: DRAMC_CH0_TOP5_MISC_APB       (0xffffff801332d560): 0x00000000
06-16 16:35:28.295     1     1 I (6)[1:swapper/0][Power/dcm]: DRAMC_CH0_TOP5_MISC_CTRL2     (0xffffff801332d644): 0x00000000
06-16 16:35:28.295     1     1 I (6)[1:swapper/0][Power/dcm]: CHN1_EMI_CHN_EMI_CONB         (0xffffff8013335008): 0x00ff6048
06-16 16:35:28.295     1     1 I (6)[1:swapper/0][Power/dcm]: DRAMC_CH1_TOP5_MISC_CG_CTRL0  (0xffffff801333d4ec): 0x20000110
06-16 16:35:28.295     1     1 I (6)[1:swapper/0][Power/dcm]: DRAMC_CH1_TOP5_MISC_CG_CTRL2  (0xffffff801333d4f4): 0x80600bae
06-16 16:35:28.295     1     1 I (6)[1:swapper/0][Power/dcm]: DRAMC_CH1_TOP5_MISC_DQSG_RETRY1(0xffffff801333d524): 0x00000000
06-16 16:35:28.295     1     1 I (6)[1:swapper/0][Power/dcm]: DRAMC_CH1_TOP5_MISC_APB       (0xffffff801333d560): 0x00000000
06-16 16:35:28.295     1     1 I (6)[1:swapper/0][Power/dcm]: DRAMC_CH1_TOP5_MISC_CTRL2     (0xffffff801333d644): 0x00000000
06-16 16:35:28.295     1     1 I (6)[1:swapper/0][Power/dcm]: CHN2_EMI_CHN_EMI_CONB         (0xffffff8013345008): 0x00ff6048
06-16 16:35:28.295     1     1 I (6)[1:swapper/0][Power/dcm]: DRAMC_CH2_TOP5_MISC_CG_CTRL0  (0xffffff80133474ec): 0x20000110
06-16 16:35:28.295     1     1 I (6)[1:swapper/0][Power/dcm]: DRAMC_CH2_TOP5_MISC_CG_CTRL2  (0xffffff80133474f4): 0x80600bae
06-16 16:35:28.295     1     1 I (6)[1:swapper/0][Power/dcm]: DRAMC_CH2_TOP5_MISC_DQSG_RETRY1(0xffffff8013347524): 0x00000000
06-16 16:35:28.295     1     1 I (6)[1:swapper/0][Power/dcm]: DRAMC_CH2_TOP5_MISC_APB       (0xffffff8013347560): 0x00000000
06-16 16:35:28.295     1     1 I (6)[1:swapper/0][Power/dcm]: DRAMC_CH2_TOP5_MISC_CTRL2     (0xffffff8013347644): 0x00000000
06-16 16:35:28.295     1     1 I (6)[1:swapper/0][Power/dcm]: CHN3_EMI_CHN_EMI_CONB         (0xffffff8013349008): 0x00ff6048
06-16 16:35:28.295     1     1 I (6)[1:swapper/0][Power/dcm]: DRAMC_CH3_TOP5_MISC_CG_CTRL0  (0xffffff801334b4ec): 0x20000110
06-16 16:35:28.295     1     1 I (6)[1:swapper/0][Power/dcm]: DRAMC_CH3_TOP5_MISC_CG_CTRL2  (0xffffff801334b4f4): 0x80600bae
06-16 16:35:28.295     1     1 I (6)[1:swapper/0][Power/dcm]: DRAMC_CH3_TOP5_MISC_DQSG_RETRY1(0xffffff801334b524): 0x00000000
06-16 16:35:28.295     1     1 I (6)[1:swapper/0][Power/dcm]: DRAMC_CH3_TOP5_MISC_APB       (0xffffff801334b560): 0x00000000
06-16 16:35:28.295     1     1 I (6)[1:swapper/0][Power/dcm]: DRAMC_CH3_TOP5_MISC_CTRL2     (0xffffff801334b644): 0x00000000
06-16 16:35:28.295     1     1 I (6)[1:swapper/0][Power/dcm]: [ARMCORE_DCM      0x00000001] sync hw state:1 (0)
06-16 16:35:28.295     1     1 I (6)[1:swapper/0][Power/dcm]: [MCUSYS_DCM       0x00000002] sync hw state:1 (0)
06-16 16:35:28.295     1     1 I (6)[1:swapper/0][Power/dcm]: [INFRA_DCM        0x00000004] sync hw state:1 (0)
06-16 16:35:28.295     1     1 I (6)[1:swapper/0][Power/dcm]: [STALL_DCM        0x00000080] sync hw state:1 (0)
06-16 16:35:28.295     1     1 I         : (6)[1:swapper/0]SSPM is ready to service CM IPI
06-16 16:35:28.295     1     1 I         : (6)[1:swapper/0]#@# cm_mgr_check_dram_type(312) ddr_type 0x6, ddr_hz 4266, cm_mgr_idx 0x0
06-16 16:35:28.295     1     1 I         : (6)[1:swapper/0]#@# cm_mgr_to_sspm_command(781) cmd(22) ack fail 0
06-16 16:35:28.295     1     1 I         : (6)[1:swapper/0]#@# cm_mgr_to_sspm_command(781) cmd(23) ack fail 0
06-16 16:35:28.295     1     1 I         : (6)[1:swapper/0]#@# cm_mgr_to_sspm_command(781) cmd(22) ack fail 0
06-16 16:35:28.295     1     1 I         : (6)[1:swapper/0]#@# cm_mgr_to_sspm_command(781) cmd(23) ack fail 0
06-16 16:35:28.295     1     1 I         : (6)[1:swapper/0]#@# cm_mgr_to_sspm_command(781) cmd(22) ack fail 0
06-16 16:35:28.295     1     1 I         : (6)[1:swapper/0]#@# cm_mgr_to_sspm_command(781) cmd(23) ack fail 0
06-16 16:35:28.295     1     1 I         : (6)[1:swapper/0]#@# cm_mgr_to_sspm_command(781) cmd(22) ack fail 0
06-16 16:35:28.295     1     1 I         : (6)[1:swapper/0]#@# cm_mgr_to_sspm_command(781) cmd(23) ack fail 0
