--------- beginning of main
06-16 16:35:29.680   475   475 I lowmemorykiller: Using psi monitors for memory pressure detection
06-16 16:35:29.681   475   475 I lowmemorykiller: Process polling is supported
06-16 16:35:29.681   475   475 I lowmemorykiller: Process reaping is not supported
06-16 16:35:29.687   443   443 W libc    : Unable to set property "persist.vendor.mtk.aeev.mode" to "4": error code: 0x18
--------- beginning of events
06-16 16:35:29.692   476   476 I snet_event_log: [121035042,-1,]
06-16 16:35:29.697   476   476 I SELinux : SELinux: Loaded service_contexts from:
06-16 16:35:29.697   476   476 I auditd  : SELinux: Loaded service_contexts from:
06-16 16:35:29.697   476   476 I SELinux :     /system/etc/selinux/plat_service_contexts
06-16 16:35:29.697   476   476 I auditd  :     /system/etc/selinux/plat_service_contexts
06-16 16:35:29.697   476   476 I SELinux :     /system_ext/etc/selinux/system_ext_service_contexts
06-16 16:35:29.697   476   476 I auditd  :     /system_ext/etc/selinux/system_ext_service_contexts
06-16 16:35:29.697   476   476 I SELinux :     /vendor/etc/selinux/vendor_service_contexts
06-16 16:35:29.697   476   476 I auditd  :     /vendor/etc/selinux/vendor_service_contexts
06-16 16:35:29.699   477   477 I hwservicemanager: getFrameworkHalManifest: Reading VINTF information.
06-16 16:35:29.708   477   477 I hwservicemanager: getDeviceHalManifest: Reading VINTF information.
06-16 16:35:29.708   478   478 D ProcessState: Binder ioctl to enable oneway spam detection failed: Invalid argument
06-16 16:35:29.709   478   478 I snet_event_log: [121035042,-1,]
06-16 16:35:29.710   478   478 I SELinux : SELinux: Loaded service_contexts from:
06-16 16:35:29.710   478   478 I SELinux :     /vendor/etc/selinux/vndservice_contexts
06-16 16:35:29.711   482   482 D hw-ProcessState: Binder ioctl to enable oneway spam detection failed: Invalid argument
--------- beginning of kernel
06-16 16:35:26.488     0     0 I         : -(0)[0:swapper]Booting Linux on physical CPU 0x0000000000 [0x412fd050]
06-16 16:35:26.488     0     0 I         : -(0)[0:swapper]Linux version 4.19.191+ (nobody@android-build) (Android (6443078 based on r383902) clang version 11.0.1 (https://android.googlesource.com/toolchain/llvm-project b397f81060ce6d701042b782172ed13bee898b79), LLD 11.0.1 (/buildbot/tmp/tmp6_m7QH b397f81060ce6d701042b782172ed13bee898b79)) #1 SMP PREEMPT Sat May 23 16:51:29 CST 2026
06-16 16:35:26.488     0     0 I -(0)[0:swapper]Machine model: MT8797Z/CNZA
06-16 16:35:26.488     0     0 I -(0)[0:swapper]OF: reserved mem: initialized node reserve-memory-mcupm_share, compatible id mediatek,reserve-memory-mcupm_share
06-16 16:35:26.488     0     0 I -(0)[0:swapper]ion_reserve_memory_to_camera: name:ion-carveout-heap,base:bff74000,size:0xc000
06-16 16:35:26.488     0     0 I -(0)[0:swapper]OF: reserved mem: initialized node ion-carveout-heap, compatible id mediatek,ion-carveout-heap
06-16 16:35:26.488     0     0 I -(0)[0:swapper]Reserved memory: created CMA memory pool at 0x000000022b000000, size 320 MiB
06-16 16:35:26.488     0     0 I -(0)[0:swapper]OF: reserved mem: initialized node ssmr-reserved-cma_memory, compatible id shared-dma-pool
06-16 16:35:26.488     0     0 I -(0)[0:swapper]Reserved memory: created DMA memory pool at 0x00000000bd000000, size 15 MiB
06-16 16:35:26.488     0     0 I -(0)[0:swapper]OF: reserved mem: initialized node wifi-reserve-memory, compatible id shared-dma-pool
06-16 16:35:26.488     0     0 I -(0)[0:swapper]OF: reserved mem: initialized node reserve-memory-sspm_share, compatible id mediatek,reserve-memory-sspm_share
06-16 16:35:26.488     0     0 I         : -(0)[0:swapper][SCP]scp_reserve_mem_of_init 0x000000008f000000 0x0000000000320000
06-16 16:35:26.488     0     0 I -(0)[0:swapper]OF: reserved mem: initialized node reserve-memory-scp_share, compatible id mediatek,reserve-memory-scp_share
06-16 16:35:26.488     0     0 I -(0)[0:swapper][memblock]mediatek,minirdump: 0x48170000 - 0x48180000 (0x10000)
06-16 16:35:26.488     0     0 I -(0)[0:swapper]OF: reserved mem: initialized node mblock-16-minirdump, compatible id mediatek,minirdump
06-16 16:35:26.488     0     0 I -(0)[0:swapper][gz_log_context_init] rmem: mblock-5-gz-log base(0x7f400000) size(0x41000) flag(1)
06-16 16:35:26.488     0     0 I -(0)[0:swapper]OF: reserved mem: initialized node mblock-5-gz-log, compatible id mediatek,gz-log
06-16 16:35:26.488     0     0 I -(0)[0:swapper]cma: Reserved 16 MiB at 0x00000000fec00000
06-16 16:35:26.488     0     0 D         : -(0)[0:swapper]On node 0 totalpages: 2071681
06-16 16:35:26.488     0     0 D         : -(0)[0:swapper]  DMA32 zone: 12288 pages used for memmap
06-16 16:35:26.488     0     0 D         : -(0)[0:swapper]  DMA32 zone: 0 pages reserved
06-16 16:35:26.488     0     0 D         : -(0)[0:swapper]  DMA32 zone: 760963 pages, LIFO batch:63
06-16 16:35:26.488     0     0 D         : -(0)[0:swapper]  Normal zone: 20480 pages used for memmap
06-16 16:35:26.488     0     0 D         : -(0)[0:swapper]  Normal zone: 1310718 pages, LIFO batch:63
06-16 16:35:26.488     0     0 I -(0)[0:swapper]psci: probing for conduit method from DT.
06-16 16:35:26.488     0     0 I -(0)[0:swapper]psci: PSCIv1.1 detected in firmware.
06-16 16:35:26.488     0     0 I -(0)[0:swapper]psci: Using standard PSCI v0.2 function IDs
06-16 16:35:26.488     0     0 I -(0)[0:swapper]psci: MIGRATE_INFO_TYPE not supported.
06-16 16:35:26.488     0     0 I -(0)[0:swapper]psci: SMC Calling Convention v1.1
06-16 16:35:26.488     0     0 I -(0)[0:swapper]percpu: Embedded 24 pages/cpu s59224 r8192 d30888 u98304
06-16 16:35:26.488     0     0 D -(0)[0:swapper]pcpu-alloc: s59224 r8192 d30888 u98304 alloc=24*4096
06-16 16:35:26.488     0     0 D -(0)[0:swapper]pcpu-alloc: [0] 0 [0] 1 [0] 2 [0] 3 [0] 4 [0] 5 [0] 6 [0] 7
06-16 16:35:26.488     0     0 I         : -(0)[0:swapper]Detected VIPT I-cache on CPU0
06-16 16:35:26.488     0     0 I -(0)[0:swapper]CPU features: kernel page table isolation forced ON by KASLR
06-16 16:35:26.488     0     0 I -(0)[0:swapper]CPU features: detected: Kernel page table isolation (KPTI)
06-16 16:35:26.488     0     0 I -(0)[0:swapper]CPU features: detected: Speculative Store Bypassing Safe (SSBS)
06-16 16:35:26.488     0     0 I         : -(0)[0:swapper]Built 1 zonelists, mobility grouping on.  Total pages: 2038913
06-16 16:35:26.488     0     0 I         : -(0)[0:swapper]Kernel command line: console=tty0 console=ttyS0,921600n1 root=/dev/ram vmalloc=400M slub_debug=OFZPU swiotlb=noforce firmware_class.path=/vendor/firmware page_owner=on loop.max_part=7 has_battery_removed=0 loop.max_part=7 androidboot.boot_devices=bootdevice,soc/11230000.mmc,11230000.mmc,soc/11230000.msdc,11230000.msdc,soc/11270000.ufshci,11270000.ufshci ramoops.mem_address=0x48090000 ramoops.mem_size=0xe0000 ramoops.pmsg_size=0x10000 ramoops.console_size=0x40000 androidboot.bsn=76P01824A2704034 bootopt=64S3,32N2,64N2 buildvariant=user root=/dev/ram androidboot.vbmeta.device=PARTUUID=46f0c0bb-f227-4eb6-b82f-66408e13e36d androidboot.vbmeta.avb_version=1.2 androidboot.vbmeta.device_state=locked androidboot.veritymode=enforcing androidboot.veritymode.managed=yes androidboot.slot_suffix=_a androidboot.slot=a androidboot.verifiedbootstate=green androidboot.efuse=1 androidboot.antirollback=0,0,0,0,0,1 mtk_printk_ctrl.disable_uartflag=1 androidboot.atm=disabled androidbo
06-16 16:35:26.488     0     0 W         : -(0)[0:swapper]read_mtk_printk_ctrl_uartflag
06-16 16:35:26.488     0     0 W         : -(0)[0:swapper]mtk_printk_ctrl_uartflag = 1,str = 1
06-16 16:35:26.488     0     0 W         : -(0)[0:swapper] finally - mtk_printk_ctrl_uartflag = 1,str = 1
06-16 16:35:26.488     0     0 I         : -(0)[0:swapper]Dentry cache hash table entries: 1048576 (order: 11, 8388608 bytes)
06-16 16:35:26.488     0     0 I         : -(0)[0:swapper]Inode-cache hash table entries: 524288 (order: 10, 4194304 bytes)
06-16 16:35:26.488     0     0 I -(0)[0:swapper]mem auto-init: stack:off, heap alloc:off, heap free:off
06-16 16:35:26.488     0     0 I         : -(0)[0:swapper]software IO TLB: mapped [mem 0xffffe000-0xffffe800] (0MB)
06-16 16:35:26.488     0     0 I -(0)[0:swapper]Memory: 7695096K/8286724K available (16190K kernel code, 2222K rwdata, 5704K rodata, 1280K init, 15582K bss, 247564K reserved, 344064K cma-reserved)
06-16 16:35:26.488     0     0 I -(0)[0:swapper]SLUB: HWalign=64, Order=0-3, MinObjects=0, CPUs=8, Nodes=1
06-16 16:35:26.488     0     0 W         : -(0)[0:swapper]
06-16 16:35:26.488     0     0 W         : -(0)[0:swapper]**********************************************************
06-16 16:35:26.488     0     0 W         : -(0)[0:swapper]**   NOTICE NOTICE NOTICE NOTICE NOTICE NOTICE NOTICE   **
06-16 16:35:26.488     0     0 W         : -(0)[0:swapper]**                                                      **
06-16 16:35:26.488     0     0 W         : -(0)[0:swapper]** trace_printk() being used. Allocating extra memory.  **
06-16 16:35:26.488     0     0 W         : -(0)[0:swapper]**                                                      **
06-16 16:35:26.488     0     0 W         : -(0)[0:swapper]** This means that this is a DEBUG kernel and it is     **
06-16 16:35:26.488     0     0 W         : -(0)[0:swapper]** unsafe for production use.                           **
06-16 16:35:26.488     0     0 W         : -(0)[0:swapper]**                                                      **
06-16 16:35:26.488     0     0 W         : -(0)[0:swapper]** If you see this message and you are not debugging    **
06-16 16:35:26.488     0     0 W         : -(0)[0:swapper]** the kernel, report this immediately to your vendor!  **
06-16 16:35:26.488     0     0 W         : -(0)[0:swapper]**                                                      **
06-16 16:35:26.488     0     0 W         : -(0)[0:swapper]**   NOTICE NOTICE NOTICE NOTICE NOTICE NOTICE NOTICE   **
06-16 16:35:26.488     0     0 W         : -(0)[0:swapper]**********************************************************
06-16 16:35:26.488     0     0 I -(0)[0:swapper/0]rcu: Preemptible hierarchical RCU implementation.
06-16 16:35:26.488     0     0 I         : -(0)[0:swapper/0]	Tasks RCU enabled.
06-16 16:35:26.488     0     0 I -(0)[0:swapper/0]NR_IRQS: 64, nr_irqs: 64, preallocated irqs: 0
06-16 16:35:26.488     0     0 I -(0)[0:swapper/0]GICv3: Distributor has no Range Selector support
06-16 16:35:26.488     0     0 I -(0)[0:swapper/0]GICv3: no VLPI support, no direct LPI support
06-16 16:35:26.488     0     0 I -(0)[0:swapper/0]GICv3: CPU0: found redistributor 0 region 0:0x000000000c040000
06-16 16:35:26.488     0     0 I         : -(0)[0:swapper/0]### gic-v3 init done. gic_irqs: 863 ###
06-16 16:35:26.488     0     0 I -(0)[0:swapper/0]random: random: get_random_bytes called from start_kernel+0x1dc/0x37c with crng_init=0
06-16 16:35:26.488     0     0 W -(0)[0:swapper/0]genirq: irq_chip GICv3 did not update eff. affinity mask of irq 1
06-16 16:35:26.488     0     0 I -(0)[0:swapper/0]arch_timer: cp15 timer(s) running at 13.00MHz (virt).
06-16 16:35:26.488     0     0 I -(0)[0:swapper/0]clocksource: arch_sys_counter: mask: 0xffffffffffffff max_cycles: 0x2ff89eacb, max_idle_ns: 440795202429 ns
06-16 16:35:26.488     0     0 I -(0)[0:swapper/0]sched_clock: 56 bits at 13MHz, resolution 76ns, wraps every 4398046511101ns
06-16 16:35:26.488     0     0 I (0)[0:swapper/0]mboot_params: [DT] 0x800@0x11d000, 0x1(0xec0)
06-16 16:35:26.488     0     0 I (0)[0:swapper/0]mboot_params: [DT] 0x10000@0x48170000
06-16 16:35:26.488     0     0 I (0)[0:swapper/0]mboot_params: using sram:0x11d000
06-16 16:35:26.488     0     0 I (0)[0:swapper/0]mboot_params: buffer start: 0xffffff8008015000, size: 0x800
06-16 16:35:26.488     0     0 I         : (0)[0:swapper/0]pmic & external buck: 0xff
06-16 16:35:26.488     0     0 I (0)[0:swapper/0]mboot_params: CPU notifier status: 0, 0, 0x0, 0
06-16 16:35:26.488     0     0 I (0)[0:swapper/0]mboot_params: CPU HPS footprint: 0, 0x0, 0, 0
06-16 16:35:26.488     0     0 I (0)[0:swapper/0]mboot_params: last init function: 0x0
06-16 16:35:26.488     0     0 I         : (0)[0:swapper/0]Calibrating delay loop (skipped), value calculated using timer frequency.. 26.00 BogoMIPS (lpj=52000)
06-16 16:35:26.489     0     0 I (0)[0:swapper/0]pid_max: default: 32768 minimum: 301
06-16 16:35:26.489     0     0 I         : (0)[0:swapper/0]Security Framework initialized
06-16 16:35:26.489     0     0 I (0)[0:swapper/0]SELinux: Initializing.
06-16 16:35:26.489     0     0 I         : (0)[0:swapper/0]Mount-cache hash table entries: 16384 (order: 5, 131072 bytes)
06-16 16:35:26.489     0     0 I         : (0)[0:swapper/0]Mountpoint-cache hash table entries: 16384 (order: 5, 131072 bytes)
06-16 16:35:26.489     0     0 W         : -(0)[0:swapper/0]assertion failed at drivers/misc/mediatek/perf_common/sched_avg.c:531
06-16 16:35:26.489     1     1 W         : -(0)[1:swapper/0]init_heavy_tlb start.
06-16 16:35:26.489     1     1 W -(0)[1:swapper/0]init_heavy_tlb: cpu=0 thresh_l=2147483647 thresh_h=194 max_capaicy=1024
06-16 16:35:26.490     1     1 I         : (0)[1:swapper/0]ASID allocator initialised with 32768 entries
06-16 16:35:26.490     1     1 I (0)[1:swapper/0]rcu: Hierarchical SRCU implementation.
06-16 16:35:26.493     1     1 I (0)[1:swapper/0]tag_devinfo_data size: 220, HRID size:4
06-16 16:35:26.493     1     1 I         : (0)[1:swapper/0][devinfo][SegCode] Segment Code=0x10
06-16 16:35:26.493     1     1 I (0)[1:swapper/0]BOOTPROF: DT(Err:0x0) pl_t=5528, lk_t=3409, lk_logo_t=1617
06-16 16:35:26.493     1     1 I (0)[1:swapper/0]BOOTPROF: 5.035922: ON
06-16 16:35:26.493     1     1 I (0)[1:swapper/0]log_store: [DT] log_store: 0x11df00@0x100
06-16 16:35:26.493     1     1 I (0)[1:swapper/0]log_store: get ok, sram addr:0x11df00, size:0x100
06-16 16:35:26.493     1     1 I (0)[1:swapper/0]log_store: sram header address 0x(____ptrval____).
06-16 16:35:26.493     1     1 I         : (0)[1:swapper/0]log_store printk_buff addr:0x419659f0,sz:0x800000,buff-flag:0x427.
06-16 16:35:26.493     1     1 I         : (0)[1:swapper/0]sig 0x5678ef90 flag 0x427 add 0x7ffbf000 size 0x40000 offsize 0x20 point 0x22350
06-16 16:35:26.493     1     1 I (0)[1:swapper/0]smp: Bringing up secondary CPUs ...
06-16 16:35:26.494     0     0 I         : -(1)[0:swapper/1]Detected VIPT I-cache on CPU1
06-16 16:35:26.494     0     0 I -(1)[0:swapper/1]GICv3: CPU1: found redistributor 100 region 0:0x000000000c060000
06-16 16:35:26.494     0     0 I -(1)[0:swapper/1]CPU1: Booted secondary processor 0x0000000100 [0x412fd050]
06-16 16:35:26.495     0     0 I         : -(2)[0:swapper/2]Detected VIPT I-cache on CPU2
06-16 16:35:26.495     0     0 I -(2)[0:swapper/2]GICv3: CPU2: found redistributor 200 region 0:0x000000000c080000
06-16 16:35:26.495     0     0 I -(2)[0:swapper/2]CPU2: Booted secondary processor 0x0000000200 [0x412fd050]
06-16 16:35:26.496     0     0 I         : -(3)[0:swapper/3]Detected VIPT I-cache on CPU3
06-16 16:35:26.496     0     0 I -(3)[0:swapper/3]GICv3: CPU3: found redistributor 300 region 0:0x000000000c0a0000
06-16 16:35:26.496     0     0 I -(3)[0:swapper/3]CPU3: Booted secondary processor 0x0000000300 [0x412fd050]
06-16 16:35:26.497     0     0 I -(4)[0:swapper/4]CPU features: enabling workaround for Mismatched cache type
06-16 16:35:26.497     0     0 I -(4)[0:swapper/4]CPU features: enabling workaround for Spectre-BHB
06-16 16:35:26.497     0     0 I -(4)[0:swapper/4]CPU features: detected: Hardware dirty bit management
06-16 16:35:26.497     0     0 I         : -(4)[0:swapper/4]Detected PIPT I-cache on CPU4
06-16 16:35:26.497     0     0 W -(4)[0:swapper/4]CPU features: SANITY CHECK: Unexpected variation in SYS_CTR_EL0. Boot CPU: 0x00000084448004, CPU4: 0x0000009444c004
06-16 16:35:26.497     0     0 W -(4)[0:swapper/4]CPU features: SANITY CHECK: Unexpected variation in SYS_ID_ISAR4_EL1. Boot CPU: 0x00000000011142, CPU4: 0x00000000010142
06-16 16:35:26.497     0     0 W -(4)[0:swapper/4]CPU features: SANITY CHECK: Unexpected variation in SYS_ID_PFR0_EL1. Boot CPU: 0x00000010000131, CPU4: 0x00000010010131
06-16 16:35:26.497     0     0 W -(4)[0:swapper/4]CPU features: SANITY CHECK: Unexpected variation in SYS_ID_PFR1_EL1. Boot CPU: 0x00000010011011, CPU4: 0x00000010010000
06-16 16:35:26.497     0     0 W -(4)[0:swapper/4]CPU features: Unsupported CPU feature variation detected.
06-16 16:35:26.497     0     0 I -(4)[0:swapper/4]GICv3: CPU4: found redistributor 400 region 0:0x000000000c0c0000
06-16 16:35:26.497     0     0 I -(4)[0:swapper/4]CPU4: Booted secondary processor 0x0000000400 [0x411fd410]
06-16 16:35:26.498     0     0 I         : -(5)[0:swapper/5]Detected PIPT I-cache on CPU5
06-16 16:35:26.498     0     0 W -(5)[0:swapper/5]CPU features: SANITY CHECK: Unexpected variation in SYS_CTR_EL0. Boot CPU: 0x00000084448004, CPU5: 0x0000009444c004
06-16 16:35:26.498     0     0 W -(5)[0:swapper/5]CPU features: SANITY CHECK: Unexpected variation in SYS_ID_ISAR4_EL1. Boot CPU: 0x00000000011142, CPU5: 0x00000000010142
06-16 16:35:26.498     0     0 W -(5)[0:swapper/5]CPU features: SANITY CHECK: Unexpected variation in SYS_ID_PFR0_EL1. Boot CPU: 0x00000010000131, CPU5: 0x00000010010131
06-16 16:35:26.498     0     0 W -(5)[0:swapper/5]CPU features: SANITY CHECK: Unexpected variation in SYS_ID_PFR1_EL1. Boot CPU: 0x00000010011011, CPU5: 0x00000010010000
06-16 16:35:26.498     0     0 I -(5)[0:swapper/5]GICv3: CPU5: found redistributor 500 region 0:0x000000000c0e0000
06-16 16:35:26.498     0     0 I -(5)[0:swapper/5]CPU5: Booted secondary processor 0x0000000500 [0x411fd410]
06-16 16:35:26.499     0     0 I         : -(6)[0:swapper/6]Detected PIPT I-cache on CPU6
06-16 16:35:26.499     0     0 W -(6)[0:swapper/6]CPU features: SANITY CHECK: Unexpected variation in SYS_CTR_EL0. Boot CPU: 0x00000084448004, CPU6: 0x0000009444c004
06-16 16:35:26.499     0     0 W -(6)[0:swapper/6]CPU features: SANITY CHECK: Unexpected variation in SYS_ID_ISAR4_EL1. Boot CPU: 0x00000000011142, CPU6: 0x00000000010142
06-16 16:35:26.499     0     0 W -(6)[0:swapper/6]CPU features: SANITY CHECK: Unexpected variation in SYS_ID_PFR0_EL1. Boot CPU: 0x00000010000131, CPU6: 0x00000010010131
06-16 16:35:26.499     0     0 W -(6)[0:swapper/6]CPU features: SANITY CHECK: Unexpected variation in SYS_ID_PFR1_EL1. Boot CPU: 0x00000010011011, CPU6: 0x00000010010000
06-16 16:35:26.499     0     0 I -(6)[0:swapper/6]GICv3: CPU6: found redistributor 600 region 0:0x000000000c100000
06-16 16:35:26.499     0     0 I -(6)[0:swapper/6]CPU6: Booted secondary processor 0x0000000600 [0x411fd410]
06-16 16:35:26.500     0     0 I         : -(7)[0:swapper/7]Detected PIPT I-cache on CPU7
06-16 16:35:26.500     0     0 W -(7)[0:swapper/7]CPU features: SANITY CHECK: Unexpected variation in SYS_CTR_EL0. Boot CPU: 0x00000084448004, CPU7: 0x0000009444c004
06-16 16:35:26.500     0     0 W -(7)[0:swapper/7]CPU features: SANITY CHECK: Unexpected variation in SYS_ID_ISAR4_EL1. Boot CPU: 0x00000000011142, CPU7: 0x00000000010142
06-16 16:35:26.500     0     0 W -(7)[0:swapper/7]CPU features: SANITY CHECK: Unexpected variation in SYS_ID_PFR0_EL1. Boot CPU: 0x00000010000131, CPU7: 0x00000010010131
06-16 16:35:26.500     0     0 W -(7)[0:swapper/7]CPU features: SANITY CHECK: Unexpected variation in SYS_ID_PFR1_EL1. Boot CPU: 0x00000010011011, CPU7: 0x00000010010000
06-16 16:35:26.500     0     0 I -(7)[0:swapper/7]GICv3: CPU7: found redistributor 700 region 0:0x000000000c120000
06-16 16:35:26.500     0     0 I -(7)[0:swapper/7]CPU7: Booted secondary processor 0x0000000700 [0x411fd410]
06-16 16:35:26.500     1     1 I (0)[1:swapper/0]smp: Brought up 1 node, 8 CPUs
06-16 16:35:26.500     1     1 I (0)[1:swapper/0]SMP: Total of 8 processors activated.
06-16 16:35:26.500     1     1 I (0)[1:swapper/0]CPU features: detected: GIC system register CPU interface
06-16 16:35:26.500     1     1 I (0)[1:swapper/0]CPU features: detected: Privileged Access Never
06-16 16:35:26.500     1     1 I (0)[1:swapper/0]CPU features: detected: LSE atomic instructions
06-16 16:35:26.500     1     1 I (0)[1:swapper/0]CPU features: detected: User Access Override
06-16 16:35:26.500     1     1 I (0)[1:swapper/0]CPU features: detected: 32-bit EL0 Support
06-16 16:35:26.500     1     1 I (0)[1:swapper/0]CPU features: detected: RAS Extension Support
06-16 16:35:26.532     1     1 I (0)[1:swapper/0]CPU: All CPU(s) started at EL1
06-16 16:35:26.532    13    13 I -(0)[13:migration/0]alternatives: patching kernel code
06-16 16:35:26.535     1     1 I (0)[1:swapper/0]CPU7: update max cpu_capacity 1024
06-16 16:35:26.536     0     0 I (2)[0:swapper/2]CPU2: update max cpu_capacity 227
06-16 16:35:26.536     0     0 I (6)[0:swapper/6]CPU6: update max cpu_capacity 876
06-16 16:35:26.548     0     0 I (7)[0:swapper/7]CPU7: update max cpu_capacity 1024
06-16 16:35:26.552     1     1 I         : (4)[1:swapper/0]Registered cp15_barrier emulation handler
06-16 16:35:26.552     1     1 I         : (4)[1:swapper/0]Registered setend emulation handler
06-16 16:35:29.718   477   477 I hwservicemanager: getDeviceHalManifest: Successfully processed VINTF information
06-16 16:35:26.552     1     1 I (4)[1:swapper/0]clocksource: jiffies: mask: 0xffffffff max_cycles: 0xffffffff, max_idle_ns: 7645041785100000 ns
06-16 16:35:26.552     1     1 I         : (4)[1:swapper/0]futex hash table entries: 2048 (order: 5, 131072 bytes)
06-16 16:35:26.556     1     1 I (4)[1:swapper/0]pinctrl core: initialized pinctrl subsystem
06-16 16:35:29.719   477   477 I hwservicemanager: getFrameworkHalManifest: Successfully processed VINTF information
06-16 16:35:26.556     1     1 I (4)[1:swapper/0]set_sram_flag_timestamp: tick=0x76e32e0, ts=68403999
06-16 16:35:26.556     1     1 I (4)[1:swapper/0]set_sram_flag_timestamp: kernel_start_tick = 0x760a13c
06-16 16:35:26.556     1     1 I (4)[1:swapper/0]mtk_dbgtop_get_base_addr: compatible node found: dbgtop
06-16 16:35:26.556     1     1 I         : (4)[1:swapper/0]In dfd init
06-16 16:35:26.556     1     1 I (4)[1:swapper/0]dfd_init: Latch offset is 0x44
06-16 16:35:26.556     1     1 I (4)[1:swapper/0]dfd_init: get topdbg base success
06-16 16:35:26.556     1     1 I (4)[1:swapper/0]Linked base: 0x0
06-16 16:35:26.557     1     1 I (4)[1:swapper/0]NET: Registered protocol family 16
06-16 16:35:26.557     1     1 I (4)[1:swapper/0]schedtune: configured to support 10 boost groups
06-16 16:35:26.557     1     1 I (4)[1:swapper/0]audit: initializing netlink subsys (disabled)
06-16 16:35:29.719   477   477 I hwservicemanager: hwservicemanager is ready now.
06-16 16:35:29.719   477   477 E cutils-trace: Error opening trace file: No such file or directory (2)
01-01 08:00:00.040   474   474 I auditd  : type=2000 audit(0.0:1): state=initialized audit_enabled=0 res=1
01-01 08:00:00.040   474   474 W auditd  : type=2000 audit(0.0:1): state=initialized audit_enabled=0 res=1
06-16 16:35:26.557     1     1 I (4)[1:swapper/0]ramoops: using module parameters
06-16 16:35:26.558     1     1 I         : (4)[1:swapper/0]console [pstore-1] enabled
06-16 16:35:26.558     1     1 I (4)[1:swapper/0]pstore: Registered ramoops as persistent store backend
06-16 16:35:26.558     1     1 I (4)[1:swapper/0]ramoops: attached 0xe0000@0x48090000, ecc: 0/0
06-16 16:35:26.558     1     1 I (4)[1:swapper/0]bus_tracer_init: running...
06-16 16:35:26.558     1     1 I (4)[1:swapper/0]cpuidle: using governor menu
06-16 16:35:26.558     1     1 I (4)[1:swapper/0]cpuidle: using governor mtk_menu
06-16 16:35:26.558     1     1 I (4)[1:swapper/0]hw-breakpoint: found 6 breakpoint and 4 watchpoint registers.
06-16 16:35:26.559     1     1 I (4)[1:swapper/0]DMA: preallocated 256 KiB pool for atomic allocations
06-16 16:35:26.559     1     1 I         : (4)[1:swapper/0][Power/PPM] cluster_num = 3
06-16 16:35:26.559     1     1 I         : (4)[1:swapper/0][Power/PPM] ppm cluster 0 -> core_num = 4, cpu_id = 0
06-16 16:35:26.559     1     1 I         : (4)[1:swapper/0][Power/PPM] ppm cluster 1 -> core_num = 3, cpu_id = 4
06-16 16:35:26.559     1     1 I         : (4)[1:swapper/0][Power/PPM] ppm cluster 2 -> core_num = 1, cpu_id = 7
06-16 16:35:26.559     1     1 I (4)[1:swapper/0][Power/PPM] @ppm_main_data_init: done!
06-16 16:35:26.559     1     1 I (4)[1:swapper/0][Power/PPM] @ppm_main_pdrv_probe: ppm probe done!
06-16 16:35:26.559     1     1 I         : (4)[1:swapper/0][Power/PPM] ppm_profile_init done
06-16 16:35:26.559     1     1 I         : (4)[1:swapper/0][Power/PPM] ppm driver init done (no DoE)!
--------- beginning of system
06-16 16:35:29.721   481   481 I vold    : Vold 3.0 (the awakening) firing up
06-16 16:35:26.559     1     1 I (4)[1:swapper/0]mrdump_parse_chosen: mrdump_cbaddr=0x000000000011e000, mrdump_cbsize=0x0000000000002000
06-16 16:35:26.559     1     1 I (4)[1:swapper/0]mrdump_parse_chosen: lk version MRDUMP11
06-16 16:35:26.559     1     1 I (4)[1:swapper/0]mrdump_parse_chosen: ddr reserve mode yes
06-16 16:35:26.559     1     1 I (4)[1:swapper/0]mrdump_dbgtop_dram_reserved: Trying to enable DDR Reserve Mode(1)
06-16 16:35:29.721   481   481 D vold    : Detected support for: ext4 f2fs vfat
06-16 16:35:26.559     1     1 I (4)[1:swapper/0]mtk_dbgtop_dram_reserved: MTK_DBGTOP_MODE(0x1)
06-16 16:35:26.559     1     1 I (4)[1:swapper/0]mrdump_dbgtop_dram_reserved: DDR reserved mode enable ok
06-16 16:35:26.559     1     1 I (4)[1:swapper/0]mrdump_hw_init: init_done.
06-16 16:35:26.559     1     1 I         : (4)[1:swapper/0]dfd setup
06-16 16:35:26.559     1     1 I (4)[1:swapper/0]mtk_dbgtop_dfd_count_en: MTK_DBGTOP_LATCH_CTL2(0x200a0)
06-16 16:35:26.559     1     1 I (4)[1:swapper/0]mtk_dbgtop_dfd_therm1_dis: MTK_DBGTOP_LATCH_CTL2(0x600a0)
06-16 16:35:26.559     1     1 I (4)[1:swapper/0]mtk_dbgtop_dfd_therm2_dis: MTK_DBGTOP_LATCH_CTL2(0x600a0)
06-16 16:35:26.559     1     1 I (4)[1:swapper/0]mrdump_hw_init: DFD enabled
06-16 16:35:26.563     1     1 I (4)[1:swapper/0]mrdump_cblock_init: done.
06-16 16:35:26.563     1     1 I (4)[1:swapper/0]minirdump: [DT] reserved 0x48170000+0x10000->(____ptrval____)
06-16 16:35:26.563     1     1 I         : (4)[1:swapper/0][gz_log_page_init] set by static_map, virt addr:(____ptrval____), sz:0x41000
06-16 16:35:26.563     1     1 I         : (4)[1:swapper/0][get_gz_log_buffer] virtual address:0xffffffcc3f400000, paddr:0x7f400000
06-16 16:35:26.563     1     1 I (4)[1:swapper/0]mrdump_full_init: MT-RAMDUMP enabled done
06-16 16:35:26.563     1     1 I         : (4)[1:swapper/0][cmdq] cmdq_drv_init enter
06-16 16:35:26.588     1     1 I (4)[1:swapper/0]platform 18000000.wifi: assigned reserved memory node wifi-reserve-memory
06-16 16:35:26.590     1     1 I (4)[1:swapper/0]platform ssmr: assigned reserved memory node ssmr-reserved-cma_memory
06-16 16:35:26.595     1     1 I (4)[1:swapper/0]platform scp_dvfs: Linked as a consumer to 10000000.syscon
06-16 16:35:26.595     1     1 I (4)[1:swapper/0]platform 1100c000.btif: Linked as a consumer to 10001000.syscon
06-16 16:35:26.595     1     1 I (4)[1:swapper/0]platform 10026000.pwrap: Linked as a consumer to 10001000.syscon
06-16 16:35:26.595     1     1 I (4)[1:swapper/0]platform 10026000.pwrap: Linked as a consumer to 10000000.syscon
06-16 16:35:26.595     1     1 E (4)[1:swapper/0]OF: /pwrap@10026000/mt6359-pmic/mtk_ts_pmic: could not get #interconnect-cells for /pwrap@10026000/mt6359-pmic/mt635x-auxadc
06-16 16:35:26.596     1     1 I (4)[1:swapper/0]platform 10014000.dpmaif: Linked as a consumer to 10001000.syscon
06-16 16:35:26.596     1     1 I (4)[1:swapper/0]platform 10209000.ccifdriver: Linked as a consumer to 10001000.syscon
06-16 16:35:26.596     1     1 I (4)[1:swapper/0]platform 10209000.mddriver: Linked as a consumer to 10006000.scpsys
06-16 16:35:26.596     1     1 I (4)[1:swapper/0]platform 10209000.mddriver: Linked as a consumer to 10001000.syscon
06-16 16:35:26.596     1     1 I (4)[1:swapper/0]platform 1080b000.adsp_common: Linked as a consumer to 10006000.scpsys
06-16 16:35:26.596     1     1 I (4)[1:swapper/0]platform 1080b000.adsp_common: Linked as a consumer to 10000000.syscon
06-16 16:35:26.596     1     1 I (4)[1:swapper/0]platform 10800000.adsp_core0: Linked as a consumer to 1080b000.adsp_common
06-16 16:35:26.596     1     1 I (4)[1:swapper/0]platform 10800000.adsp_core1: Linked as a consumer to 1080b000.adsp_common
06-16 16:35:26.596     1     1 I (4)[1:swapper/0]platform 1411a000.m4u: Linked as a consumer to 14116000.syscon
06-16 16:35:26.596     1     1 I (4)[1:swapper/0]platform 1411a000.m4u: Linked as a consumer to 10006000.scpsys
06-16 16:35:26.596     1     1 I (4)[1:swapper/0]platform 1f027000.m4u: Linked as a consumer to 1f000000.syscon
06-16 16:35:26.596     1     1 I (4)[1:swapper/0]platform 1f027000.m4u: Linked as a consumer to 10006000.scpsys
06-16 16:35:26.596     1     1 I (4)[1:swapper/0]platform 19010000.m4u: Linked as a consumer to 19020000.syscon
06-16 16:35:26.596     1     1 I (4)[1:swapper/0]platform 19010000.m4u: Linked as a consumer to 10006000.scpsys
06-16 16:35:26.596     1     1 I (4)[1:swapper/0]platform 19015000.m4u: Linked as a consumer to 19020000.syscon
06-16 16:35:26.596     1     1 I (4)[1:swapper/0]platform 19015000.m4u: Linked as a consumer to 10006000.scpsys
06-16 16:35:26.596     1     1 I (4)[1:swapper/0]platform 10207000.devapc: Linked as a consumer to 10001000.syscon
06-16 16:35:26.596     1     1 I (4)[1:swapper/0]platform 10212000.cqdma-controller: Linked as a consumer to 10001000.syscon
06-16 16:35:26.596     1     1 I (4)[1:swapper/0]platform 10228000.gce_mbox: Linked as a consumer to 10001000.syscon
06-16 16:35:26.596     1     1 I (4)[1:swapper/0]platform 10228000.gce_mbox_sec: Linked as a consumer to 10228000.gce_mbox
06-16 16:35:26.596     1     1 I (4)[1:swapper/0]platform 10228000.gce_mbox_sec: Linked as a consumer to 10001000.syscon
06-16 16:35:26.596     1     1 I (4)[1:swapper/0]platform 11000a80.dma-controller: Linked as a consumer to 10001000.syscon
06-16 16:35:26.596     1     1 I (4)[1:swapper/0]platform 11002000.serial: Linked as a consumer to 10001000.syscon
06-16 16:35:26.596     1     1 I (4)[1:swapper/0]platform 11002000.serial: Linked as a consumer to 11000a80.dma-controller
06-16 16:35:26.596     1     1 I (4)[1:swapper/0]platform 11003000.serial: Linked as a consumer to 10001000.syscon
06-16 16:35:26.596     1     1 I (4)[1:swapper/0]platform 11003000.serial: Linked as a consumer to 11000a80.dma-controller
06-16 16:35:26.596     1     1 I (4)[1:swapper/0]platform 11201000.usb0: Linked as a consumer to usb-phy0@11e40000
06-16 16:35:26.596     1     1 I (4)[1:swapper/0]platform 11201000.usb0: Linked as a consumer to 10001000.syscon
06-16 16:35:26.596     1     1 I (4)[1:swapper/0]platform 11270000.ufshci: Linked as a consumer to 10001000.syscon
06-16 16:35:26.596     1     1 I (4)[1:swapper/0]platform 10318000.gce_mbox_m: Linked as a consumer to 10001000.syscon
06-16 16:35:26.596     1     1 I (4)[1:swapper/0]platform 10318000.gce_mbox_m_sec: Linked as a consumer to 10318000.gce_mbox_m
06-16 16:35:26.596     1     1 I (4)[1:swapper/0]platform 10318000.gce_mbox_m_sec: Linked as a consumer to 10001000.syscon
06-16 16:35:26.596     1     1 I (4)[1:swapper/0]platform cmdq-test: Linked as a consumer to 10228000.gce_mbox
06-16 16:35:26.596     1     1 I (4)[1:swapper/0]platform cmdq-test: Linked as a consumer to 10318000.gce_mbox_m
06-16 16:35:26.596     1     1 I (4)[1:swapper/0]platform cmdq-test: Linked as a consumer to 10228000.gce_mbox_sec
06-16 16:35:26.596     1     1 I (4)[1:swapper/0]platform cmdq-bw-mon: Linked as a consumer to 10228000.gce_mbox
06-16 16:35:26.596     1     1 I (4)[1:swapper/0]platform 10318000.gce: Linked as a consumer to 10228000.gce_mbox
06-16 16:35:26.596     1     1 I (4)[1:swapper/0]platform 10318000.gce: Linked as a consumer to 10318000.gce_mbox_m
06-16 16:35:26.596     1     1 I (4)[1:swapper/0]platform 10318000.gce: Linked as a consumer to 10001000.syscon
06-16 16:35:26.596     1     1 I (4)[1:swapper/0]platform 11006000.pwm: Linked as a consumer to 10001000.syscon
06-16 16:35:26.597     1     1 I (4)[1:swapper/0]platform 11278000.eem_fsm: Linked as a consumer to 10001000.syscon
06-16 16:35:26.597     1     1 I (4)[1:swapper/0]platform 1100b000.therm_ctrl: Linked as a consumer to 10001000.syscon
06-16 16:35:26.597     1     1 I (4)[1:swapper/0]platform 11001000.auxadc: Linked as a consumer to 10001000.syscon
06-16 16:35:26.597     1     1 I (4)[1:swapper/0]platform 13000000.mali: Linked as a consumer to ged
06-16 16:35:26.597     1     1 I (4)[1:swapper/0]platform gpufreq: Linked as a consumer to 10000000.syscon
06-16 16:35:26.597     1     1 I (4)[1:swapper/0]platform gpufreq: Linked as a consumer to 13fbf000.syscon
06-16 16:35:26.597     1     1 I (4)[1:swapper/0]platform gpufreq: Linked as a consumer to 10006000.scpsys
06-16 16:35:26.597     1     1 I (4)[1:swapper/0]platform ged: Linked as a consumer to gpufreq
06-16 16:35:26.597     1     1 I (4)[1:swapper/0]platform 1f000000.mdpsys_config: Linked as a consumer to 1f000000.syscon
06-16 16:35:26.597     1     1 I (4)[1:swapper/0]platform 1f001000.mdp_mutex: Linked as a consumer to 1f000000.syscon
06-16 16:35:26.597     1     1 I (4)[1:swapper/0]platform 1f006000.mdp_rdma0: Linked as a consumer to 1f000000.syscon
06-16 16:35:26.597     1     1 I (4)[1:swapper/0]platform 1f006000.mdp_rdma0: Linked as a consumer to 10001000.syscon
06-16 16:35:26.597     1     1 I (4)[1:swapper/0]platform 1f006000.mdp_rdma0: Linked as a consumer to 10318000.gce_mbox_m_sec
06-16 16:35:26.597     1     1 I (4)[1:swapper/0]platform 1f006000.mdp_rdma0: Linked as a consumer to 10318000.gce_mbox_m
06-16 16:35:26.597     1     1 I (4)[1:swapper/0]platform 1f007000.mdp_rdma1: Linked as a consumer to 1f000000.syscon
06-16 16:35:26.597     1     1 I (4)[1:swapper/0]platform 1f008000.mdp_rdma2: Linked as a consumer to 1f000000.syscon
06-16 16:35:26.597     1     1 I (4)[1:swapper/0]platform 1f009000.mdp_rdma3: Linked as a consumer to 1f000000.syscon
06-16 16:35:26.597     1     1 I (4)[1:swapper/0]platform 1f00a000.mdp_fg0: Linked as a consumer to 1f000000.syscon
06-16 16:35:26.597     1     1 I (4)[1:swapper/0]platform 1f00b000.mdp_fg1: Linked as a consumer to 1f000000.syscon
06-16 16:35:26.597     1     1 I (4)[1:swapper/0]platform 1f00c000.mdp_aal0: Linked as a consumer to 1f000000.syscon
06-16 16:35:26.597     1     1 I (4)[1:swapper/0]platform 1f00d000.mdp_aal1: Linked as a consumer to 1f000000.syscon
06-16 16:35:26.597     1     1 I (4)[1:swapper/0]platform 1f00e000.mdp_aal2: Linked as a consumer to 1f000000.syscon
06-16 16:35:26.597     1     1 I (4)[1:swapper/0]platform 1f00f000.mdp_aal3: Linked as a consumer to 1f000000.syscon
06-16 16:35:26.597     1     1 I (4)[1:swapper/0]platform 1f010000.mdp_hdr0: Linked as a consumer to 1f000000.syscon
06-16 16:35:26.597     1     1 I (4)[1:swapper/0]platform 1f011000.mdp_hdr1: Linked as a consumer to 1f000000.syscon
06-16 16:35:26.597     1     1 I (4)[1:swapper/0]platform 1f012000.mdp_rsz0: Linked as a consumer to 1f000000.syscon
06-16 16:35:26.597     1     1 I (4)[1:swapper/0]platform 1f013000.mdp_rsz1: Linked as a consumer to 1f000000.syscon
06-16 16:35:26.597     1     1 I (4)[1:swapper/0]platform 1f014000.mdp_rsz2: Linked as a consumer to 1f000000.syscon
06-16 16:35:26.597     1     1 I (4)[1:swapper/0]platform 1f015000.mdp_rsz3: Linked as a consumer to 1f000000.syscon
06-16 16:35:26.597     1     1 I (4)[1:swapper/0]platform 1f016000.mdp_wrot0: Linked as a consumer to 1f000000.syscon
06-16 16:35:26.597     1     1 I (4)[1:swapper/0]platform 1f017000.mdp_wrot1: Linked as a consumer to 1f000000.syscon
06-16 16:35:26.597     1     1 I (4)[1:swapper/0]platform 1f018000.mdp_wrot2: Linked as a consumer to 1f000000.syscon
06-16 16:35:26.597     1     1 I (4)[1:swapper/0]platform 1f019000.mdp_wrot3: Linked as a consumer to 1f000000.syscon
06-16 16:35:26.597     1     1 I (4)[1:swapper/0]platform 1f01a000.mdp_tdshp0: Linked as a consumer to 1f000000.syscon
06-16 16:35:26.597     1     1 I (4)[1:swapper/0]platform 1f01b000.mdp_tdshp1: Linked as a consumer to 1f000000.syscon
06-16 16:35:26.597     1     1 I (4)[1:swapper/0]platform 1f01c000.mdp_tdshp2: Linked as a consumer to 1f000000.syscon
06-16 16:35:26.597     1     1 I (4)[1:swapper/0]platform 1f01d000.mdp_tdshp3: Linked as a consumer to 1f000000.syscon
06-16 16:35:26.597     1     1 I (4)[1:swapper/0]platform 1f01e000.mdp_tcc0: Linked as a consumer to 1f000000.syscon
06-16 16:35:26.597     1     1 I (4)[1:swapper/0]platform 1f01f000.mdp_tcc1: Linked as a consumer to 1f000000.syscon
06-16 16:35:26.597     1     1 I (4)[1:swapper/0]platform 1f020000.mdp_tcc2: Linked as a consumer to 1f000000.syscon
06-16 16:35:26.597     1     1 I (4)[1:swapper/0]platform 1f021000.mdp_tcc3: Linked as a consumer to 1f000000.syscon
06-16 16:35:26.597     1     1 I (4)[1:swapper/0]platform 1f02c000.mdp_color0: Linked as a consumer to 1f000000.syscon
06-16 16:35:26.597     1     1 I (4)[1:swapper/0]platform 1f02d000.mdp_color1: Linked as a consumer to 1f000000.syscon
06-16 16:35:29.723   481   481 W vold    : [libfs_mgr]Warning: unknown flag: resize
06-16 16:35:26.597     1     1 I (4)[1:swapper/0]platform mtkfb: Linked as a consumer to pinctrl
06-16 16:35:26.597     1     1 I (4)[1:swapper/0]platform dispsys: Linked as a consumer to 10006000.scpsys
06-16 16:35:26.597     1     1 I (4)[1:swapper/0]platform dispsys: Linked as a consumer to 14116000.syscon
06-16 16:35:26.597     1     1 I (4)[1:swapper/0]platform dispsys: Linked as a consumer to 10000000.syscon
06-16 16:35:26.597     1     1 I (4)[1:swapper/0]platform dispsys: Linked as a consumer to 10001000.syscon
06-16 16:35:26.597     1     1 I (4)[1:swapper/0]platform 1100e000.disp_pwm0: Linked as a consumer to 10001000.syscon
06-16 16:35:26.597     1     1 I (4)[1:swapper/0]platform 1100e000.disp_pwm0: Linked as a consumer to 10000000.syscon
06-16 16:35:26.597     1     1 I (4)[1:swapper/0]platform 1100e000.disp_pwm0: Linked as a consumer to pinctrl
06-16 16:35:26.597     1     1 I (4)[1:swapper/0]platform 14000000.disp_ovl: Linked as a consumer to 14116000.syscon
06-16 16:35:26.597     1     1 I (4)[1:swapper/0]platform 14000000.disp_ovl: Linked as a consumer to 1411a000.m4u
06-16 16:35:26.597     1     1 I (4)[1:swapper/0]platform 14001000.disp_ovl: Linked as a consumer to 14116000.syscon
06-16 16:35:26.597     1     1 I (4)[1:swapper/0]platform 14001000.disp_ovl: Linked as a consumer to 1411a000.m4u
06-16 16:35:26.597     1     1 I (4)[1:swapper/0]platform 14002000.disp_ovl: Linked as a consumer to 14116000.syscon
06-16 16:35:26.597     1     1 I (4)[1:swapper/0]platform 14002000.disp_ovl: Linked as a consumer to 1411a000.m4u
06-16 16:35:26.597     1     1 I (4)[1:swapper/0]platform 14003000.disp_rdma: Linked as a consumer to 14116000.syscon
06-16 16:35:26.597     1     1 I (4)[1:swapper/0]platform 14003000.disp_rdma: Linked as a consumer to 1411a000.m4u
06-16 16:35:26.597     1     1 I (4)[1:swapper/0]platform 14005000.disp_rdma: Linked as a consumer to 14116000.syscon
06-16 16:35:26.597     1     1 I (4)[1:swapper/0]platform 14005000.disp_rdma: Linked as a consumer to 1411a000.m4u
06-16 16:35:26.597     1     1 I (4)[1:swapper/0]platform 14006000.disp_wdma: Linked as a consumer to 14116000.syscon
06-16 16:35:26.597     1     1 I (4)[1:swapper/0]platform 14006000.disp_wdma: Linked as a consumer to 1411a000.m4u
06-16 16:35:26.597     1     1 I (4)[1:swapper/0]platform 14007000.disp_color: Linked as a consumer to 14116000.syscon
06-16 16:35:26.597     1     1 I (4)[1:swapper/0]platform 14008000.disp_ccorr: Linked as a consumer to 14116000.syscon
06-16 16:35:26.597     1     1 I (4)[1:swapper/0]platform 14009000.disp_aal: Linked as a consumer to 14116000.syscon
06-16 16:35:26.597     1     1 I (4)[1:swapper/0]platform 1400a000.disp_gamma: Linked as a consumer to 14116000.syscon
06-16 16:35:26.597     1     1 I (4)[1:swapper/0]platform 1400b000.disp_dither: Linked as a consumer to 14116000.syscon
06-16 16:35:26.598     1     1 I (4)[1:swapper/0]platform 1400c000.disp_rsz: Linked as a consumer to 14116000.syscon
06-16 16:35:26.598     1     1 I (4)[1:swapper/0]platform 1400d000.disp_postmask: Linked as a consumer to 14116000.syscon
06-16 16:35:26.598     1     1 I (4)[1:swapper/0]platform 1400d000.disp_postmask: Linked as a consumer to 1411a000.m4u
06-16 16:35:26.598     1     1 I (4)[1:swapper/0]platform 1400e000.dsi: Linked as a consumer to 14116000.syscon
06-16 16:35:26.598     1     1 I (4)[1:swapper/0]platform 1400e000.dsi: Linked as a consumer to 11e50000.mipi_tx_config
06-16 16:35:26.598     1     1 I (4)[1:swapper/0]platform 14010000.mdp_aal4: Linked as a consumer to 14116000.syscon
06-16 16:35:26.598     1     1 I (4)[1:swapper/0]platform 14015000.disp_merge: Linked as a consumer to 14116000.syscon
06-16 16:35:26.598     1     1 I (4)[1:swapper/0]platform 14100000.disp_ovl: Linked as a consumer to 14116000.syscon
06-16 16:35:26.598     1     1 I (4)[1:swapper/0]platform 14100000.disp_ovl: Linked as a consumer to 1411a000.m4u
06-16 16:35:26.598     1     1 I (4)[1:swapper/0]platform 14101000.disp_ovl: Linked as a consumer to 14116000.syscon
06-16 16:35:26.598     1     1 I (4)[1:swapper/0]platform 14101000.disp_ovl: Linked as a consumer to 1411a000.m4u
06-16 16:35:26.598     1     1 I (4)[1:swapper/0]platform 14102000.disp_ovl: Linked as a consumer to 14116000.syscon
06-16 16:35:26.598     1     1 I (4)[1:swapper/0]platform 14102000.disp_ovl: Linked as a consumer to 1411a000.m4u
06-16 16:35:26.598     1     1 I (4)[1:swapper/0]platform 14103000.disp_rdma: Linked as a consumer to 14116000.syscon
06-16 16:35:26.598     1     1 I (4)[1:swapper/0]platform 14103000.disp_rdma: Linked as a consumer to 1411a000.m4u
06-16 16:35:26.598     1     1 I (4)[1:swapper/0]platform 14105000.disp_rdma: Linked as a consumer to 14116000.syscon
06-16 16:35:26.598     1     1 I (4)[1:swapper/0]platform 14105000.disp_rdma: Linked as a consumer to 1411a000.m4u
06-16 16:35:26.598     1     1 I (4)[1:swapper/0]platform 14106000.disp_wdma: Linked as a consumer to 14116000.syscon
06-16 16:35:26.598     1     1 I (4)[1:swapper/0]platform 14106000.disp_wdma: Linked as a consumer to 1411a000.m4u
06-16 16:35:26.598     1     1 I (4)[1:swapper/0]platform 14107000.disp_color: Linked as a consumer to 14116000.syscon
06-16 16:35:26.598     1     1 I (4)[1:swapper/0]platform 14108000.disp_ccorr: Linked as a consumer to 14116000.syscon
06-16 16:35:26.598     1     1 I (4)[1:swapper/0]platform 14109000.disp_aal: Linked as a consumer to 14116000.syscon
06-16 16:35:26.598     1     1 I (4)[1:swapper/0]platform 1410a000.disp_gamma: Linked as a consumer to 14116000.syscon
06-16 16:35:26.598     1     1 I (4)[1:swapper/0]platform 1410b000.disp_dither: Linked as a consumer to 14116000.syscon
06-16 16:35:26.598     1     1 I (4)[1:swapper/0]platform 1410c000.disp_rsz: Linked as a consumer to 14116000.syscon
06-16 16:35:26.598     1     1 I (4)[1:swapper/0]platform 1410d000.disp_postmask: Linked as a consumer to 14116000.syscon
06-16 16:35:26.598     1     1 I (4)[1:swapper/0]platform 1410d000.disp_postmask: Linked as a consumer to 1411a000.m4u
06-16 16:35:26.598     1     1 I (4)[1:swapper/0]platform 1410e000.dsi: Linked as a consumer to 14116000.syscon
06-16 16:35:26.598     1     1 I (4)[1:swapper/0]platform 1410e000.dsi: Linked as a consumer to 11e60000.mipi_tx_config
06-16 16:35:26.598     1     1 I (4)[1:swapper/0]platform 14110000.mdp_aal5: Linked as a consumer to 14116000.syscon
06-16 16:35:26.598     1     1 I (4)[1:swapper/0]platform 14115000.disp_merge: Linked as a consumer to 14116000.syscon
06-16 16:35:26.598     1     1 I (4)[1:swapper/0]platform 14116000.dispsys_config: Linked as a consumer to 1411a000.m4u
06-16 16:35:26.598     1     1 I (4)[1:swapper/0]platform 14116000.dispsys_config: Linked as a consumer to 10006000.scpsys
06-16 16:35:26.598     1     1 I (4)[1:swapper/0]platform 14116000.dispsys_config: Linked as a consumer to 14116000.syscon
06-16 16:35:26.598     1     1 I (4)[1:swapper/0]platform 14116000.dispsys_config: Linked as a consumer to 10228000.gce_mbox
06-16 16:35:26.598     1     1 I (4)[1:swapper/0]platform 14116000.dispsys_config: Linked as a consumer to pinctrl
06-16 16:35:26.598     1     1 I (4)[1:swapper/0]platform 14117000.disp_mutex: Linked as a consumer to 14116000.syscon
06-16 16:35:26.598     1     1 I (4)[1:swapper/0]platform mmdvfs_pmqos: Linked as a consumer to 10000000.syscon
06-16 16:35:26.598     1     1 I (4)[1:swapper/0]platform 14124000.disp_dsc_wrap: Linked as a consumer to 14116000.syscon
06-16 16:35:26.598     1     1 I (4)[1:swapper/0]platform 14125000.dp_intf: Linked as a consumer to 14116000.syscon
06-16 16:35:26.598     1     1 I (4)[1:swapper/0]platform 14125000.dp_intf: Linked as a consumer to 10000000.syscon
06-16 16:35:26.598     1     1 E (4)[1:swapper/0]OF: /dp_intf@14125000: could not get #phy-cells for /dp_tx@14800000
06-16 16:35:26.598     1     1 I (4)[1:swapper/0]platform 14800000.dp_tx: Linked as a consumer to 10006000.scpsys
06-16 16:35:26.598     1     1 I (4)[1:swapper/0]platform 1a004000.seninf_top: Linked as a consumer to 10006000.scpsys
06-16 16:35:26.598     1     1 I (4)[1:swapper/0]platform 1a004000.seninf_top: Linked as a consumer to 1a000000.syscon
06-16 16:35:26.598     1     1 I (4)[1:swapper/0]platform 1a004000.seninf_top: Linked as a consumer to 10000000.syscon
06-16 16:35:26.598     1     1 I (4)[1:swapper/0]platform kd_camera_hw1@1a004000: Linked as a consumer to pinctrl
06-16 16:35:26.598     1     1 I (4)[1:swapper/0]platform 1a000000.camsys: Linked as a consumer to 10006000.scpsys
06-16 16:35:26.598     1     1 I (4)[1:swapper/0]platform 1a000000.camsys: Linked as a consumer to 1a000000.syscon
06-16 16:35:26.598     1     1 I (4)[1:swapper/0]platform 1a000000.camsys: Linked as a consumer to 1a04f000.syscon
06-16 16:35:26.598     1     1 I (4)[1:swapper/0]platform 1a000000.camsys: Linked as a consumer to 1a06f000.syscon
06-16 16:35:26.598     1     1 I (4)[1:swapper/0]platform 1a000000.camsys: Linked as a consumer to 1a08f000.syscon
06-16 16:35:26.598     1     1 I (4)[1:swapper/0]platform 1a000000.camsys: Linked as a consumer to 10000000.syscon
06-16 16:35:26.598     1     1 I (4)[1:swapper/0]platform 15020000.imgsys_config: Linked as a consumer to 15020000.syscon
06-16 16:35:26.598     1     1 I (4)[1:swapper/0]platform 15020000.imgsys_config: Linked as a consumer to 15820000.syscon
06-16 16:35:26.598     1     1 I (4)[1:swapper/0]platform 15011000.wpe_a: Linked as a consumer to 15020000.syscon
06-16 16:35:26.598     1     1 I (4)[1:swapper/0]platform 15811000.wpe_b: Linked as a consumer to 15820000.syscon
06-16 16:35:26.598     1     1 I (4)[1:swapper/0]platform 15012000.mss: Linked as a consumer to 10318000.gce_mbox_m
06-16 16:35:26.598     1     1 I (4)[1:swapper/0]platform 15010000.msf: Linked as a consumer to 10318000.gce_mbox_m
06-16 16:35:26.598     1     1 I (4)[1:swapper/0]platform 15010000.msf: Linked as a consumer to 15020000.syscon
06-16 16:35:26.599     1     1 I (4)[1:swapper/0]platform 17020000.venc: Linked as a consumer to 1411a000.m4u
06-16 16:35:26.599     1     1 I (4)[1:swapper/0]platform 17020000.venc: Linked as a consumer to 17000000.syscon
06-16 16:35:26.599     1     1 I (4)[1:swapper/0]platform 17020000.venc: Linked as a consumer to 17800000.syscon
06-16 16:35:26.599     1     1 I (4)[1:swapper/0]platform 17030000.jpgenc: Linked as a consumer to 1411a000.m4u
06-16 16:35:26.599     1     1 I (4)[1:swapper/0]platform 17030000.jpgenc: Linked as a consumer to 17000000.syscon
06-16 16:35:26.599     1     1 I (4)[1:swapper/0]platform 17040000.jpgdec: Linked as a consumer to 17000000.syscon
06-16 16:35:26.599     1     1 I (4)[1:swapper/0]platform 17040000.jpgdec: Linked as a consumer to 17800000.syscon
06-16 16:35:26.599     1     1 I (4)[1:swapper/0]platform 1b100000.dvs: Linked as a consumer to 10318000.gce_mbox_m
06-16 16:35:26.599     1     1 I (4)[1:swapper/0]platform 1b100000.dvs: Linked as a consumer to 1411a000.m4u
06-16 16:35:26.599     1     1 I (4)[1:swapper/0]platform 1b100000.dvs: Linked as a consumer to 10000000.syscon
06-16 16:35:26.599     1     1 I (4)[1:swapper/0]platform 1b100000.dvs: Linked as a consumer to 1b000000.syscon
06-16 16:35:26.599     1     1 I (4)[1:swapper/0]platform 1b100000.dvp: Linked as a consumer to 1411a000.m4u
06-16 16:35:26.599     1     1 I (4)[1:swapper/0]platform 1b100000.dvp: Linked as a consumer to 10000000.syscon
06-16 16:35:26.599     1     1 I (4)[1:swapper/0]platform 1b100000.dvp: Linked as a consumer to 1b000000.syscon
06-16 16:35:26.599     1     1 I (4)[1:swapper/0]platform 17830000.jpgenc: Linked as a consumer to 1411a000.m4u
06-16 16:35:26.599     1     1 I (4)[1:swapper/0]platform 17830000.jpgenc: Linked as a consumer to 17800000.syscon
06-16 16:35:26.599     1     1 I (4)[1:swapper/0]platform 1411f000.smi_common: Linked as a consumer to 10006000.scpsys
06-16 16:35:26.599     1     1 I (4)[1:swapper/0]platform 1411f000.smi_common: Linked as a consumer to 14116000.syscon
06-16 16:35:26.599     1     1 I (4)[1:swapper/0]platform 14120000.disp_smi_subcom: Linked as a consumer to 10006000.scpsys
06-16 16:35:26.599     1     1 I (4)[1:swapper/0]platform 14121000.disp_smi_subcom1: Linked as a consumer to 10006000.scpsys
06-16 16:35:26.599     1     1 I (4)[1:swapper/0]platform 1f002000.mdp_smi_common: Linked as a consumer to 10006000.scpsys
06-16 16:35:26.599     1     1 I (4)[1:swapper/0]platform 1f002000.mdp_smi_common: Linked as a consumer to 1f000000.syscon
06-16 16:35:26.599     1     1 I (4)[1:swapper/0]platform 1f022000.sysram_smi_common: Linked as a consumer to 10006000.scpsys
06-16 16:35:26.599     1     1 I (4)[1:swapper/0]platform 1f022000.sysram_smi_common: Linked as a consumer to 1f000000.syscon
06-16 16:35:26.599     1     1 I (4)[1:swapper/0]platform 1f023000.mdp_smi_subcom: Linked as a consumer to 10006000.scpsys
